Component: ARM Compiler 5.06 update 1 (build 61) Tool: armlink [4d35a8]

==============================================================================

Section Cross References

    startup_stm32f407xx.o(RESET) refers to startup_stm32f407xx.o(STACK) for __initial_sp
    startup_stm32f407xx.o(RESET) refers to startup_stm32f407xx.o(.text) for Reset_Handler
    startup_stm32f407xx.o(RESET) refers to stm32f4xx_it.o(i.NMI_Handler) for NMI_Handler
    startup_stm32f407xx.o(RESET) refers to stm32f4xx_it.o(i.HardFault_Handler) for HardFault_Handler
    startup_stm32f407xx.o(RESET) refers to stm32f4xx_it.o(i.MemManage_Handler) for MemManage_Handler
    startup_stm32f407xx.o(RESET) refers to stm32f4xx_it.o(i.BusFault_Handler) for BusFault_Handler
    startup_stm32f407xx.o(RESET) refers to stm32f4xx_it.o(i.UsageFault_Handler) for UsageFault_Handler
    startup_stm32f407xx.o(RESET) refers to port.o(.emb_text) for SVC_Handler
    startup_stm32f407xx.o(RESET) refers to stm32f4xx_it.o(i.DebugMon_Handler) for DebugMon_Handler
    startup_stm32f407xx.o(RESET) refers to stm32f4xx_it.o(i.SysTick_Handler) for SysTick_Handler
    startup_stm32f407xx.o(RESET) refers to stm32f4xx_it.o(i.EXTI0_IRQHandler) for EXTI0_IRQHandler
    startup_stm32f407xx.o(RESET) refers to stm32f4xx_it.o(i.EXTI3_IRQHandler) for EXTI3_IRQHandler
    startup_stm32f407xx.o(RESET) refers to stm32f4xx_it.o(i.EXTI4_IRQHandler) for EXTI4_IRQHandler
    startup_stm32f407xx.o(RESET) refers to stm32f4xx_it.o(i.DMA1_Stream1_IRQHandler) for DMA1_Stream1_IRQHandler
    startup_stm32f407xx.o(RESET) refers to stm32f4xx_it.o(i.CAN1_RX0_IRQHandler) for CAN1_RX0_IRQHandler
    startup_stm32f407xx.o(RESET) refers to stm32f4xx_it.o(i.EXTI9_5_IRQHandler) for EXTI9_5_IRQHandler
    startup_stm32f407xx.o(RESET) refers to stm32f4xx_it.o(i.TIM2_IRQHandler) for TIM2_IRQHandler
    startup_stm32f407xx.o(RESET) refers to stm32f4xx_it.o(i.TIM3_IRQHandler) for TIM3_IRQHandler
    startup_stm32f407xx.o(RESET) refers to stm32f4xx_it.o(i.USART3_IRQHandler) for USART3_IRQHandler
    startup_stm32f407xx.o(RESET) refers to stm32f4xx_it.o(i.TIM8_BRK_TIM12_IRQHandler) for TIM8_BRK_TIM12_IRQHandler
    startup_stm32f407xx.o(RESET) refers to stm32f4xx_it.o(i.TIM6_DAC_IRQHandler) for TIM6_DAC_IRQHandler
    startup_stm32f407xx.o(RESET) refers to stm32f4xx_it.o(i.DMA2_Stream1_IRQHandler) for DMA2_Stream1_IRQHandler
    startup_stm32f407xx.o(RESET) refers to stm32f4xx_it.o(i.DMA2_Stream2_IRQHandler) for DMA2_Stream2_IRQHandler
    startup_stm32f407xx.o(RESET) refers to stm32f4xx_it.o(i.DMA2_Stream3_IRQHandler) for DMA2_Stream3_IRQHandler
    startup_stm32f407xx.o(RESET) refers to stm32f4xx_it.o(i.CAN2_RX0_IRQHandler) for CAN2_RX0_IRQHandler
    startup_stm32f407xx.o(RESET) refers to stm32f4xx_it.o(i.USART6_IRQHandler) for USART6_IRQHandler
    startup_stm32f407xx.o(.text) refers to system_stm32f4xx.o(i.SystemInit) for SystemInit
    startup_stm32f407xx.o(.text) refers to entry.o(.ARM.Collect$$$$00000000) for __main
    main.o(i.SystemClock_Config) refers to memseta.o(.text) for __aeabi_memclr4
    main.o(i.SystemClock_Config) refers to stm32f4xx_hal_rcc.o(i.HAL_RCC_OscConfig) for HAL_RCC_OscConfig
    main.o(i.SystemClock_Config) refers to stm32f4xx_hal_rcc.o(i.HAL_RCC_ClockConfig) for HAL_RCC_ClockConfig
    main.o(i.SystemClock_Config) refers to stm32f4xx_hal_rcc.o(i.HAL_RCC_GetHCLKFreq) for HAL_RCC_GetHCLKFreq
    main.o(i.SystemClock_Config) refers to stm32f4xx_hal_cortex.o(i.HAL_SYSTICK_Config) for HAL_SYSTICK_Config
    main.o(i.SystemClock_Config) refers to stm32f4xx_hal_cortex.o(i.HAL_SYSTICK_CLKSourceConfig) for HAL_SYSTICK_CLKSourceConfig
    main.o(i.SystemClock_Config) refers to stm32f4xx_hal_cortex.o(i.HAL_NVIC_SetPriority) for HAL_NVIC_SetPriority
    main.o(i.main) refers to stm32f4xx_hal.o(i.HAL_Init) for HAL_Init
    main.o(i.main) refers to main.o(i.SystemClock_Config) for SystemClock_Config
    main.o(i.main) refers to port.o(i.vPortEnterCritical) for vPortEnterCritical
    main.o(i.main) refers to bsp.o(i.BSP_Init) for BSP_Init
    main.o(i.main) refers to freertos.o(i.MX_FREERTOS_Init) for MX_FREERTOS_Init
    main.o(i.main) refers to port.o(i.vPortExitCritical) for vPortExitCritical
    main.o(i.main) refers to cmsis_os.o(i.osKernelStart) for osKernelStart
    gpio.o(i.MX_GPIO_Init) refers to memseta.o(.text) for __aeabi_memclr4
    gpio.o(i.MX_GPIO_Init) refers to stm32f4xx_hal_gpio.o(i.HAL_GPIO_WritePin) for HAL_GPIO_WritePin
    gpio.o(i.MX_GPIO_Init) refers to stm32f4xx_hal_gpio.o(i.HAL_GPIO_Init) for HAL_GPIO_Init
    gpio.o(i.MX_GPIO_Init) refers to stm32f4xx_hal_cortex.o(i.HAL_NVIC_SetPriority) for HAL_NVIC_SetPriority
    gpio.o(i.MX_GPIO_Init) refers to stm32f4xx_hal_cortex.o(i.HAL_NVIC_EnableIRQ) for HAL_NVIC_EnableIRQ
    can.o(i.CanFilter_Init) refers to stm32f4xx_hal_can.o(i.HAL_CAN_ConfigFilter) for HAL_CAN_ConfigFilter
    can.o(i.CanFilter_Init) refers to can.o(.bss) for .bss
[...]
    FMC_IRQHandler                           0x08000277   Thumb Code     0  startup_stm32f407xx.o(.text)
    FPU_IRQHandler                           0x08000277   Thumb Code     0  startup_stm32f407xx.o(.text)
    HASH_RNG_IRQHandler                      0x08000277   Thumb Code     0  startup_stm32f407xx.o(.text)
    I2C1_ER_IRQHandler                       0x08000277   Thumb Code     0  startup_stm32f407xx.o(.text)
    I2C1_EV_IRQHandler                       0x08000277   Thumb Code     0  startup_stm32f407xx.o(.text)
    I2C2_ER_IRQHandler                       0x08000277   Thumb Code     0  startup_stm32f407xx.o(.text)
    I2C2_EV_IRQHandler                       0x08000277   Thumb Code     0  startup_stm32f407xx.o(.text)
    I2C3_ER_IRQHandler                       0x08000277   Thumb Code     0  startup_stm32f407xx.o(.text)
    I2C3_EV_IRQHandler                       0x08000277   Thumb Code     0  startup_stm32f407xx.o(.text)
    OTG_FS_IRQHandler                        0x08000277   Thumb Code     0  startup_stm32f407xx.o(.text)
    OTG_FS_WKUP_IRQHandler                   0x08000277   Thumb Code     0  startup_stm32f407xx.o(.text)
    OTG_HS_EP1_IN_IRQHandler                 0x08000277   Thumb Code     0  startup_stm32f407xx.o(.text)
    OTG_HS_EP1_OUT_IRQHandler                0x08000277   Thumb Code     0  startup_stm32f407xx.o(.text)
    OTG_HS_IRQHandler                        0x08000277   Thumb Code     0  startup_stm32f407xx.o(.text)
    OTG_HS_WKUP_IRQHandler                   0x08000277   Thumb Code     0  startup_stm32f407xx.o(.text)
    PVD_IRQHandler                           0x08000277   Thumb Code     0  startup_stm32f407xx.o(.text)
    RCC_IRQHandler                           0x08000277   Thumb Code     0  startup_stm32f407xx.o(.text)
    RTC_Alarm_IRQHandler                     0x08000277   Thumb Code     0  startup_stm32f407xx.o(.text)
    RTC_WKUP_IRQHandler                      0x08000277   Thumb Code     0  startup_stm32f407xx.o(.text)
    SDIO_IRQHandler                          0x08000277   Thumb Code     0  startup_stm32f407xx.o(.text)
    SPI1_IRQHandler                          0x08000277   Thumb Code     0  startup_stm32f407xx.o(.text)
    SPI2_IRQHandler                          0x08000277   Thumb Code     0  startup_stm32f407xx.o(.text)
    SPI3_IRQHandler                          0x08000277   Thumb Code     0  startup_stm32f407xx.o(.text)
    TAMP_STAMP_IRQHandler                    0x08000277   Thumb Code     0  startup_stm32f407xx.o(.text)
    TIM1_BRK_TIM9_IRQHandler                 0x08000277   Thumb Code     0  startup_stm32f407xx.o(.text)
    TIM1_CC_IRQHandler                       0x08000277   Thumb Code     0  startup_stm32f407xx.o(.text)
    TIM1_TRG_COM_TIM11_IRQHandler            0x08000277   Thumb Code     0  startup_stm32f407xx.o(.text)
    TIM1_UP_TIM10_IRQHandler                 0x08000277   Thumb Code     0  startup_stm32f407xx.o(.text)
    TIM4_IRQHandler                          0x08000277   Thumb Code     0  startup_stm32f407xx.o(.text)
    TIM5_IRQHandler                          0x08000277   Thumb Code     0  startup_stm32f407xx.o(.text)
    TIM7_IRQHandler                          0x08000277   Thumb Code     0  startup_stm32f407xx.o(.text)
    TIM8_CC_IRQHandler                       0x08000277   Thumb Code     0  startup_stm32f407xx.o(.text)
    TIM8_TRG_COM_TIM14_IRQHandler            0x08000277   Thumb Code     0  startup_stm32f407xx.o(.text)
    TIM8_UP_TIM13_IRQHandler                 0x08000277   Thumb Code     0  startup_stm32f407xx.o(.text)
    UART4_IRQHandler                         0x08000277   Thumb Code     0  startup_stm32f407xx.o(.text)
    UART5_IRQHandler                         0x08000277   Thumb Code     0  startup_stm32f407xx.o(.text)
    USART1_IRQHandler                        0x08000277   Thumb Code     0  startup_stm32f407xx.o(.text)
    USART2_IRQHandler                        0x08000277   Thumb Code     0  startup_stm32f407xx.o(.text)
    WWDG_IRQHandler                          0x08000277   Thumb Code     0  startup_stm32f407xx.o(.text)
    arm_sin_cos_f32                          0x08000281   Thumb Code   242  arm_sin_cos_f32.o(.text)
    __aeabi_uldivmod                         0x08000385   Thumb Code    98  uldiv.o(.text)
    __aeabi_memcpy                           0x080003e7   Thumb Code    36  memcpya.o(.text)
    __aeabi_memcpy4                          0x080003e7   Thumb Code     0  memcpya.o(.text)
    __aeabi_memcpy8                          0x080003e7   Thumb Code     0  memcpya.o(.text)
    __aeabi_memset                           0x0800040b   Thumb Code    14  memseta.o(.text)
    __aeabi_memset4                          0x0800040b   Thumb Code     0  memseta.o(.text)
    __aeabi_memset8                          0x0800040b   Thumb Code     0  memseta.o(.text)
    __aeabi_memclr                           0x08000419   Thumb Code     4  memseta.o(.text)
    __aeabi_memclr4                          0x08000419   Thumb Code     0  memseta.o(.text)
    __aeabi_memclr8                          0x08000419   Thumb Code     0  memseta.o(.text)
    memset                                   0x0800041d   Thumb Code    18  memseta.o(.text)
    __aeabi_dadd                             0x0800042f   Thumb Code   322  dadd.o(.text)
    __aeabi_dsub                             0x08000571   Thumb Code     6  dadd.o(.text)
    __aeabi_drsub                            0x08000577   Thumb Code     6  dadd.o(.text)
    __aeabi_dmul                             0x0800057d   Thumb Code   228  dmul.o(.text)
    __aeabi_ddiv                             0x08000661   Thumb Code   222  ddiv.o(.text)
    __aeabi_i2d                              0x0800073f   Thumb Code    34  dflti.o(.text)
    __aeabi_ui2d                             0x08000761   Thumb Code    26  dfltui.o(.text)
    __aeabi_f2d                              0x0800077b   Thumb Code    38  f2d.o(.text)
    __aeabi_d2f                              0x080007a1   Thumb Code    56  d2f.o(.text)
    __aeabi_llsl                             0x080007d9   Thumb Code    30  llshl.o(.text)
    _ll_shift_l                              0x080007d9   Thumb Code     0  llshl.o(.text)
    __aeabi_llsr                             0x080007f7   Thumb Code    32  llushr.o(.text)
    _ll_ushift_r                             0x080007f7   Thumb Code     0  llushr.o(.text)
    __aeabi_lasr                             0x08000817   Thumb Code    36  llsshr.o(.text)
    _ll_sshift_r                             0x08000817   Thumb Code     0  llsshr.o(.text)
    __I$use$fp                               0x0800083b   Thumb Code     0  iusefp.o(.text)
    _float_round                             0x0800083b   Thumb Code    18  fepilogue.o(.text)
    _float_epilogue                          0x0800084d   Thumb Code    92  fepilogue.o(.text)
    _double_round                            0x080008a9   Thumb Code    30  depilogue.o(.text)
    _double_epilogue                         0x080008c7   Thumb Code   156  depilogue.o(.text)
    _dsqrt                                   0x08000963   Thumb Code   162  dsqrt.o(.text)
    __scatterload                            0x08000a05   Thumb Code    28  init.o(.text)
    __scatterload_rt2                        0x08000a05   Thumb Code     0  init.o(.text)
    __decompress                             0x08000a29   Thumb Code     0  __dczerorl2.o(.text)
    __decompress1                            0x08000a29   Thumb Code    86  __dczerorl2.o(.text)
    ABS_limit                                0x08000a7f   Thumb Code    42  pid.o(i.ABS_limit)
    AHRS_init                                0x08000aa9   Thumb Code    26  ins_task.o(i.AHRS_init)
    AHRS_update                              0x08000ac9   Thumb Code    24  ins_task.o(i.AHRS_update)
    Allocate_Motor                           0x08000ae5   Thumb Code    52  motor_use_can.o(i.Allocate_Motor)
    BMI088_ACCEL_NS_H                        0x08000b1d   Thumb Code    10  bmi088middleware.o(i.BMI088_ACCEL_NS_H)
    BMI088_ACCEL_NS_L                        0x08000b2d   Thumb Code    10  bmi088middleware.o(i.BMI088_ACCEL_NS_L)
    BMI088_GPIO_init                         0x08000b3d   Thumb Code     2  bmi088middleware.o(i.BMI088_GPIO_init)
    BMI088_GYRO_NS_H                         0x08000b41   Thumb Code    10  bmi088middleware.o(i.BMI088_GYRO_NS_H)
    BMI088_GYRO_NS_L                         0x08000b51   Thumb Code    10  bmi088middleware.o(i.BMI088_GYRO_NS_L)
    BMI088_accel_read_over                   0x08000b61   Thumb Code   120  bmi088driver.o(i.BMI088_accel_read_over)
    BMI088_com_init                          0x08000be1   Thumb Code     2  bmi088middleware.o(i.BMI088_com_init)
    BMI088_delay_ms                          0x08000be3   Thumb Code     4  bmi088middleware.o(i.BMI088_delay_ms)
    BMI088_delay_us                          0x08000be7   Thumb Code     4  bmi088middleware.o(i.BMI088_delay_us)
    BMI088_gyro_read_over                    0x08000bed   Thumb Code    92  bmi088driver.o(i.BMI088_gyro_read_over)
    BMI088_init                              0x08000c4d   Thumb Code    46  bmi088driver.o(i.BMI088_init)
    BMI088_read                              0x08000c7d   Thumb Code   340  bmi088driver.o(i.BMI088_read)
    BMI088_read_write_byte                   0x08000e11   Thumb Code    28  bmi088middleware.o(i.BMI088_read_write_byte)
    BMI088_temperature_read_over             0x08000e31   Thumb Code    46  bmi088driver.o(i.BMI088_temperature_read_over)
    BSP_Init                                 0x08000e71   Thumb Code   154  bsp.o(i.BSP_Init)
    Bsp_UART_Receive_DMA                     0x08000f25   Thumb Code   104  usart.o(i.Bsp_UART_Receive_DMA)
    Bsp_UART_Receive_IT                      0x08000f8d   Thumb Code    22  usart.o(i.Bsp_UART_Receive_IT)
    BusFault_Handler                         0x08000fa3   Thumb Code     2  stm32f4xx_it.o(i.BusFault_Handler)
    CAN1_RX0_IRQHandler                      0x08000fa5   Thumb Code     6  stm32f4xx_it.o(i.CAN1_RX0_IRQHandler)
    CAN2_RX0_IRQHandler                      0x08000fb1   Thumb Code     6  stm32f4xx_it.o(i.CAN2_RX0_IRQHandler)
    CAN_GET_CP                               0x08000fbd   Thumb Code     2  motor_use_can.o(i.CAN_GET_CP)
    CAN_GET_ERROR                            0x08000fbf   Thumb Code     2  motor_use_can.o(i.CAN_GET_ERROR)
    CAN_Send_Gimbal                          0x08000fc1   Thumb Code    82  motor_use_can.o(i.CAN_Send_Gimbal)
    CAN_Send_Remote                          0x08001019   Thumb Code    78  motor_use_can.o(i.CAN_Send_Remote)
    CanFilter_Init                           0x0800106d   Thumb Code    56  can.o(i.CanFilter_Init)
    Cloud_Platform_Motor                     0x080010a9   Thumb Code    54  motor_use_can.o(i.Cloud_Platform_Motor)
    DMA1_Stream1_IRQHandler                  0x080010e5   Thumb Code     6  stm32f4xx_it.o(i.DMA1_Stream1_IRQHandler)
    DMA2_Stream1_IRQHandler                  0x080010f1   Thumb Code     6  stm32f4xx_it.o(i.DMA2_Stream1_IRQHandler)
    DMA2_Stream2_IRQHandler                  0x080010fd   Thumb Code   678  stm32f4xx_it.o(i.DMA2_Stream2_IRQHandler)
    DMA2_Stream3_IRQHandler                  0x080013cd   Thumb Code     6  stm32f4xx_it.o(i.DMA2_Stream3_IRQHandler)
    DebugMon_Handler                         0x0800147d   Thumb Code     2  stm32f4xx_it.o(i.DebugMon_Handler)
    EXTI0_IRQHandler                         0x0800147f   Thumb Code     6  stm32f4xx_it.o(i.EXTI0_IRQHandler)
    EXTI3_IRQHandler                         0x08001485   Thumb Code     6  stm32f4xx_it.o(i.EXTI3_IRQHandler)
    EXTI4_IRQHandler                         0x0800148b   Thumb Code     6  stm32f4xx_it.o(i.EXTI4_IRQHandler)
    EXTI9_5_IRQHandler                       0x08001491   Thumb Code     6  stm32f4xx_it.o(i.EXTI9_5_IRQHandler)
    Error_Handler                            0x08001497   Thumb Code     2  main.o(i.Error_Handler)
    Friction_Wheel_Motor                     0x08001499   Thumb Code     8  motor_use_tim.o(i.Friction_Wheel_Motor)
    GUN_Init                                 0x080014a5   Thumb Code   126  motor_use_tim.o(i.GUN_Init)
    GetSystemTimer                           0x0800152d   Thumb Code    62  systemstate.o(i.GetSystemTimer)
    Get_MiniPC_Data                          0x08001579   Thumb Code    48  minipc.o(i.Get_MiniPC_Data)
    Gimbal_Task                              0x080015b1   Thumb Code  1080  gimbal_control.o(i.Gimbal_Task)
    Gun_Pid_Init                             0x080019ed   Thumb Code   134  gun_control.o(i.Gun_Pid_Init)
    Gun_Task                                 0x08001a99   Thumb Code   558  gun_control.o(i.Gun_Task)
    HAL_CAN_ActivateNotification             0x08001d05   Thumb Code    36  stm32f4xx_hal_can.o(i.HAL_CAN_ActivateNotification)
    HAL_CAN_AddTxMessage                     0x08001d29   Thumb Code   200  stm32f4xx_hal_can.o(i.HAL_CAN_AddTxMessage)
    HAL_CAN_ConfigFilter                     0x08001df1   Thumb Code   262  stm32f4xx_hal_can.o(i.HAL_CAN_ConfigFilter)
    HAL_CAN_ErrorCallback                    0x08001efd   Thumb Code     2  stm32f4xx_hal_can.o(i.HAL_CAN_ErrorCallback)
    HAL_CAN_GetRxMessage                     0x08001eff   Thumb Code   232  stm32f4xx_hal_can.o(i.HAL_CAN_GetRxMessage)
    HAL_CAN_IRQHandler                       0x08001fe7   Thumb Code   508  stm32f4xx_hal_can.o(i.HAL_CAN_IRQHandler)
    HAL_CAN_Init                             0x080021e3   Thumb Code   282  stm32f4xx_hal_can.o(i.HAL_CAN_Init)
    HAL_CAN_MspInit                          0x080022fd   Thumb Code   226  can.o(i.HAL_CAN_MspInit)
    HAL_CAN_RxFifo0FullCallback              0x080023f9   Thumb Code     2  stm32f4xx_hal_can.o(i.HAL_CAN_RxFifo0FullCallback)
    HAL_CAN_RxFifo0MsgPendingCallback        0x080023fd   Thumb Code   306  stm32f4xx_it.o(i.HAL_CAN_RxFifo0MsgPendingCallback)
    HAL_CAN_RxFifo1FullCallback              0x08002551   Thumb Code     2  stm32f4xx_hal_can.o(i.HAL_CAN_RxFifo1FullCallback)
    HAL_CAN_RxFifo1MsgPendingCallback        0x08002553   Thumb Code     2  stm32f4xx_hal_can.o(i.HAL_CAN_RxFifo1MsgPendingCallback)
    HAL_CAN_SleepCallback                    0x08002555   Thumb Code     2  stm32f4xx_hal_can.o(i.HAL_CAN_SleepCallback)
    HAL_CAN_Start                            0x08002559   Thumb Code    88  stm32f4xx_hal_can.o(i.HAL_CAN_Start)
    HAL_CAN_TxMailbox0AbortCallback          0x080025b1   Thumb Code     2  stm32f4xx_hal_can.o(i.HAL_CAN_TxMailbox0AbortCallback)
    HAL_CAN_TxMailbox0CompleteCallback       0x080025b3   Thumb Code     2  stm32f4xx_hal_can.o(i.HAL_CAN_TxMailbox0CompleteCallback)
    HAL_CAN_TxMailbox1AbortCallback          0x080025b5   Thumb Code     2  stm32f4xx_hal_can.o(i.HAL_CAN_TxMailbox1AbortCallback)
    HAL_CAN_TxMailbox1CompleteCallback       0x080025b7   Thumb Code     2  stm32f4xx_hal_can.o(i.HAL_CAN_TxMailbox1CompleteCallback)
    HAL_CAN_TxMailbox2AbortCallback          0x080025b9   Thumb Code     2  stm32f4xx_hal_can.o(i.HAL_CAN_TxMailbox2AbortCallback)
    HAL_CAN_TxMailbox2CompleteCallback       0x080025bb   Thumb Code     2  stm32f4xx_hal_can.o(i.HAL_CAN_TxMailbox2CompleteCallback)
    HAL_CAN_WakeUpFromRxMsgCallback          0x080025bd   Thumb Code     2  stm32f4xx_hal_can.o(i.HAL_CAN_WakeUpFromRxMsgCallback)
    HAL_DMA_IRQHandler                       0x080025c1   Thumb Code   412  stm32f4xx_hal_dma.o(i.HAL_DMA_IRQHandler)
    HAL_DMA_Init                             0x08002761   Thumb Code   206  stm32f4xx_hal_dma.o(i.HAL_DMA_Init)
    HAL_DMA_Start                            0x08002835   Thumb Code    70  stm32f4xx_hal_dma.o(i.HAL_DMA_Start)
    HAL_Delay                                0x0800287d   Thumb Code    32  stm32f4xx_hal.o(i.HAL_Delay)
    HAL_GPIO_EXTI_Callback                   0x080028a1   Thumb Code   142  stm32f4xx_it.o(i.HAL_GPIO_EXTI_Callback)
    HAL_GPIO_EXTI_IRQHandler                 0x08002955   Thumb Code    18  stm32f4xx_hal_gpio.o(i.HAL_GPIO_EXTI_IRQHandler)
    HAL_GPIO_Init                            0x0800296d   Thumb Code   388  stm32f4xx_hal_gpio.o(i.HAL_GPIO_Init)
    HAL_GPIO_WritePin                        0x08002b1d   Thumb Code    10  stm32f4xx_hal_gpio.o(i.HAL_GPIO_WritePin)
    HAL_GetTick                              0x08002b29   Thumb Code     6  stm32f4xx_hal.o(i.HAL_GetTick)
    HAL_I2C_Init                             0x08002b35   Thumb Code   356  stm32f4xx_hal_i2c.o(i.HAL_I2C_Init)
    HAL_I2C_Mem_Read                         0x08002ca9   Thumb Code   490  stm32f4xx_hal_i2c.o(i.HAL_I2C_Mem_Read)
    HAL_I2C_Mem_Write                        0x08002ea1   Thumb Code   294  stm32f4xx_hal_i2c.o(i.HAL_I2C_Mem_Write)
    HAL_I2C_MspInit                          0x08002fd1   Thumb Code   118  i2c.o(i.HAL_I2C_MspInit)
    HAL_IncTick                              0x08003059   Thumb Code    12  stm32f4xx_hal.o(i.HAL_IncTick)
    HAL_Init                                 0x08003069   Thumb Code    48  stm32f4xx_hal.o(i.HAL_Init)
    HAL_InitTick                             0x0800309d   Thumb Code   102  stm32f4xx_hal_timebase_tim.o(i.HAL_InitTick)
    HAL_MspInit                              0x08003111   Thumb Code    52  stm32f4xx_hal_msp.o(i.HAL_MspInit)
    HAL_NVIC_EnableIRQ                       0x08003149   Thumb Code    26  stm32f4xx_hal_cortex.o(i.HAL_NVIC_EnableIRQ)
    HAL_NVIC_SetPriority                     0x08003165   Thumb Code    60  stm32f4xx_hal_cortex.o(i.HAL_NVIC_SetPriority)
    HAL_NVIC_SetPriorityGrouping             0x080031a5   Thumb Code    26  stm32f4xx_hal_cortex.o(i.HAL_NVIC_SetPriorityGrouping)
    HAL_RCC_ClockConfig                      0x080031c9   Thumb Code   286  stm32f4xx_hal_rcc.o(i.HAL_RCC_ClockConfig)
    HAL_RCC_GetClockConfig                   0x080032f9   Thumb Code    54  stm32f4xx_hal_rcc.o(i.HAL_RCC_GetClockConfig)
    HAL_RCC_GetHCLKFreq                      0x08003339   Thumb Code     6  stm32f4xx_hal_rcc.o(i.HAL_RCC_GetHCLKFreq)
    HAL_RCC_GetPCLK1Freq                     0x08003345   Thumb Code    20  stm32f4xx_hal_rcc.o(i.HAL_RCC_GetPCLK1Freq)
    HAL_RCC_GetPCLK2Freq                     0x08003365   Thumb Code    20  stm32f4xx_hal_rcc.o(i.HAL_RCC_GetPCLK2Freq)
    HAL_RCC_GetSysClockFreq                  0x08003385   Thumb Code    88  stm32f4xx_hal_rcc.o(i.HAL_RCC_GetSysClockFreq)
    HAL_RCC_OscConfig                        0x080033e9   Thumb Code   770  stm32f4xx_hal_rcc.o(i.HAL_RCC_OscConfig)
    HAL_SPI_Init                             0x08003705   Thumb Code   128  stm32f4xx_hal_spi.o(i.HAL_SPI_Init)
    HAL_SPI_MspInit                          0x08003785   Thumb Code   232  spi.o(i.HAL_SPI_MspInit)
    HAL_SPI_TransmitReceive                  0x08003885   Thumb Code   482  stm32f4xx_hal_spi.o(i.HAL_SPI_TransmitReceive)
    HAL_SYSTICK_CLKSourceConfig              0x08003a67   Thumb Code    24  stm32f4xx_hal_cortex.o(i.HAL_SYSTICK_CLKSourceConfig)
    HAL_SYSTICK_Config                       0x08003a7f   Thumb Code    40  stm32f4xx_hal_cortex.o(i.HAL_SYSTICK_Config)
    HAL_TIMEx_BreakCallback                  0x08003aa7   Thumb Code     2  stm32f4xx_hal_tim_ex.o(i.HAL_TIMEx_BreakCallback)
    HAL_TIMEx_CommutCallback                 0x08003aa9   Thumb Code     2  stm32f4xx_hal_tim_ex.o(i.HAL_TIMEx_CommutCallback)
    HAL_TIMEx_ConfigBreakDeadTime            0x08003aab   Thumb Code    84  stm32f4xx_hal_tim_ex.o(i.HAL_TIMEx_ConfigBreakDeadTime)
    HAL_TIMEx_MasterConfigSynchronization    0x08003aff   Thumb Code    66  stm32f4xx_hal_tim_ex.o(i.HAL_TIMEx_MasterConfigSynchronization)
    HAL_TIM_Base_Init                        0x08003b41   Thumb Code    54  stm32f4xx_hal_tim.o(i.HAL_TIM_Base_Init)
    HAL_TIM_Base_MspInit                     0x08003b79   Thumb Code   170  tim.o(i.HAL_TIM_Base_MspInit)
    HAL_TIM_Base_Start_IT                    0x08003c3d   Thumb Code    34  stm32f4xx_hal_tim.o(i.HAL_TIM_Base_Start_IT)
    HAL_TIM_ConfigClockSource                0x08003c5f   Thumb Code   214  stm32f4xx_hal_tim.o(i.HAL_TIM_ConfigClockSource)
    HAL_TIM_IC_CaptureCallback               0x08003d35   Thumb Code     2  stm32f4xx_hal_tim.o(i.HAL_TIM_IC_CaptureCallback)
    HAL_TIM_IRQHandler                       0x08003d37   Thumb Code   358  stm32f4xx_hal_tim.o(i.HAL_TIM_IRQHandler)
    HAL_TIM_MspPostInit                      0x08003e9d   Thumb Code   130  tim.o(i.HAL_TIM_MspPostInit)
    HAL_TIM_OC_DelayElapsedCallback          0x08003f35   Thumb Code     2  stm32f4xx_hal_tim.o(i.HAL_TIM_OC_DelayElapsedCallback)
    HAL_TIM_PWM_ConfigChannel                0x08003f37   Thumb Code   208  stm32f4xx_hal_tim.o(i.HAL_TIM_PWM_ConfigChannel)
    HAL_TIM_PWM_Init                         0x08004007   Thumb Code    54  stm32f4xx_hal_tim.o(i.HAL_TIM_PWM_Init)
    HAL_TIM_PWM_MspInit                      0x0800403d   Thumb Code     2  stm32f4xx_hal_tim.o(i.HAL_TIM_PWM_MspInit)
    HAL_TIM_PWM_PulseFinishedCallback        0x0800403f   Thumb Code     2  stm32f4xx_hal_tim.o(i.HAL_TIM_PWM_PulseFinishedCallback)
    HAL_TIM_PWM_Start                        0x08004041   Thumb Code    58  stm32f4xx_hal_tim.o(i.HAL_TIM_PWM_Start)
    HAL_TIM_PeriodElapsedCallback            0x08004085   Thumb Code    52  stm32f4xx_it.o(i.HAL_TIM_PeriodElapsedCallback)
    HAL_TIM_TriggerCallback                  0x080040c5   Thumb Code     2  stm32f4xx_hal_tim.o(i.HAL_TIM_TriggerCallback)
    HAL_UART_Init                            0x080040c7   Thumb Code    98  stm32f4xx_hal_uart.o(i.HAL_UART_Init)
    HAL_UART_MspInit                         0x08004129   Thumb Code   374  usart.o(i.HAL_UART_MspInit)
    HAL_UART_Transmit                        0x080042cd   Thumb Code   186  stm32f4xx_hal_uart.o(i.HAL_UART_Transmit)
    HardFault_Handler                        0x08004387   Thumb Code     2  stm32f4xx_it.o(i.HardFault_Handler)
    INS_task                                 0x0800472d   Thumb Code   428  ins_task.o(i.INS_task)
    LPF_1st                                  0x08004905   Thumb Code    18  power_restriction.o(i.LPF_1st)
    MX_CAN1_Init                             0x08004919   Thumb Code    60  can.o(i.MX_CAN1_Init)
    MX_CAN2_Init                             0x0800495d   Thumb Code    60  can.o(i.MX_CAN2_Init)
    MX_DMA_Init                              0x080049a1   Thumb Code   104  dma.o(i.MX_DMA_Init)
    MX_FREERTOS_Init                         0x08004a0d   Thumb Code   184  freertos.o(i.MX_FREERTOS_Init)
    MX_GPIO_Init                             0x08004acd   Thumb Code   428  gpio.o(i.MX_GPIO_Init)
    MX_I2C3_Init                             0x08004c99   Thumb Code    50  i2c.o(i.MX_I2C3_Init)
    MX_SPI1_Init                             0x08004cd9   Thumb Code    64  spi.o(i.MX_SPI1_Init)
    MX_TIM10_Init                            0x08004d21   Thumb Code    92  tim.o(i.MX_TIM10_Init)
    MX_TIM12_Init                            0x08004d85   Thumb Code    66  tim.o(i.MX_TIM12_Init)
    MX_TIM1_Init                             0x08004dd1   Thumb Code   242  tim.o(i.MX_TIM1_Init)
    MX_TIM3_Init                             0x08004ecd   Thumb Code    92  tim.o(i.MX_TIM3_Init)
    MX_TIM6_Init                             0x08004f31   Thumb Code    64  tim.o(i.MX_TIM6_Init)
    MX_USART1_UART_Init                      0x08004f79   Thumb Code    48  usart.o(i.MX_USART1_UART_Init)
    MX_USART3_UART_Init                      0x08004fb1   Thumb Code    46  usart.o(i.MX_USART3_UART_Init)
    MX_USART6_UART_Init                      0x08004fed   Thumb Code    48  usart.o(i.MX_USART6_UART_Init)
    MahonyAHRSupdate                         0x08005025   Thumb Code   870  mahonyahrs.o(i.MahonyAHRSupdate)
    MahonyAHRSupdateIMU                      0x0800539d   Thumb Code   490  mahonyahrs.o(i.MahonyAHRSupdateIMU)
    MemManage_Handler                        0x08005599   Thumb Code     2  stm32f4xx_it.o(i.MemManage_Handler)
    MiniPC_Data_task                         0x0800559d   Thumb Code   168  data_processing.o(i.MiniPC_Data_task)
    Minipc_Pid_Init                          0x0800565d   Thumb Code    72  data_processing.o(i.Minipc_Pid_Init)
    Mocha_Task                               0x080056ad   Thumb Code   152  gun_control.o(i.Mocha_Task)
    Moto_dial_Angle_Reset                    0x0800576d   Thumb Code    14  gun_control.o(i.Moto_dial_Angle_Reset)
    MouseKeyControlProcess                   0x08005781   Thumb Code   326  data_processing.o(i.MouseKeyControlProcess)
    NMI_Handler                              0x080058f1   Thumb Code     2  stm32f4xx_it.o(i.NMI_Handler)
    PID_struct_init                          0x080058f5   Thumb Code    16  pid.o(i.PID_struct_init)
    Referee_Data_Handler                     0x0800590d   Thumb Code   350  protocol.o(i.Referee_Data_Handler)
    RefreshDeviceOutLineTime                 0x08005a7d   Thumb Code    20  systemstate.o(i.RefreshDeviceOutLineTime)
    RefreshSysTime                           0x08005a95   Thumb Code    10  systemstate.o(i.RefreshSysTime)
    RefreshTaskOutLineTime                   0x08005aa5   Thumb Code    20  systemstate.o(i.RefreshTaskOutLineTime)
    RemoteControlProcess                     0x08005abd   Thumb Code   146  data_processing.o(i.RemoteControlProcess)
    Remote_Ctrl                              0x08005b6d   Thumb Code   100  communication.o(i.Remote_Ctrl)
    Remote_Data_Task                         0x08005bd5   Thumb Code   110  data_processing.o(i.Remote_Data_Task)
    SPI1_DMA_enable                          0x08005c51   Thumb Code  4706  bsp_spi.o(i.SPI1_DMA_enable)
    SPI1_DMA_init                            0x08006ec5   Thumb Code   216  bsp_spi.o(i.SPI1_DMA_init)
    StartDefaultTask                         0x08007069   Thumb Code     8  freertos.o(i.StartDefaultTask)
    SysTick_Handler                          0x08007071   Thumb Code     4  stm32f4xx_it.o(i.SysTick_Handler)
    SystemClock_Config                       0x08007075   Thumb Code   158  main.o(i.SystemClock_Config)
    SystemInit                               0x0800711d   Thumb Code    66  system_stm32f4xx.o(i.SystemInit)
    TIM2_IRQHandler                          0x08007171   Thumb Code     6  stm32f4xx_it.o(i.TIM2_IRQHandler)
    TIM3_IRQHandler                          0x0800717d   Thumb Code     6  stm32f4xx_it.o(i.TIM3_IRQHandler)
    TIM6_DAC_IRQHandler                      0x08007189   Thumb Code     6  stm32f4xx_it.o(i.TIM6_DAC_IRQHandler)
    TIM8_BRK_TIM12_IRQHandler                0x08007195   Thumb Code     6  stm32f4xx_it.o(i.TIM8_BRK_TIM12_IRQHandler)
    TIM_Base_SetConfig                       0x080071a1   Thumb Code   156  stm32f4xx_hal_tim.o(i.TIM_Base_SetConfig)
    TIM_CCxChannelCmd                        0x08007269   Thumb Code    26  stm32f4xx_hal_tim.o(i.TIM_CCxChannelCmd)
    TIM_ETR_SetConfig                        0x08007283   Thumb Code    20  stm32f4xx_hal_tim.o(i.TIM_ETR_SetConfig)
    TIM_OC2_SetConfig                        0x08007309   Thumb Code    98  stm32f4xx_hal_tim.o(i.TIM_OC2_SetConfig)
    USART3_IRQHandler                        0x08007785   Thumb Code   254  stm32f4xx_it.o(i.USART3_IRQHandler)
    USART6_IRQHandler                        0x080078a1   Thumb Code    72  stm32f4xx_it.o(i.USART6_IRQHandler)
    UsageFault_Handler                       0x080078f5   Thumb Code     2  stm32f4xx_it.o(i.UsageFault_Handler)
    Usart_SendArray                          0x080078f7   Thumb Code    34  usart.o(i.Usart_SendArray)
    Usart_SendByte                           0x08007919   Thumb Code    14  usart.o(i.Usart_SendByte)
    __ARM_fpclassifyf                        0x08007927   Thumb Code    38  fpclassifyf.o(i.__ARM_fpclassifyf)
    __hardfp_asinf                           0x0800796d   Thumb Code   258  asinf.o(i.__hardfp_asinf)
    __hardfp_atan2f                          0x08007a99   Thumb Code   502  atan2f.o(i.__hardfp_atan2f)
    __hardfp_sqrt                            0x08007ce9   Thumb Code   122  sqrt_full.o(i.__hardfp_sqrt)
    __mathlib_flt_infnan                     0x08007d63   Thumb Code     6  funder.o(i.__mathlib_flt_infnan)
    __mathlib_flt_infnan2                    0x08007d69   Thumb Code     6  funder.o(i.__mathlib_flt_infnan2)
    __mathlib_flt_invalid                    0x08007d71   Thumb Code    10  funder.o(i.__mathlib_flt_invalid)
    __mathlib_flt_underflow                  0x08007d81   Thumb Code    10  funder.o(i.__mathlib_flt_underflow)
    __scatterload_copy                       0x08007d91   Thumb Code    14  handlers.o(i.__scatterload_copy)
    __scatterload_null                       0x08007d9f   Thumb Code     2  handlers.o(i.__scatterload_null)
    __scatterload_zeroinit                   0x08007da1   Thumb Code    14  handlers.o(i.__scatterload_zeroinit)
    __set_errno                              0x08007db1   Thumb Code     6  errno.o(i.__set_errno)
    bmi088_accel_init                        0x08007dbd   Thumb Code   292  bmi088driver.o(i.bmi088_accel_init)
    bmi088_accel_self_test                   0x08007ee5   Thumb Code   698  bmi088driver.o(i.bmi088_accel_self_test)
    bmi088_gyro_init                         0x080081a5   Thumb Code   214  bmi088driver.o(i.bmi088_gyro_init)
    bmi088_gyro_self_test                    0x08008281   Thumb Code   202  bmi088driver.o(i.bmi088_gyro_self_test)
    bopan_check                              0x0800834d   Thumb Code   114  gun_control.o(i.bopan_check)
    delay_init                               0x080083cd   Thumb Code    26  bsp_delay.o(i.delay_init)
    delay_us                                 0x080083f5   Thumb Code    48  bsp_delay.o(i.delay_us)
    get_angle                                0x08008429   Thumb Code   192  ins_task.o(i.get_angle)
    get_crc16_check_sum                      0x080084ed   Thumb Code    38  protocol.o(i.get_crc16_check_sum)
    get_crc8_check_sum                       0x08008519   Thumb Code    26  protocol.o(i.get_crc8_check_sum)
    get_moto_measure_3508                    0x08008539   Thumb Code    64  motor_use_can.o(i.get_moto_measure_3508)
    get_moto_measure_6020                    0x08008579   Thumb Code    60  motor_use_can.o(i.get_moto_measure_6020)
    get_moto_measure_6623                    0x080085b5   Thumb Code    62  motor_use_can.o(i.get_moto_measure_6623)
    get_moto_offset                          0x080085f3   Thumb Code    10  motor_use_can.o(i.get_moto_offset)
    gimbal_pid_init                          0x080085fd   Thumb Code   432  gimbal_control.o(i.gimbal_pid_init)
    imu_cmd_spi_dma                          0x080087f5   Thumb Code   228  ins_task.o(i.imu_cmd_spi_dma)
    invSqrt                                  0x080088ed   Thumb Code    40  user_lib.o(i.invSqrt)
    ist8310_GPIO_init                        0x08008919   Thumb Code     2  ist8310driver_middleware.o(i.ist8310_GPIO_init)
    ist8310_IIC_read_muli_reg                0x0800891d   Thumb Code    22  ist8310driver_middleware.o(i.ist8310_IIC_read_muli_reg)
    ist8310_IIC_read_single_reg              0x08008939   Thumb Code    32  ist8310driver_middleware.o(i.ist8310_IIC_read_single_reg)
    ist8310_IIC_write_single_reg             0x0800895d   Thumb Code    30  ist8310driver_middleware.o(i.ist8310_IIC_write_single_reg)
    ist8310_RST_H                            0x08008981   Thumb Code    10  ist8310driver_middleware.o(i.ist8310_RST_H)
    ist8310_RST_L                            0x08008991   Thumb Code    10  ist8310driver_middleware.o(i.ist8310_RST_L)
    ist8310_com_init                         0x080089a1   Thumb Code     2  ist8310driver_middleware.o(i.ist8310_com_init)
    ist8310_delay_ms                         0x080089a3   Thumb Code     4  ist8310driver_middleware.o(i.ist8310_delay_ms)
    ist8310_init                             0x080089a9   Thumb Code   122  ist8310driver.o(i.ist8310_init)
    ist8310_read_mag                         0x08008a29   Thumb Code    80  ist8310driver.o(i.ist8310_read_mag)
    main                                     0x08008a7d   Thumb Code    30  main.o(i.main)
    osDelay                                  0x08008aa7   Thumb Code    14  cmsis_os.o(i.osDelay)
    osDelayUntil                             0x08008ab5   Thumb Code    14  cmsis_os.o(i.osDelayUntil)
    osKernelStart                            0x08008ac3   Thumb Code    10  cmsis_os.o(i.osKernelStart)
    osSystickHandler                         0x08008acd   Thumb Code    20  cmsis_os.o(i.osSystickHandler)
    osThreadCreate                           0x08008ae1   Thumb Code    84  cmsis_os.o(i.osThreadCreate)
    pid_calc                                 0x08008b35   Thumb Code   472  pid.o(i.pid_calc)
    pvPortMalloc                             0x0800906d   Thumb Code   210  heap_4.o(i.pvPortMalloc)
    pxPortInitialiseStack                    0x08009145   Thumb Code    40  port.o(i.pxPortInitialiseStack)
    ramp_calc                                0x08009171   Thumb Code    80  user_lib.o(i.ramp_calc)
    ramp_init                                0x080091c1   Thumb Code    26  user_lib.o(i.ramp_init)
    sqrtf                                    0x080091db   Thumb Code    62  sqrtf_full.o(i.sqrtf)
    testTask                                 0x08009219   Thumb Code   122  other_tasks.o(i.testTask)
    ulTaskNotifyTake                         0x080092b1   Thumb Code    96  tasks.o(i.ulTaskNotifyTake)
    uxListRemove                             0x08009319   Thumb Code    38  list.o(i.uxListRemove)
    vApplicationGetIdleTaskMemory            0x08009341   Thumb Code    16  freertos.o(i.vApplicationGetIdleTaskMemory)
    vListInitialise                          0x08009355   Thumb Code    22  list.o(i.vListInitialise)
    vListInitialiseItem                      0x0800936b   Thumb Code     6  list.o(i.vListInitialiseItem)
    vListInsert                              0x08009371   Thumb Code    48  list.o(i.vListInsert)
    vListInsertEnd                           0x080093a1   Thumb Code    24  list.o(i.vListInsertEnd)
    vPortEnterCritical                       0x080093b9   Thumb Code    54  port.o(i.vPortEnterCritical)
    vPortExitCritical                        0x080093f9   Thumb Code    34  port.o(i.vPortExitCritical)
    vPortFree                                0x08009421   Thumb Code    88  heap_4.o(i.vPortFree)
    vPortSetupTimerInterrupt                 0x0800947d   Thumb Code    32  port.o(i.vPortSetupTimerInterrupt)
    vPortValidateInterruptPriority           0x080094a1   Thumb Code    74  port.o(i.vPortValidateInterruptPriority)
    vTaskDelay                               0x080094f5   Thumb Code    66  tasks.o(i.vTaskDelay)
    vTaskDelayUntil                          0x08009541   Thumb Code   132  tasks.o(i.vTaskDelayUntil)
    vTaskNotifyGiveFromISR                   0x080095cd   Thumb Code   174  tasks.o(i.vTaskNotifyGiveFromISR)
    vTaskStartScheduler                      0x08009685   Thumb Code    90  tasks.o(i.vTaskStartScheduler)
    vTaskSuspendAll                          0x080096f1   Thumb Code    10  tasks.o(i.vTaskSuspendAll)
    vTaskSwitchContext                       0x08009701   Thumb Code    82  tasks.o(i.vTaskSwitchContext)
    vcan_sendware                            0x0800975d   Thumb Code    50  usart.o(i.vcan_sendware)
    verify_crc16_check_sum                   0x0800979d   Thumb Code    54  protocol.o(i.verify_crc16_check_sum)
    verify_crc8_check_sum                    0x080097d9   Thumb Code    42  protocol.o(i.verify_crc8_check_sum)
    xPortStartScheduler                      0x08009805   Thumb Code   222  port.o(i.xPortStartScheduler)
    xPortSysTickHandler                      0x080098f9   Thumb Code    38  port.o(i.xPortSysTickHandler)
    xTaskCreate                              0x08009925   Thumb Code    90  tasks.o(i.xTaskCreate)
    xTaskCreateStatic                        0x0800997f   Thumb Code    86  tasks.o(i.xTaskCreateStatic)
    xTaskGetSchedulerState                   0x080099d5   Thumb Code    22  tasks.o(i.xTaskGetSchedulerState)
    xTaskGetTickCount                        0x080099f1   Thumb Code     6  tasks.o(i.xTaskGetTickCount)
    xTaskIncrementTick                       0x080099fd   Thumb Code   192  tasks.o(i.xTaskIncrementTick)
    xTaskResumeAll                           0x08009ac5   Thumb Code   182  tasks.o(i.xTaskResumeAll)
    AHBPrescTable                            0x08009c70   Data          16  system_stm32f4xx.o(.constdata)
    APBPrescTable                            0x08009c80   Data           8  system_stm32f4xx.o(.constdata)
    CRC8_TAB                                 0x08009ca8   Data         256  protocol.o(.constdata)
    wCRC_Table                               0x08009da8   Data         512  protocol.o(.constdata)
    sinTable_f32                             0x08009fc0   Data        2052  arm_common_tables.o(.constdata)
    Region$$Table$$Base                      0x0800a820   Number         0  anon$$obj.o(Region$$Table)
    Region$$Table$$Limit                     0x0800a840   Number         0  anon$$obj.o(Region$$Table)
    defaultTaskHandle                        0x20000004   Data           4  freertos.o(.data)
    testTaskHandle                           0x20000008   Data           4  freertos.o(.data)
    RemoteDataTaskHandle                     0x2000000c   Data           4  freertos.o(.data)
    GimbalTaskHandle                         0x20000010   Data           4  freertos.o(.data)
    GunTaskHandle                            0x20000014   Data           4  freertos.o(.data)
    MiniPCDataTaskHandle                     0x20000018   Data           4  freertos.o(.data)
    MochaTaskHandle                          0x2000001c   Data           4  freertos.o(.data)
    imuTaskHandle                            0x20000020   Data           4  freertos.o(.data)
    DMA_FLAGS                                0x2000002c   Data           4  stm32f4xx_it.o(.data)
    CAN1_RX_date                             0x20000030   Data           8  stm32f4xx_it.o(.data)
    CAN2_RX_date                             0x20000038   Data           8  stm32f4xx_it.o(.data)
    uwTickFreq                               0x20000040   Data           1  stm32f4xx_hal.o(.data)
    uwTickPrio                               0x20000044   Data           4  stm32f4xx_hal.o(.data)
    uwTick                                   0x20000048   Data           4  stm32f4xx_hal.o(.data)
    SystemCoreClock                          0x2000004c   Data           4  system_stm32f4xx.o(.data)
    pxCurrentTCB                             0x20000050   Data           4  tasks.o(.data)
    BMI088_ACCEL_SEN                         0x200000b0   Data           4  bmi088driver.o(.data)
    BMI088_GYRO_SEN                          0x200000b4   Data           4  bmi088driver.o(.data)
    CRC_INIT                                 0x200000dc   Data           2  protocol.o(.data)
    lianfa_speed                             0x200000e4   Data           4  protocol.o(.data)
    heat_limit_max                           0x200000e8   Data           4  protocol.o(.data)
    heat_limit_min                           0x200000ec   Data           4  protocol.o(.data)
    twoKp                                    0x200000f0   Data           4  mahonyahrs.o(.data)
    twoKi                                    0x200000f4   Data           4  mahonyahrs.o(.data)
    integralFBx                              0x200000f8   Data           4  mahonyahrs.o(.data)
    integralFBy                              0x200000fc   Data           4  mahonyahrs.o(.data)
    integralFBz                              0x20000100   Data           4  mahonyahrs.o(.data)
    USART6_RX_NUM                            0x20000104   Data           2  communication.o(.data)
    flag_add                                 0x20000106   Data           1  data_processing.o(.data)
    flag_sub                                 0x20000107   Data           1  data_processing.o(.data)
    test                                     0x20000108   Data           1  data_processing.o(.data)
    gimbal_status                            0x20000116   Data           8  gimbal_control.o(.data)
    Mocha_flag                               0x20000120   Data           1  gun_control.o(.data)
    Magazine_flag                            0x20000121   Data           1  gun_control.o(.data)
    Guodu_or_Stop_mode_flag                  0x20000122   Data           1  gun_control.o(.data)
    Reverse_mode_flag                        0x20000123   Data           1  gun_control.o(.data)
    set_speed                                0x20000128   Data           4  gun_control.o(.data)
    pwmval                                   0x20000138   Data           4  gun_control.o(.data)
    test_i                                   0x2000013c   Data           4  other_tasks.o(.data)
    gyro_update_flag                         0x20000140   Data           1  ins_task.o(.data)
    accel_update_flag                        0x20000141   Data           1  ins_task.o(.data)
    accel_temp_update_flag                   0x20000142   Data           1  ins_task.o(.data)
    imu_start_dma_flag                       0x20000143   Data           1  ins_task.o(.data)
    accel_temp_dma_tx_buf                    0x20000144   Data           4  ins_task.o(.data)
    accel_temp_dma_rx_buf                    0x20000148   Data           4  ins_task.o(.data)
    gyro_dma_tx_buf                          0x2000014c   Data           8  ins_task.o(.data)
    gyro_dma_rx_buf                          0x20000154   Data           8  ins_task.o(.data)
    accel_dma_tx_buf                         0x2000015c   Data           9  ins_task.o(.data)
    mag_update_flag                          0x20000165   Data           1  ins_task.o(.data)
    hcan1                                    0x20000174   Data          40  can.o(.bss)
    hcan2                                    0x2000019c   Data          40  can.o(.bss)
    hi2c3                                    0x20000418   Data          84  i2c.o(.bss)
    hspi1                                    0x2000046c   Data          88  spi.o(.bss)
    hdma_spi1_rx                             0x200004c4   Data          96  spi.o(.bss)
    hdma_spi1_tx                             0x20000524   Data          96  spi.o(.bss)
    htim1                                    0x20000584   Data          64  tim.o(.bss)
    htim3                                    0x200005c4   Data          64  tim.o(.bss)
    htim6                                    0x20000604   Data          64  tim.o(.bss)
    htim10                                   0x20000644   Data          64  tim.o(.bss)
    htim12                                   0x20000684   Data          64  tim.o(.bss)
    huart1                                   0x200006c4   Data          64  usart.o(.bss)
    huart3                                   0x20000704   Data          64  usart.o(.bss)
    huart6                                   0x20000744   Data          64  usart.o(.bss)
    hdma_usart3_rx                           0x20000784   Data          96  usart.o(.bss)
    hdma_usart6_rx                           0x200007e4   Data          96  usart.o(.bss)
    CAN1_Rx_Header                           0x20000844   Data          28  stm32f4xx_it.o(.bss)
    CAN2_Rx_Header                           0x20000860   Data          28  stm32f4xx_it.o(.bss)
    htim2                                    0x2000087c   Data          64  stm32f4xx_hal_timebase_tim.o(.bss)
    moto_dial_get                            0x200045ac   Data          60  motor_use_can.o(.bss)
    moto_moca_get                            0x200045e8   Data         120  motor_use_can.o(.bss)
    pit_get                                  0x20004660   Data          60  motor_use_can.o(.bss)
    yaw_get                                  0x2000469c   Data          60  motor_use_can.o(.bss)
    Robot                                    0x20004798   Data          64  protocol.o(.bss)
    SystemState                              0x200047d8   Data          20  systemstate.o(.bss)
    g_Time_DeviceOutLine                     0x200047ec   Data          24  systemstate.o(.bss)
    g_Time_TASKOutLine                       0x20004804   Data          24  systemstate.o(.bss)
    USART3_RX_DATA                           0x2000481c   Data          18  communication.o(.bss)
    RC_Ctl                                   0x2000482e   Data          20  communication.o(.bss)
    USART6_RX_DATA                           0x20004842   Data         100  communication.o(.bss)
    minipc_rx                                0x200048a6   Data          14  minipc.o(.bss)
    minipc_tx                                0x200048b4   Data           9  minipc.o(.bss)
    pid_minipc_yaw                           0x200048c0   Data         128  data_processing.o(.bss)
    pid_minipc_pit                           0x20004940   Data         128  data_processing.o(.bss)
    yaw_set                                  0x200049c0   Data          16  gimbal_control.o(.bss)
    yaw_tly_set                              0x200049d0   Data          16  gimbal_control.o(.bss)
    pit_set                                  0x200049e0   Data          16  gimbal_control.o(.bss)
    pid_yaw                                  0x200049f0   Data         128  gimbal_control.o(.bss)
    pid_yaw_spd                              0x20004a70   Data         128  gimbal_control.o(.bss)
    pid_pit                                  0x20004af0   Data         128  gimbal_control.o(.bss)
    pid_pit_spd                              0x20004b70   Data         128  gimbal_control.o(.bss)
    pid_pit_start                            0x20004bf0   Data         128  gimbal_control.o(.bss)
    pid_pit_start_spd                        0x20004c70   Data         128  gimbal_control.o(.bss)
    pid_yaw_start                            0x20004cf0   Data         128  gimbal_control.o(.bss)
    pid_yaw_start_spd                        0x20004d70   Data         128  gimbal_control.o(.bss)
    pid_yaw_jy901                            0x20004df0   Data         128  gimbal_control.o(.bss)
    pid_yaw_jy901_spd                        0x20004e70   Data         128  gimbal_control.o(.bss)
    pid_yaw_xiaotuoluo                       0x20004ef0   Data         128  gimbal_control.o(.bss)
    pid_yaw_xiaotuoluo_spd                   0x20004f70   Data         128  gimbal_control.o(.bss)
    pid_pit_dashen                           0x20004ff0   Data         128  gimbal_control.o(.bss)
    pid_pit_dashen_spd                       0x20005070   Data         128  gimbal_control.o(.bss)
    pid_dial_pos                             0x200050f0   Data         128  gun_control.o(.bss)
    pid_dial_spd                             0x20005170   Data         128  gun_control.o(.bss)
    pid_moca_spd                             0x200051f0   Data         256  gun_control.o(.bss)
    Shoot_status                             0x200052f0   Data          20  gun_control.o(.bss)
    shoot                                    0x20005304   Data          20  gun_control.o(.bss)
    imu_temp_pid                             0x20005318   Data         128  ins_task.o(.bss)
    ins_yaw                                  0x20005398   Data          60  ins_task.o(.bss)
    INS_quat                                 0x200053d4   Data          16  ins_task.o(.bss)
    INS_angle                                0x200053e4   Data          12  ins_task.o(.bss)
    accel_dma_rx_buf                         0x200053f0   Data           9  ins_task.o(.bss)
    bmi088_real_data                         0x200053fc   Data          36  ins_task.o(.bss)
    ist8310_real_data                        0x20005420   Data          16  ins_task.o(.bss)
    __initial_sp                             0x20005830   Data           0  startup_stm32f407xx.o(STACK)



==============================================================================

Memory Map of the image

  Image Entry point : 0x08000189

  Load Region LR_IROM1 (Base: 0x08000000, Size: 0x0000a9b4, Max: 0x00100000, ABSOLUTE, COMPRESSED[0x0000a898])

    Execution Region ER_IROM1 (Base: 0x08000000, Size: 0x0000a840, Max: 0x00100000, ABSOLUTE)

    Base Addr    Size         Type   Attr      Idx    E Section Name        Object

    0x08000000   0x00000188   Data   RO            3    RESET               startup_stm32f407xx.o
    0x08000188   0x00000000   Code   RO         7714  * .ARM.Collect$$$$00000000  mc_w.l(entry.o)
    0x08000188   0x00000004   Code   RO         8060    .ARM.Collect$$$$00000001  mc_w.l(entry2.o)
    0x0800018c   0x00000004   Code   RO         8063    .ARM.Collect$$$$00000004  mc_w.l(entry5.o)
    0x08000190   0x00000000   Code   RO         8065    .ARM.Collect$$$$00000008  mc_w.l(entry7b.o)
    0x08000190   0x00000000   Code   RO         8067    .ARM.Collect$$$$0000000A  mc_w.l(entry8b.o)
    0x08000190   0x00000008   Code   RO         8068    .ARM.Collect$$$$0000000B  mc_w.l(entry9a.o)
    0x08000198   0x00000000   Code   RO         8070    .ARM.Collect$$$$0000000D  mc_w.l(entry10a.o)
    0x08000198   0x00000000   Code   RO         8072    .ARM.Collect$$$$0000000F  mc_w.l(entry11a.o)
    0x08000198   0x00000004   Code   RO         8061    .ARM.Collect$$$$00002712  mc_w.l(entry2.o)
    0x0800019c   0x000000be   Code   RO         5649    .emb_text           port.o
    0x0800025a   0x00000002   PAD
    0x0800025c   0x00000024   Code   RO            4    .text               startup_stm32f407xx.o
    0x08000280   0x00000104   Code   RO         7532    .text               arm_cortexM4lf_math.lib(arm_sin_cos_f32.o)
    0x08000384   0x00000062   Code   RO         7717    .text               mc_w.l(uldiv.o)
    0x080003e6   0x00000024   Code   RO         7719    .text               mc_w.l(memcpya.o)
    0x0800040a   0x00000024   Code   RO         7723    .text               mc_w.l(memseta.o)
    0x0800042e   0x0000014e   Code   RO         8018    .text               mf_w.l(dadd.o)
    0x0800057c   0x000000e4   Code   RO         8020    .text               mf_w.l(dmul.o)
    0x08000660   0x000000de   Code   RO         8022    .text               mf_w.l(ddiv.o)
    0x0800073e   0x00000022   Code   RO         8024    .text               mf_w.l(dflti.o)
    0x08000760   0x0000001a   Code   RO         8026    .text               mf_w.l(dfltui.o)
    0x0800077a   0x00000026   Code   RO         8028    .text               mf_w.l(f2d.o)
    0x080007a0   0x00000038   Code   RO         8030    .text               mf_w.l(d2f.o)
    0x080007d8   0x0000001e   Code   RO         8077    .text               mc_w.l(llshl.o)
    0x080007f6   0x00000020   Code   RO         8079    .text               mc_w.l(llushr.o)
    0x08000816   0x00000024   Code   RO         8081    .text               mc_w.l(llsshr.o)
    0x0800083a   0x00000000   Code   RO         8092    .text               mc_w.l(iusefp.o)
    0x0800083a   0x0000006e   Code   RO         8093    .text               mf_w.l(fepilogue.o)
    0x080008a8   0x000000ba   Code   RO         8095    .text               mf_w.l(depilogue.o)
    0x08000962   0x000000a2   Code   RO         8097    .text               mf_w.l(dsqrt.o)
    0x08000a04   0x00000024   Code   RO         8107    .text               mc_w.l(init.o)
    0x08000a28   0x00000056   Code   RO         8117    .text               mc_w.l(__dczerorl2.o)
    0x08000a7e   0x0000002a   Code   RO         6411    i.ABS_limit         pid.o
    0x08000aa8   0x00000020   Code   RO         7353    i.AHRS_init         ins_task.o
    0x08000ac8   0x0000001c   Code   RO         7354    i.AHRS_update       ins_task.o
    0x08000ae4   0x00000038   Code   RO         5729    i.Allocate_Motor    motor_use_can.o
    0x08000b1c   0x00000010   Code   RO         6127    i.BMI088_ACCEL_NS_H  bmi088middleware.o
    0x08000b2c   0x00000010   Code   RO         6128    i.BMI088_ACCEL_NS_L  bmi088middleware.o
    0x08000b3c   0x00000002   Code   RO         6129    i.BMI088_GPIO_init  bmi088middleware.o
    0x08000b3e   0x00000002   PAD
    0x08000b40   0x00000010   Code   RO         6130    i.BMI088_GYRO_NS_H  bmi088middleware.o
    0x08000b50   0x00000010   Code   RO         6131    i.BMI088_GYRO_NS_L  bmi088middleware.o
    0x08000b60   0x00000080   Code   RO         5864    i.BMI088_accel_read_over  bmi088driver.o
    0x08000be0   0x00000002   Code   RO         6132    i.BMI088_com_init   bmi088middleware.o
    0x08000be2   0x00000004   Code   RO         6133    i.BMI088_delay_ms   bmi088middleware.o
    0x08000be6   0x00000004   Code   RO         6134    i.BMI088_delay_us   bmi088middleware.o
    0x08000bea   0x00000002   PAD
    0x08000bec   0x00000060   Code   RO         5865    i.BMI088_gyro_read_over  bmi088driver.o
    0x08000c4c   0x0000002e   Code   RO         5866    i.BMI088_init       bmi088driver.o
    0x08000c7a   0x00000002   PAD
    0x08000c7c   0x00000158   Code   RO         5867    i.BMI088_read       bmi088driver.o
    0x08000dd4   0x00000024   Code   RO         5870    i.BMI088_read_muli_reg  bmi088driver.o
    0x08000df8   0x00000016   Code   RO         5871    i.BMI088_read_single_reg  bmi088driver.o
    0x08000e0e   0x00000002   PAD
    0x08000e10   0x00000020   Code   RO         6135    i.BMI088_read_write_byte  bmi088middleware.o
    0x08000e30   0x0000002e   Code   RO         5872    i.BMI088_temperature_read_over  bmi088driver.o
    0x08000e5e   0x00000012   Code   RO         5873    i.BMI088_write_single_reg  bmi088driver.o
    0x08000e70   0x000000b4   Code   RO         1024    i.BSP_Init          bsp.o
    0x08000f24   0x00000068   Code   RO          657    i.Bsp_UART_Receive_DMA  usart.o
    0x08000f8c   0x00000016   Code   RO          658    i.Bsp_UART_Receive_IT  usart.o
    0x08000fa2   0x00000002   Code   RO          750    i.BusFault_Handler  stm32f4xx_it.o
    0x08000fa4   0x0000000c   Code   RO          751    i.CAN1_RX0_IRQHandler  stm32f4xx_it.o
    0x08000fb0   0x0000000c   Code   RO          752    i.CAN2_RX0_IRQHandler  stm32f4xx_it.o
    0x08000fbc   0x00000002   Code   RO         5730    i.CAN_GET_CP        motor_use_can.o
    0x08000fbe   0x00000002   Code   RO         5731    i.CAN_GET_ERROR     motor_use_can.o
    0x08000fc0   0x00000058   Code   RO         5733    i.CAN_Send_Gimbal   motor_use_can.o
    0x08001018   0x00000054   Code   RO         5734    i.CAN_Send_Remote   motor_use_can.o
    0x0800106c   0x0000003c   Code   RO          285    i.CanFilter_Init    can.o
    0x080010a8   0x0000003c   Code   RO         5738    i.Cloud_Platform_Motor  motor_use_can.o
    0x080010e4   0x0000000c   Code   RO          753    i.DMA1_Stream1_IRQHandler  stm32f4xx_it.o
    0x080010f0   0x0000000c   Code   RO          754    i.DMA2_Stream1_IRQHandler  stm32f4xx_it.o
    0x080010fc   0x000002d0   Code   RO          755    i.DMA2_Stream2_IRQHandler  stm32f4xx_it.o
    0x080013cc   0x0000000c   Code   RO          756    i.DMA2_Stream3_IRQHandler  stm32f4xx_it.o
    0x080013d8   0x00000028   Code   RO         3757    i.DMA_CalcBaseAndBitshift  stm32f4xx_hal_dma.o
    0x08001400   0x00000054   Code   RO         3758    i.DMA_CheckFifoParam  stm32f4xx_hal_dma.o
    0x08001454   0x00000028   Code   RO         3759    i.DMA_SetConfig     stm32f4xx_hal_dma.o
    0x0800147c   0x00000002   Code   RO          757    i.DebugMon_Handler  stm32f4xx_it.o
    0x0800147e   0x00000006   Code   RO          758    i.EXTI0_IRQHandler  stm32f4xx_it.o
    0x08001484   0x00000006   Code   RO          759    i.EXTI3_IRQHandler  stm32f4xx_it.o
    0x0800148a   0x00000006   Code   RO          760    i.EXTI4_IRQHandler  stm32f4xx_it.o
    0x08001490   0x00000006   Code   RO          761    i.EXTI9_5_IRQHandler  stm32f4xx_it.o
    0x08001496   0x00000002   Code   RO           13    i.Error_Handler     main.o
    0x08001498   0x0000000c   Code   RO         6072    i.Friction_Wheel_Motor  motor_use_tim.o
    0x080014a4   0x00000088   Code   RO         6074    i.GUN_Init          motor_use_tim.o
    0x0800152c   0x0000004c   Code   RO         6732    i.GetSystemTimer    systemstate.o
    0x08001578   0x00000038   Code   RO         6968    i.Get_MiniPC_Data   minipc.o
    0x080015b0   0x0000043c   Code   RO         7136    i.Gimbal_Task       gimbal_control.o
    0x080019ec   0x000000ac   Code   RO         7195    i.Gun_Pid_Init      gun_control.o
    0x08001a98   0x0000026c   Code   RO         7196    i.Gun_Task          gun_control.o
    0x08001d04   0x00000024   Code   RO         1049    i.HAL_CAN_ActivateNotification  stm32f4xx_hal_can.o
    0x08001d28   0x000000c8   Code   RO         1050    i.HAL_CAN_AddTxMessage  stm32f4xx_hal_can.o
    0x08001df0   0x0000010c   Code   RO         1051    i.HAL_CAN_ConfigFilter  stm32f4xx_hal_can.o
    0x08001efc   0x00000002   Code   RO         1054    i.HAL_CAN_ErrorCallback  stm32f4xx_hal_can.o
    0x08001efe   0x000000e8   Code   RO         1057    i.HAL_CAN_GetRxMessage  stm32f4xx_hal_can.o
    0x08001fe6   0x000001fc   Code   RO         1061    i.HAL_CAN_IRQHandler  stm32f4xx_hal_can.o
    0x080021e2   0x0000011a   Code   RO         1062    i.HAL_CAN_Init      stm32f4xx_hal_can.o
    0x080022fc   0x000000fc   Code   RO          287    i.HAL_CAN_MspInit   can.o
    0x080023f8   0x00000002   Code   RO         1069    i.HAL_CAN_RxFifo0FullCallback  stm32f4xx_hal_can.o
    0x080023fa   0x00000002   PAD
    0x080023fc   0x00000154   Code   RO          762    i.HAL_CAN_RxFifo0MsgPendingCallback  stm32f4xx_it.o
    0x08002550   0x00000002   Code   RO         1071    i.HAL_CAN_RxFifo1FullCallback  stm32f4xx_hal_can.o
    0x08002552   0x00000002   Code   RO         1072    i.HAL_CAN_RxFifo1MsgPendingCallback  stm32f4xx_hal_can.o
    0x08002554   0x00000002   Code   RO         1073    i.HAL_CAN_SleepCallback  stm32f4xx_hal_can.o
    0x08002556   0x00000002   PAD
    0x08002558   0x00000058   Code   RO         1074    i.HAL_CAN_Start     stm32f4xx_hal_can.o
    0x080025b0   0x00000002   Code   RO         1076    i.HAL_CAN_TxMailbox0AbortCallback  stm32f4xx_hal_can.o
    0x080025b2   0x00000002   Code   RO         1077    i.HAL_CAN_TxMailbox0CompleteCallback  stm32f4xx_hal_can.o
    0x080025b4   0x00000002   Code   RO         1078    i.HAL_CAN_TxMailbox1AbortCallback  stm32f4xx_hal_can.o
    0x080025b6   0x00000002   Code   RO         1079    i.HAL_CAN_TxMailbox1CompleteCallback  stm32f4xx_hal_can.o
    0x080025b8   0x00000002   Code   RO         1080    i.HAL_CAN_TxMailbox2AbortCallback  stm32f4xx_hal_can.o
    0x080025ba   0x00000002   Code   RO         1081    i.HAL_CAN_TxMailbox2CompleteCallback  stm32f4xx_hal_can.o
    0x080025bc   0x00000002   Code   RO         1083    i.HAL_CAN_WakeUpFromRxMsgCallback  stm32f4xx_hal_can.o
    0x080025be   0x00000002   PAD
    0x080025c0   0x000001a0   Code   RO         3765    i.HAL_DMA_IRQHandler  stm32f4xx_hal_dma.o
    0x08002760   0x000000d4   Code   RO         3766    i.HAL_DMA_Init      stm32f4xx_hal_dma.o
    0x08002834   0x00000046   Code   RO         3769    i.HAL_DMA_Start     stm32f4xx_hal_dma.o
    0x0800287a   0x00000002   PAD
    0x0800287c   0x00000024   Code   RO         4179    i.HAL_Delay         stm32f4xx_hal.o
    0x080028a0   0x000000b4   Code   RO          763    i.HAL_GPIO_EXTI_Callback  stm32f4xx_it.o
    0x08002954   0x00000018   Code   RO         3652    i.HAL_GPIO_EXTI_IRQHandler  stm32f4xx_hal_gpio.o
    0x0800296c   0x000001b0   Code   RO         3653    i.HAL_GPIO_Init     stm32f4xx_hal_gpio.o
    0x08002b1c   0x0000000a   Code   RO         3657    i.HAL_GPIO_WritePin  stm32f4xx_hal_gpio.o
    0x08002b26   0x00000002   PAD
    0x08002b28   0x0000000c   Code   RO         4185    i.HAL_GetTick       stm32f4xx_hal.o
    0x08002b34   0x00000174   Code   RO         1293    i.HAL_I2C_Init      stm32f4xx_hal_i2c.o
    0x08002ca8   0x000001f8   Code   RO         1311    i.HAL_I2C_Mem_Read  stm32f4xx_hal_i2c.o
    0x08002ea0   0x00000130   Code   RO         1314    i.HAL_I2C_Mem_Write  stm32f4xx_hal_i2c.o
    0x08002fd0   0x00000088   Code   RO          502    i.HAL_I2C_MspInit   i2c.o
    0x08003058   0x00000010   Code   RO         4191    i.HAL_IncTick       stm32f4xx_hal.o
    0x08003068   0x00000034   Code   RO         4192    i.HAL_Init          stm32f4xx_hal.o
    0x0800309c   0x00000074   Code   RO          985    i.HAL_InitTick      stm32f4xx_hal_timebase_tim.o
    0x08003110   0x00000038   Code   RO          961    i.HAL_MspInit       stm32f4xx_hal_msp.o
    0x08003148   0x0000001a   Code   RO         4042    i.HAL_NVIC_EnableIRQ  stm32f4xx_hal_cortex.o
    0x08003162   0x00000002   PAD
    0x08003164   0x00000040   Code   RO         4048    i.HAL_NVIC_SetPriority  stm32f4xx_hal_cortex.o
    0x080031a4   0x00000024   Code   RO         4049    i.HAL_NVIC_SetPriorityGrouping  stm32f4xx_hal_cortex.o
    0x080031c8   0x00000130   Code   RO         3299    i.HAL_RCC_ClockConfig  stm32f4xx_hal_rcc.o
    0x080032f8   0x00000040   Code   RO         3303    i.HAL_RCC_GetClockConfig  stm32f4xx_hal_rcc.o
    0x08003338   0x0000000c   Code   RO         3304    i.HAL_RCC_GetHCLKFreq  stm32f4xx_hal_rcc.o
    0x08003344   0x00000020   Code   RO         3306    i.HAL_RCC_GetPCLK1Freq  stm32f4xx_hal_rcc.o
    0x08003364   0x00000020   Code   RO         3307    i.HAL_RCC_GetPCLK2Freq  stm32f4xx_hal_rcc.o
    0x08003384   0x00000064   Code   RO         3308    i.HAL_RCC_GetSysClockFreq  stm32f4xx_hal_rcc.o
    0x080033e8   0x0000031c   Code   RO         3311    i.HAL_RCC_OscConfig  stm32f4xx_hal_rcc.o
    0x08003704   0x00000080   Code   RO         1733    i.HAL_SPI_Init      stm32f4xx_hal_spi.o
    0x08003784   0x00000100   Code   RO          544    i.HAL_SPI_MspInit   spi.o
    0x08003884   0x000001e2   Code   RO         1742    i.HAL_SPI_TransmitReceive  stm32f4xx_hal_spi.o
    0x08003a66   0x00000018   Code   RO         4051    i.HAL_SYSTICK_CLKSourceConfig  stm32f4xx_hal_cortex.o
    0x08003a7e   0x00000028   Code   RO         4053    i.HAL_SYSTICK_Config  stm32f4xx_hal_cortex.o
    0x08003aa6   0x00000002   Code   RO         2721    i.HAL_TIMEx_BreakCallback  stm32f4xx_hal_tim_ex.o
    0x08003aa8   0x00000002   Code   RO         2722    i.HAL_TIMEx_CommutCallback  stm32f4xx_hal_tim_ex.o
    0x08003aaa   0x00000054   Code   RO         2724    i.HAL_TIMEx_ConfigBreakDeadTime  stm32f4xx_hal_tim_ex.o
    0x08003afe   0x00000042   Code   RO         2739    i.HAL_TIMEx_MasterConfigSynchronization  stm32f4xx_hal_tim_ex.o
    0x08003b40   0x00000036   Code   RO         2046    i.HAL_TIM_Base_Init  stm32f4xx_hal_tim.o
    0x08003b76   0x00000002   PAD
    0x08003b78   0x000000c4   Code   RO          586    i.HAL_TIM_Base_MspInit  tim.o
    0x08003c3c   0x00000022   Code   RO         2051    i.HAL_TIM_Base_Start_IT  stm32f4xx_hal_tim.o
    0x08003c5e   0x000000d6   Code   RO         2055    i.HAL_TIM_ConfigClockSource  stm32f4xx_hal_tim.o
    0x08003d34   0x00000002   Code   RO         2075    i.HAL_TIM_IC_CaptureCallback  stm32f4xx_hal_tim.o
    0x08003d36   0x00000166   Code   RO         2089    i.HAL_TIM_IRQHandler  stm32f4xx_hal_tim.o
    0x08003e9c   0x00000098   Code   RO          587    i.HAL_TIM_MspPostInit  tim.o
    0x08003f34   0x00000002   Code   RO         2092    i.HAL_TIM_OC_DelayElapsedCallback  stm32f4xx_hal_tim.o
    0x08003f36   0x000000d0   Code   RO         2113    i.HAL_TIM_PWM_ConfigChannel  stm32f4xx_hal_tim.o
    0x08004006   0x00000036   Code   RO         2116    i.HAL_TIM_PWM_Init  stm32f4xx_hal_tim.o
    0x0800403c   0x00000002   Code   RO         2118    i.HAL_TIM_PWM_MspInit  stm32f4xx_hal_tim.o
    0x0800403e   0x00000002   Code   RO         2119    i.HAL_TIM_PWM_PulseFinishedCallback  stm32f4xx_hal_tim.o
    0x08004040   0x00000044   Code   RO         2121    i.HAL_TIM_PWM_Start  stm32f4xx_hal_tim.o
    0x08004084   0x00000040   Code   RO          764    i.HAL_TIM_PeriodElapsedCallback  stm32f4xx_it.o
    0x080040c4   0x00000002   Code   RO         2132    i.HAL_TIM_TriggerCallback  stm32f4xx_hal_tim.o
    0x080040c6   0x00000062   Code   RO         2997    i.HAL_UART_Init     stm32f4xx_hal_uart.o
    0x08004128   0x000001a4   Code   RO          660    i.HAL_UART_MspInit  usart.o
    0x080042cc   0x000000ba   Code   RO         3005    i.HAL_UART_Transmit  stm32f4xx_hal_uart.o
    0x08004386   0x00000002   Code   RO          765    i.HardFault_Handler  stm32f4xx_it.o
    0x08004388   0x0000002e   Code   RO         1335    i.I2C_IsAcknowledgeFailed  stm32f4xx_hal_i2c.o
    0x080043b6   0x000000e6   Code   RO         1344    i.I2C_RequestMemoryRead  stm32f4xx_hal_i2c.o
    0x0800449c   0x00000094   Code   RO         1345    i.I2C_RequestMemoryWrite  stm32f4xx_hal_i2c.o
    0x08004530   0x0000004c   Code   RO         1348    i.I2C_WaitOnBTFFlagUntilTimeout  stm32f4xx_hal_i2c.o
    0x0800457c   0x00000068   Code   RO         1349    i.I2C_WaitOnFlagUntilTimeout  stm32f4xx_hal_i2c.o
    0x080045e4   0x00000096   Code   RO         1350    i.I2C_WaitOnMasterAddressFlagUntilTimeout  stm32f4xx_hal_i2c.o
    0x0800467a   0x00000066   Code   RO         1351    i.I2C_WaitOnRXNEFlagUntilTimeout  stm32f4xx_hal_i2c.o
    0x080046e0   0x0000004c   Code   RO         1352    i.I2C_WaitOnTXEFlagUntilTimeout  stm32f4xx_hal_i2c.o
    0x0800472c   0x000001d8   Code   RO         7355    i.INS_task          ins_task.o
    0x08004904   0x00000012   Code   RO         6480    i.LPF_1st           power_restriction.o
    0x08004916   0x00000002   PAD
    0x08004918   0x00000044   Code   RO          288    i.MX_CAN1_Init      can.o
    0x0800495c   0x00000044   Code   RO          289    i.MX_CAN2_Init      can.o
    0x080049a0   0x0000006c   Code   RO          340    i.MX_DMA_Init       dma.o
    0x08004a0c   0x000000c0   Code   RO          364    i.MX_FREERTOS_Init  freertos.o
    0x08004acc   0x000001cc   Code   RO          261    i.MX_GPIO_Init      gpio.o
    0x08004c98   0x00000040   Code   RO          503    i.MX_I2C3_Init      i2c.o
    0x08004cd8   0x00000048   Code   RO          545    i.MX_SPI1_Init      spi.o
    0x08004d20   0x00000064   Code   RO          588    i.MX_TIM10_Init     tim.o
    0x08004d84   0x0000004c   Code   RO          589    i.MX_TIM12_Init     tim.o
    0x08004dd0   0x000000fc   Code   RO          590    i.MX_TIM1_Init      tim.o
    0x08004ecc   0x00000064   Code   RO          591    i.MX_TIM3_Init      tim.o
    0x08004f30   0x00000048   Code   RO          592    i.MX_TIM6_Init      tim.o
    0x08004f78   0x00000038   Code   RO          661    i.MX_USART1_UART_Init  usart.o
    0x08004fb0   0x0000003c   Code   RO          662    i.MX_USART3_UART_Init  usart.o
    0x08004fec   0x00000038   Code   RO          663    i.MX_USART6_UART_Init  usart.o
    0x08005024   0x00000378   Code   RO         6892    i.MahonyAHRSupdate  mahonyahrs.o
    0x0800539c   0x000001fc   Code   RO         6893    i.MahonyAHRSupdateIMU  mahonyahrs.o
    0x08005598   0x00000002   Code   RO          766    i.MemManage_Handler  stm32f4xx_it.o
    0x0800559a   0x00000002   PAD
    0x0800559c   0x000000c0   Code   RO         7058    i.MiniPC_Data_task  data_processing.o
    0x0800565c   0x00000050   Code   RO         7059    i.Minipc_Pid_Init   data_processing.o
    0x080056ac   0x000000c0   Code   RO         7197    i.Mocha_Task        gun_control.o
    0x0800576c   0x00000014   Code   RO         7198    i.Moto_dial_Angle_Reset  gun_control.o
    0x08005780   0x00000170   Code   RO         7060    i.MouseKeyControlProcess  data_processing.o
    0x080058f0   0x00000002   Code   RO          767    i.NMI_Handler       stm32f4xx_it.o
    0x080058f2   0x00000002   PAD
    0x080058f4   0x00000018   Code   RO         6412    i.PID_struct_init   pid.o
    0x0800590c   0x00000170   Code   RO         6585    i.Referee_Data_Handler  protocol.o
    0x08005a7c   0x00000018   Code   RO         6674    i.RefreshDeviceOutLineTime  systemstate.o
    0x08005a94   0x00000010   Code   RO         6675    i.RefreshSysTime    systemstate.o
    0x08005aa4   0x00000018   Code   RO         6676    i.RefreshTaskOutLineTime  systemstate.o
    0x08005abc   0x000000b0   Code   RO         7061    i.RemoteControlProcess  data_processing.o
    0x08005b6c   0x00000068   Code   RO         6920    i.Remote_Ctrl       communication.o
    0x08005bd4   0x0000007c   Code   RO         7062    i.Remote_Data_Task  data_processing.o
    0x08005c50   0x00001274   Code   RO         7470    i.SPI1_DMA_enable   bsp_spi.o
    0x08006ec4   0x000000f0   Code   RO         7471    i.SPI1_DMA_init     bsp_spi.o
    0x08006fb4   0x00000020   Code   RO         1771    i.SPI_EndRxTxTransaction  stm32f4xx_hal_spi.o
    0x08006fd4   0x00000094   Code   RO         1776    i.SPI_WaitFlagStateUntilTimeout  stm32f4xx_hal_spi.o
    0x08007068   0x00000008   Code   RO          365    i.StartDefaultTask  freertos.o
    0x08007070   0x00000004   Code   RO          768    i.SysTick_Handler   stm32f4xx_it.o
    0x08007074   0x000000a8   Code   RO           14    i.SystemClock_Config  main.o
    0x0800711c   0x00000054   Code   RO         4428    i.SystemInit        system_stm32f4xx.o
    0x08007170   0x0000000c   Code   RO          769    i.TIM2_IRQHandler   stm32f4xx_it.o
    0x0800717c   0x0000000c   Code   RO          770    i.TIM3_IRQHandler   stm32f4xx_it.o
    0x08007188   0x0000000c   Code   RO          771    i.TIM6_DAC_IRQHandler  stm32f4xx_it.o
    0x08007194   0x0000000c   Code   RO          772    i.TIM8_BRK_TIM12_IRQHandler  stm32f4xx_it.o
    0x080071a0   0x000000c8   Code   RO         2134    i.TIM_Base_SetConfig  stm32f4xx_hal_tim.o
    0x08007268   0x0000001a   Code   RO         2135    i.TIM_CCxChannelCmd  stm32f4xx_hal_tim.o
    0x08007282   0x00000014   Code   RO         2145    i.TIM_ETR_SetConfig  stm32f4xx_hal_tim.o
    0x08007296   0x00000010   Code   RO         2146    i.TIM_ITRx_SetConfig  stm32f4xx_hal_tim.o
    0x080072a6   0x00000002   PAD
    0x080072a8   0x00000060   Code   RO         2147    i.TIM_OC1_SetConfig  stm32f4xx_hal_tim.o
    0x08007308   0x0000006c   Code   RO         2148    i.TIM_OC2_SetConfig  stm32f4xx_hal_tim.o
    0x08007374   0x00000068   Code   RO         2149    i.TIM_OC3_SetConfig  stm32f4xx_hal_tim.o
    0x080073dc   0x00000050   Code   RO         2150    i.TIM_OC4_SetConfig  stm32f4xx_hal_tim.o
    0x0800742c   0x00000022   Code   RO         2152    i.TIM_TI1_ConfigInputStage  stm32f4xx_hal_tim.o
    0x0800744e   0x00000024   Code   RO         2154    i.TIM_TI2_ConfigInputStage  stm32f4xx_hal_tim.o
    0x08007472   0x00000002   PAD
    0x08007474   0x000002ac   Code   RO         3023    i.UART_SetConfig    stm32f4xx_hal_uart.o
    0x08007720   0x00000064   Code   RO         3025    i.UART_WaitOnFlagUntilTimeout  stm32f4xx_hal_uart.o
    0x08007784   0x0000011c   Code   RO          773    i.USART3_IRQHandler  stm32f4xx_it.o
    0x080078a0   0x00000054   Code   RO          774    i.USART6_IRQHandler  stm32f4xx_it.o
    0x080078f4   0x00000002   Code   RO          775    i.UsageFault_Handler  stm32f4xx_it.o
    0x080078f6   0x00000022   Code   RO          664    i.Usart_SendArray   usart.o
    0x08007918   0x0000000e   Code   RO          665    i.Usart_SendByte    usart.o
    0x08007926   0x00000026   Code   RO         8032    i.__ARM_fpclassifyf  m_wm.l(fpclassifyf.o)
    0x0800794c   0x00000020   Code   RO         4055    i.__NVIC_SetPriority  stm32f4xx_hal_cortex.o
    0x0800796c   0x0000012c   Code   RO         7664    i.__hardfp_asinf    m_wm.l(asinf.o)
    0x08007a98   0x00000250   Code   RO         7676    i.__hardfp_atan2f   m_wm.l(atan2f.o)
    0x08007ce8   0x0000007a   Code   RO         7702    i.__hardfp_sqrt     m_wm.l(sqrt_full.o)
    0x08007d62   0x00000006   Code   RO         8035    i.__mathlib_flt_infnan  m_wm.l(funder.o)
    0x08007d68   0x00000006   Code   RO         8036    i.__mathlib_flt_infnan2  m_wm.l(funder.o)
    0x08007d6e   0x00000002   PAD
    0x08007d70   0x00000010   Code   RO         8037    i.__mathlib_flt_invalid  m_wm.l(funder.o)
    0x08007d80   0x00000010   Code   RO         8040    i.__mathlib_flt_underflow  m_wm.l(funder.o)
    0x08007d90   0x0000000e   Code   RO         8111    i.__scatterload_copy  mc_w.l(handlers.o)
    0x08007d9e   0x00000002   Code   RO         8112    i.__scatterload_null  mc_w.l(handlers.o)
    0x08007da0   0x0000000e   Code   RO         8113    i.__scatterload_zeroinit  mc_w.l(handlers.o)
    0x08007dae   0x00000002   PAD
    0x08007db0   0x0000000c   Code   RO         8087    i.__set_errno       mc_w.l(errno.o)
    0x08007dbc   0x00000128   Code   RO         5874    i.bmi088_accel_init  bmi088driver.o
    0x08007ee4   0x000002c0   Code   RO         5875    i.bmi088_accel_self_test  bmi088driver.o
    0x080081a4   0x000000dc   Code   RO         5876    i.bmi088_gyro_init  bmi088driver.o
    0x08008280   0x000000ca   Code   RO         5877    i.bmi088_gyro_self_test  bmi088driver.o
    0x0800834a   0x00000002   PAD
    0x0800834c   0x00000080   Code   RO         7200    i.bopan_check       gun_control.o
    0x080083cc   0x00000028   Code   RO         7429    i.delay_init        bsp_delay.o
    0x080083f4   0x00000034   Code   RO         7431    i.delay_us          bsp_delay.o
    0x08008428   0x000000c4   Code   RO         7356    i.get_angle         ins_task.o
    0x080084ec   0x0000002c   Code   RO         6589    i.get_crc16_check_sum  protocol.o
    0x08008518   0x00000020   Code   RO         6590    i.get_crc8_check_sum  protocol.o
    0x08008538   0x00000040   Code   RO         5742    i.get_moto_measure_3508  motor_use_can.o
    0x08008578   0x0000003c   Code   RO         5743    i.get_moto_measure_6020  motor_use_can.o
    0x080085b4   0x0000003e   Code   RO         5744    i.get_moto_measure_6623  motor_use_can.o
    0x080085f2   0x0000000a   Code   RO         5745    i.get_moto_offset   motor_use_can.o
    0x080085fc   0x000001f8   Code   RO         7138    i.gimbal_pid_init   gimbal_control.o
    0x080087f4   0x000000f8   Code   RO         7357    i.imu_cmd_spi_dma   ins_task.o
    0x080088ec   0x0000002c   Code   RO         6760    i.invSqrt           user_lib.o
    0x08008918   0x00000002   Code   RO         6256    i.ist8310_GPIO_init  ist8310driver_middleware.o
    0x0800891a   0x00000002   PAD
    0x0800891c   0x0000001c   Code   RO         6257    i.ist8310_IIC_read_muli_reg  ist8310driver_middleware.o
    0x08008938   0x00000024   Code   RO         6258    i.ist8310_IIC_read_single_reg  ist8310driver_middleware.o
    0x0800895c   0x00000024   Code   RO         6260    i.ist8310_IIC_write_single_reg  ist8310driver_middleware.o
    0x08008980   0x00000010   Code   RO         6261    i.ist8310_RST_H     ist8310driver_middleware.o
    0x08008990   0x00000010   Code   RO         6262    i.ist8310_RST_L     ist8310driver_middleware.o
    0x080089a0   0x00000002   Code   RO         6263    i.ist8310_com_init  ist8310driver_middleware.o
    0x080089a2   0x00000004   Code   RO         6264    i.ist8310_delay_ms  ist8310driver_middleware.o
    0x080089a6   0x00000002   PAD
    0x080089a8   0x00000080   Code   RO         6221    i.ist8310_init      ist8310driver.o
    0x08008a28   0x00000054   Code   RO         6222    i.ist8310_read_mag  ist8310driver.o
    0x08008a7c   0x0000001e   Code   RO           15    i.main              main.o
    0x08008a9a   0x0000000c   Code   RO         5221    i.makeFreeRtosPriority  cmsis_os.o
    0x08008aa6   0x0000000e   Code   RO         5223    i.osDelay           cmsis_os.o
    0x08008ab4   0x0000000e   Code   RO         5224    i.osDelayUntil      cmsis_os.o
    0x08008ac2   0x0000000a   Code   RO         5226    i.osKernelStart     cmsis_os.o
    0x08008acc   0x00000014   Code   RO         5259    i.osSystickHandler  cmsis_os.o
    0x08008ae0   0x00000054   Code   RO         5260    i.osThreadCreate    cmsis_os.o
    0x08008b34   0x000001e0   Code   RO         6413    i.pid_calc          pid.o
    0x08008d14   0x0000000e   Code   RO         6414    i.pid_param_init    pid.o
    0x08008d22   0x00000006   Code   RO         6415    i.pid_reset         pid.o
    0x08008d28   0x00000070   Code   RO         4912    i.prvAddCurrentTaskToDelayedList  tasks.o
    0x08008d98   0x000000d0   Code   RO         4913    i.prvAddNewTaskToReadyList  tasks.o
    0x08008e68   0x00000034   Code   RO         4914    i.prvDeleteTCB      tasks.o
    0x08008e9c   0x0000004c   Code   RO         5588    i.prvHeapInit       heap_4.o
    0x08008ee8   0x00000060   Code   RO         4915    i.prvIdleTask       tasks.o
    0x08008f48   0x0000008e   Code   RO         4916    i.prvInitialiseNewTask  tasks.o
    0x08008fd6   0x00000002   PAD
    0x08008fd8   0x0000004c   Code   RO         5589    i.prvInsertBlockIntoFreeList  heap_4.o
    0x08009024   0x00000020   Code   RO         4917    i.prvResetNextTaskUnblockTime  tasks.o
    0x08009044   0x00000028   Code   RO         5650    i.prvTaskExitError  port.o
    0x0800906c   0x000000d8   Code   RO         5590    i.pvPortMalloc      heap_4.o
    0x08009144   0x0000002c   Code   RO         5651    i.pxPortInitialiseStack  port.o
    0x08009170   0x00000050   Code   RO         6762    i.ramp_calc         user_lib.o
    0x080091c0   0x0000001a   Code   RO         6763    i.ramp_init         user_lib.o
    0x080091da   0x0000003e   Code   RO         8050    i.sqrtf             m_wm.l(sqrtf_full.o)
    0x08009218   0x00000098   Code   RO         7319    i.testTask          other_tasks.o
    0x080092b0   0x00000068   Code   RO         4920    i.ulTaskNotifyTake  tasks.o
    0x08009318   0x00000026   Code   RO         4566    i.uxListRemove      list.o
    0x0800933e   0x00000002   PAD
    0x08009340   0x00000014   Code   RO          366    i.vApplicationGetIdleTaskMemory  freertos.o
    0x08009354   0x00000016   Code   RO         4567    i.vListInitialise   list.o
    0x0800936a   0x00000006   Code   RO         4568    i.vListInitialiseItem  list.o
    0x08009370   0x00000030   Code   RO         4569    i.vListInsert       list.o
    0x080093a0   0x00000018   Code   RO         4570    i.vListInsertEnd    list.o
    0x080093b8   0x00000040   Code   RO         5653    i.vPortEnterCritical  port.o
    0x080093f8   0x00000028   Code   RO         5654    i.vPortExitCritical  port.o
    0x08009420   0x0000005c   Code   RO         5591    i.vPortFree         heap_4.o
    0x0800947c   0x00000024   Code   RO         5655    i.vPortSetupTimerInterrupt  port.o
    0x080094a0   0x00000054   Code   RO         5656    i.vPortValidateInterruptPriority  port.o
    0x080094f4   0x0000004c   Code   RO         4925    i.vTaskDelay        tasks.o
    0x08009540   0x0000008c   Code   RO         4926    i.vTaskDelayUntil   tasks.o
    0x080095cc   0x000000b8   Code   RO         4931    i.vTaskNotifyGiveFromISR  tasks.o
    0x08009684   0x0000006c   Code   RO         4939    i.vTaskStartScheduler  tasks.o
    0x080096f0   0x00000010   Code   RO         4941    i.vTaskSuspendAll   tasks.o
    0x08009700   0x0000005c   Code   RO         4942    i.vTaskSwitchContext  tasks.o
    0x0800975c   0x00000040   Code   RO          667    i.vcan_sendware     usart.o
    0x0800979c   0x0000003c   Code   RO         6593    i.verify_crc16_check_sum  protocol.o
    0x080097d8   0x0000002a   Code   RO         6594    i.verify_crc8_check_sum  protocol.o
    0x08009802   0x00000002   PAD
    0x08009804   0x000000f4   Code   RO         5657    i.xPortStartScheduler  port.o
    0x080098f8   0x0000002c   Code   RO         5658    i.xPortSysTickHandler  port.o
    0x08009924   0x0000005a   Code   RO         4944    i.xTaskCreate       tasks.o
    0x0800997e   0x00000056   Code   RO         4945    i.xTaskCreateStatic  tasks.o
    0x080099d4   0x0000001c   Code   RO         4949    i.xTaskGetSchedulerState  tasks.o
    0x080099f0   0x0000000c   Code   RO         4950    i.xTaskGetTickCount  tasks.o
    0x080099fc   0x000000c8   Code   RO         4952    i.xTaskIncrementTick  tasks.o
    0x08009ac4   0x000000c4   Code   RO         4958    i.xTaskResumeAll    tasks.o
    0x08009b88   0x000000e0   Data   RO          368    .constdata          freertos.o
    0x08009c68   0x00000008   Data   RO         3772    .constdata          stm32f4xx_hal_dma.o
    0x08009c70   0x00000010   Data   RO         4429    .constdata          system_stm32f4xx.o
    0x08009c80   0x00000008   Data   RO         4430    .constdata          system_stm32f4xx.o
    0x08009c88   0x00000012   Data   RO         5882    .constdata          bmi088driver.o
    0x08009c9a   0x0000000c   Data   RO         6224    .constdata          ist8310driver.o
    0x08009ca6   0x00000002   PAD
    0x08009ca8   0x00000316   Data   RO         6597    .constdata          protocol.o
    0x08009fbe   0x00000002   PAD
    0x08009fc0   0x00000804   Data   RO         7641    .constdata          arm_cortexM4lf_math.lib(arm_common_tables.o)
    0x0800a7c4   0x0000005c   Data   RO          369    .conststring        freertos.o
    0x0800a820   0x00000020   Data   RO         8109    Region$$Table       anon$$obj.o


    Execution Region RW_IRAM1 (Base: 0x20000000, Size: 0x00005830, Max: 0x00020000, ABSOLUTE, COMPRESSED[0x00000058])

    Base Addr    Size         Type   Attr      Idx    E Section Name        Object

    0x20000000   0x00000004   Data   RW          291    .data               can.o
    0x20000004   0x00000020   Data   RW          370    .data               freertos.o
    0x20000024   0x0000001c   Data   RW          777    .data               stm32f4xx_it.o
    0x20000040   0x0000000c   Data   RW         4199    .data               stm32f4xx_hal.o
    0x2000004c   0x00000004   Data   RW         4431    .data               system_stm32f4xx.o
    0x20000050   0x0000003c   Data   RW         4961    .data               tasks.o
    0x2000008c   0x00000018   Data   RW         5596    .data               heap_4.o
    0x200000a4   0x0000000c   Data   RW         5659    .data               port.o
    0x200000b0   0x0000002c   Data   RW         5883    .data               bmi088driver.o
    0x200000dc   0x00000014   Data   RW         6598    .data               protocol.o
    0x200000f0   0x00000014   Data   RW         6894    .data               mahonyahrs.o
    0x20000104   0x00000002   Data   RW         6930    .data               communication.o
    0x20000106   0x00000008   Data   RW         7066    .data               data_processing.o
    0x2000010e   0x00000010   Data   RW         7145    .data               gimbal_control.o
    0x2000011e   0x00000002   PAD
    0x20000120   0x0000001c   Data   RW         7203    .data               gun_control.o
    0x2000013c   0x00000004   Data   RW         7320    .data               other_tasks.o
    0x20000140   0x00000025   Data   RW         7359    .data               ins_task.o
    0x20000165   0x00000001   Data   RW         7360    .data               ins_task.o
    0x20000166   0x00000002   PAD
    0x20000168   0x00000008   Data   RW         7432    .data               bsp_delay.o
    0x20000170   0x00000004   Data   RW         8088    .data               mc_w.l(errno.o)
    0x20000174   0x00000050   Zero   RW          290    .bss                can.o
    0x200001c4   0x00000254   Zero   RW          367    .bss                freertos.o
    0x20000418   0x00000054   Zero   RW          504    .bss                i2c.o
    0x2000046c   0x00000118   Zero   RW          546    .bss                spi.o
    0x20000584   0x00000140   Zero   RW          593    .bss                tim.o
    0x200006c4   0x00000180   Zero   RW          668    .bss                usart.o
    0x20000844   0x00000038   Zero   RW          776    .bss                stm32f4xx_it.o
    0x2000087c   0x00000040   Zero   RW          988    .bss                stm32f4xx_hal_timebase_tim.o
    0x200008bc   0x000000f0   Zero   RW         4960    .bss                tasks.o
    0x200009ac   0x00003c00   Zero   RW         5595    .bss                heap_4.o
    0x200045ac   0x0000003c   Zero   RW         5747    .bss                motor_use_can.o
    0x200045e8   0x00000078   Zero   RW         5748    .bss                motor_use_can.o
    0x20004660   0x0000003c   Zero   RW         5749    .bss                motor_use_can.o
    0x2000469c   0x0000003c   Zero   RW         5750    .bss                motor_use_can.o
    0x200046d8   0x000000c0   Zero   RW         5751    .bss                motor_use_can.o
    0x20004798   0x00000040   Zero   RW         6595    .bss                protocol.o
    0x200047d8   0x00000044   Zero   RW         6680    .bss                systemstate.o
    0x2000481c   0x00000026   Zero   RW         6924    .bss                communication.o
    0x20004842   0x00000064   Zero   RW         6925    .bss                communication.o
    0x200048a6   0x00000017   Zero   RW         6970    .bss                minipc.o
    0x200048bd   0x00000003   PAD
    0x200048c0   0x00000100   Zero   RW         7064    .bss                data_processing.o
    0x200049c0   0x00000730   Zero   RW         7139    .bss                gimbal_control.o
    0x200050f0   0x00000228   Zero   RW         7201    .bss                gun_control.o
    0x20005318   0x00000118   Zero   RW         7358    .bss                ins_task.o
    0x20005430   0x00000400   Zero   RW            1    STACK               startup_stm32f407xx.o


==============================================================================

Image component sizes


      Code (inc. data)   RO Data    RW Data    ZI Data      Debug   Object Name

      2158         32         18         44          0     598843   bmi088driver.o
       108         28          0          0          0       4452   bmi088middleware.o
       180         26          0          0          0        571   bsp.o
        92         18          0          8          0       1264   bsp_delay.o
      4964         74          0          0          0       2394   bsp_spi.o
       448         46          0          4         80       3023   can.o
       154          0          0          0          0      23731   cmsis_os.o
       104          4          0          2        138       2647   communication.o
       940        118          0          8        256       5782   data_processing.o
       108          4          0          0          0        810   dma.o
         0          0          0          0          0      18120   event_groups.o
       220         12        316         32        596      17312   freertos.o
      1588        152          0         16       1840       5410   gimbal_control.o
       460         32          0          0          0       1203   gpio.o
      1132        172          0         28        552       9060   gun_control.o
       460         24          0         24      15360       7307   heap_4.o
       200         32          0          0         84       1681   i2c.o
       976         78          0         38        280      10950   ins_task.o
       212         10         12          0          0       2462   ist8310driver.o
       140         28          0          0          0       4863   ist8310driver_middleware.o
       138          0          0          0          0       3530   list.o
      1396         36          0         20          0       3103   mahonyahrs.o
       200         10          0          0          0     743615   main.o
        56          8          0          0         23       1920   minipc.o
       488         22          0          0        492       8148   motor_use_can.o
       148         14          0          0          0       1598   motor_use_tim.o
       152         30          0          4          0       1396   other_tasks.o
       566         16          0          0          0       5654   pid.o
       786         82          0         12          0      11921   port.o
        18          0          0          0          0        614   power_restriction.o
       546         36        790         20         64      10877   protocol.o
       328         32          0          0        280       1867   spi.o
        36          8        392          0       1024        828   startup_stm32f407xx.o
       116         18          0         12          0       3874   stm32f4xx_hal.o
      1638          6          0          0          0      14243   stm32f4xx_hal_can.o
       222         14          0          0          0      34565   stm32f4xx_hal_cortex.o
       862         16          8          0          0       5636   stm32f4xx_hal_dma.o
       466         50          0          0          0       3047   stm32f4xx_hal_gpio.o
      2112         44          0          0          0      12598   stm32f4xx_hal_i2c.o
        56          4          0          0          0        834   stm32f4xx_hal_msp.o
      1340         96          0          0          0       6281   stm32f4xx_hal_rcc.o
       790          0          0          0          0       4633   stm32f4xx_hal_spi.o
      1720         90          0          0          0      16486   stm32f4xx_hal_tim.o
       154          0          0          0          0       3249   stm32f4xx_hal_tim_ex.o
       116         14          0          0         64       1395   stm32f4xx_hal_timebase_tim.o
      1068          8          0          0          0       4096   stm32f4xx_hal_uart.o
      1820        222          0         28         56      21209   stm32f4xx_it.o
        84         18         24          4          0       1155   system_stm32f4xx.o
       140         28          0          0         68       3970   systemstate.o
      1974        148          0         60        240      20965   tasks.o
       948         92          0          0        320       5144   tim.o
       830         90          0          0        384       6720   usart.o
       150          4          0          0          0       3094   user_lib.o

    ----------------------------------------------------------------------
     36154       2146       1596        368      22204    1690150   Object Totals
         0          0         32          0          0          0   (incl. Generated)
        46          0          4          4          3          0   (incl. Padding)

    ----------------------------------------------------------------------

      Code (inc. data)   RO Data    RW Data    ZI Data      Debug   Library Member Name

         0          0       2052          0          0       4636   arm_common_tables.o
       260         18          0          0          0      17142   arm_sin_cos_f32.o
       300         42          0          0          0        176   asinf.o
       592         90          0          0          0        184   atan2f.o
        38          0          0          0          0        116   fpclassifyf.o
        44         12          0          0          0        464   funder.o
       122          0          0          0          0        148   sqrt_full.o
        62          0          0          0          0        136   sqrtf_full.o
        86          0          0          0          0          0   __dczerorl2.o
         0          0          0          0          0          0   entry.o
         0          0          0          0          0          0   entry10a.o
         0          0          0          0          0          0   entry11a.o
         8          4          0          0          0          0   entry2.o
         4          0          0          0          0          0   entry5.o
         0          0          0          0          0          0   entry7b.o
         0          0          0          0          0          0   entry8b.o
         8          4          0          0          0          0   entry9a.o
        12          6          0          4          0         68   errno.o
        30          0          0          0          0          0   handlers.o
        36          8          0          0          0         68   init.o
         0          0          0          0          0          0   iusefp.o
        30          0          0          0          0         68   llshl.o
        36          0          0          0          0         68   llsshr.o
        32          0          0          0          0         68   llushr.o
        36          0          0          0          0         68   memcpya.o
        36          0          0          0          0        108   memseta.o
        98          0          0          0          0         92   uldiv.o
        56          0          0          0          0         88   d2f.o
       334          0          0          0          0        148   dadd.o
       222          0          0          0          0        100   ddiv.o
       186          0          0          0          0        176   depilogue.o
        34          0          0          0          0         76   dflti.o
        26          0          0          0          0         76   dfltui.o
       228          0          0          0          0         96   dmul.o
       162          0          0          0          0        100   dsqrt.o
        38          0          0          0          0         68   f2d.o
       110          0          0          0          0        168   fepilogue.o

    ----------------------------------------------------------------------
      3270        184       2052          4          0      24706   Library Totals
         4          0          0          0          0          0   (incl. Padding)

    ----------------------------------------------------------------------

      Code (inc. data)   RO Data    RW Data    ZI Data      Debug   Library Name

       260         18       2052          0          0      21778   arm_cortexM4lf_math.lib
      1158        144          0          0          0       1224   m_wm.l
       452         22          0          4          0        608   mc_w.l
      1396          0          0          0          0       1096   mf_w.l

    ----------------------------------------------------------------------
      3270        184       2052          4          0      24706   Library Totals

    ----------------------------------------------------------------------

==============================================================================


      Code (inc. data)   RO Data    RW Data    ZI Data      Debug   

     39424       2330       3648        372      22204    1686660   Grand Totals
     39424       2330       3648         88      22204    1686660   ELF Image Totals (compressed)
     39424       2330       3648         88          0          0   ROM Totals

==============================================================================

    Total RO  Size (Code + RO Data)                43072 (  42.06kB)
    Total RW  Size (RW Data + ZI Data)             22576 (  22.05kB)
    Total ROM Size (Code + RO Data + RW Data)      43160 (  42.15kB)

==============================================================================

