Component: ARM Compiler 5.06 update 1 (build 61) Tool: armlink [4d35a8]

==============================================================================

Section Cross References

    startup_stm32f407xx.o(RESET) refers to startup_stm32f407xx.o(STACK) for __initial_sp
    startup_stm32f407xx.o(RESET) refers to startup_stm32f407xx.o(.text) for Reset_Handler
    startup_stm32f407xx.o(RESET) refers to stm32f4xx_it.o(i.NMI_Handler) for NMI_Handler
    startup_stm32f407xx.o(RESET) refers to stm32f4xx_it.o(i.HardFault_Handler) for HardFault_Handler
    startup_stm32f407xx.o(RESET) refers to stm32f4xx_it.o(i.MemManage_Handler) for MemManage_Handler
    startup_stm32f407xx.o(RESET) refers to stm32f4xx_it.o(i.BusFault_Handler) for BusFault_Handler
    startup_stm32f407xx.o(RESET) refers to stm32f4xx_it.o(i.UsageFault_Handler) for UsageFault_Handler
    startup_stm32f407xx.o(RESET) refers to port.o(.emb_text) for SVC_Handler
    startup_stm32f407xx.o(RESET) refers to stm32f4xx_it.o(i.DebugMon_Handler) for DebugMon_Handler
    startup_stm32f407xx.o(RESET) refers to stm32f4xx_it.o(i.SysTick_Handler) for SysTick_Handler
    startup_stm32f407xx.o(RESET) refers to stm32f4xx_it.o(i.DMA1_Stream5_IRQHandler) for DMA1_Stream5_IRQHandler
    startup_stm32f407xx.o(RESET) refers to stm32f4xx_it.o(i.CAN1_RX0_IRQHandler) for CAN1_RX0_IRQHandler
    startup_stm32f407xx.o(RESET) refers to stm32f4xx_it.o(i.TIM1_UP_TIM10_IRQHandler) for TIM1_UP_TIM10_IRQHandler
    startup_stm32f407xx.o(RESET) refers to stm32f4xx_it.o(i.TIM3_IRQHandler) for TIM3_IRQHandler
    startup_stm32f407xx.o(RESET) refers to stm32f4xx_it.o(i.TIM4_IRQHandler) for TIM4_IRQHandler
    startup_stm32f407xx.o(RESET) refers to stm32f4xx_it.o(i.USART1_IRQHandler) for USART1_IRQHandler
    startup_stm32f407xx.o(RESET) refers to stm32f4xx_it.o(i.USART2_IRQHandler) for USART2_IRQHandler
    startup_stm32f407xx.o(RESET) refers to stm32f4xx_it.o(i.TIM8_UP_TIM13_IRQHandler) for TIM8_UP_TIM13_IRQHandler
    startup_stm32f407xx.o(RESET) refers to stm32f4xx_it.o(i.DMA2_Stream2_IRQHandler) for DMA2_Stream2_IRQHandler
    startup_stm32f407xx.o(RESET) refers to stm32f4xx_it.o(i.CAN2_RX0_IRQHandler) for CAN2_RX0_IRQHandler
    startup_stm32f407xx.o(.text) refers to system_stm32f4xx.o(i.SystemInit) for SystemInit
    startup_stm32f407xx.o(.text) refers to entry.o(.ARM.Collect$$$$00000000) for __main
    main.o(i.SystemClock_Config) refers to memseta.o(.text) for __aeabi_memclr4
    main.o(i.SystemClock_Config) refers to stm32f4xx_hal_rcc.o(i.HAL_RCC_OscConfig) for HAL_RCC_OscConfig
    main.o(i.SystemClock_Config) refers to stm32f4xx_hal_rcc.o(i.HAL_RCC_ClockConfig) for HAL_RCC_ClockConfig
    main.o(i.SystemClock_Config) refers to stm32f4xx_hal_rcc.o(i.HAL_RCC_GetHCLKFreq) for HAL_RCC_GetHCLKFreq
    main.o(i.SystemClock_Config) refers to stm32f4xx_hal_cortex.o(i.HAL_SYSTICK_Config) for HAL_SYSTICK_Config
    main.o(i.SystemClock_Config) refers to stm32f4xx_hal_cortex.o(i.HAL_SYSTICK_CLKSourceConfig) for HAL_SYSTICK_CLKSourceConfig
    main.o(i.SystemClock_Config) refers to stm32f4xx_hal_cortex.o(i.HAL_NVIC_SetPriority) for HAL_NVIC_SetPriority
    main.o(i.main) refers to stm32f4xx_hal.o(i.HAL_Init) for HAL_Init
    main.o(i.main) refers to main.o(i.SystemClock_Config) for SystemClock_Config
    main.o(i.main) refers to port.o(i.vPortEnterCritical) for vPortEnterCritical
    main.o(i.main) refers to bsp.o(i.BSP_Init) for BSP_Init
    main.o(i.main) refers to freertos.o(i.MX_FREERTOS_Init) for MX_FREERTOS_Init
    main.o(i.main) refers to port.o(i.vPortExitCritical) for vPortExitCritical
    main.o(i.main) refers to cmsis_os.o(i.osKernelStart) for osKernelStart
    gpio.o(i.MX_GPIO_Init) refers to memseta.o(.text) for __aeabi_memclr4
    gpio.o(i.MX_GPIO_Init) refers to stm32f4xx_hal_gpio.o(i.HAL_GPIO_WritePin) for HAL_GPIO_WritePin
    gpio.o(i.MX_GPIO_Init) refers to stm32f4xx_hal_gpio.o(i.HAL_GPIO_Init) for HAL_GPIO_Init
    adc.o(i.HAL_ADC_MspDeInit) refers to stm32f4xx_hal_gpio.o(i.HAL_GPIO_DeInit) for HAL_GPIO_DeInit
    adc.o(i.HAL_ADC_MspInit) refers to memseta.o(.text) for __aeabi_memclr4
    adc.o(i.HAL_ADC_MspInit) refers to stm32f4xx_hal_gpio.o(i.HAL_GPIO_Init) for HAL_GPIO_Init
    adc.o(i.HAL_ADC_MspInit) refers to stm32f4xx_hal_dma.o(i.HAL_DMA_Init) for HAL_DMA_Init
    adc.o(i.HAL_ADC_MspInit) refers to main.o(i.Error_Handler) for Error_Handler
    adc.o(i.HAL_ADC_MspInit) refers to adc.o(.bss) for .bss
    adc.o(i.MX_ADC1_Init) refers to stm32f4xx_hal_adc.o(i.HAL_ADC_Init) for HAL_ADC_Init
    adc.o(i.MX_ADC1_Init) refers to main.o(i.Error_Handler) for Error_Handler
    adc.o(i.MX_ADC1_Init) refers to stm32f4xx_hal_adc.o(i.HAL_ADC_ConfigChannel) for HAL_ADC_ConfigChannel
    adc.o(i.MX_ADC1_Init) refers to adc.o(.bss) for .bss
    adc.o(i.MX_ADC2_Init) refers to stm32f4xx_hal_adc.o(i.HAL_ADC_Init) for HAL_ADC_Init
    adc.o(i.MX_ADC2_Init) refers to main.o(i.Error_Handler) for Error_Handler
[...]
    i.motor_move_setvmmps                    0x080049a4   Section        0  mecanum_calc.o(i.motor_move_setvmmps)
    i.osDelay                                0x080049ce   Section        0  cmsis_os.o(i.osDelay)
    i.osDelayUntil                           0x080049dc   Section        0  cmsis_os.o(i.osDelayUntil)
    i.osKernelStart                          0x080049ea   Section        0  cmsis_os.o(i.osKernelStart)
    i.osSystickHandler                       0x080049f4   Section        0  cmsis_os.o(i.osSystickHandler)
    i.osThreadCreate                         0x08004a08   Section        0  cmsis_os.o(i.osThreadCreate)
    i.package_frame                          0x08004a5c   Section        0  power_restriction.o(i.package_frame)
    i.pid_calc                               0x08004a74   Section        0  pid.o(i.pid_calc)
    i.pid_param_init                         0x08004c3c   Section        0  pid.o(i.pid_param_init)
    pid_param_init                           0x08004c3d   Thumb Code    14  pid.o(i.pid_param_init)
    i.pid_reset                              0x08004c4a   Section        0  pid.o(i.pid_reset)
    pid_reset                                0x08004c4b   Thumb Code     6  pid.o(i.pid_reset)
    i.prvAddCurrentTaskToDelayedList         0x08004c50   Section        0  tasks.o(i.prvAddCurrentTaskToDelayedList)
    prvAddCurrentTaskToDelayedList           0x08004c51   Thumb Code   102  tasks.o(i.prvAddCurrentTaskToDelayedList)
    i.prvAddNewTaskToReadyList               0x08004cc0   Section        0  tasks.o(i.prvAddNewTaskToReadyList)
    prvAddNewTaskToReadyList                 0x08004cc1   Thumb Code   194  tasks.o(i.prvAddNewTaskToReadyList)
    i.prvDeleteTCB                           0x08004d90   Section        0  tasks.o(i.prvDeleteTCB)
    prvDeleteTCB                             0x08004d91   Thumb Code    52  tasks.o(i.prvDeleteTCB)
    i.prvHeapInit                            0x08004dc4   Section        0  heap_4.o(i.prvHeapInit)
    prvHeapInit                              0x08004dc5   Thumb Code    66  heap_4.o(i.prvHeapInit)
    i.prvIdleTask                            0x08004e10   Section        0  tasks.o(i.prvIdleTask)
    prvIdleTask                              0x08004e11   Thumb Code    82  tasks.o(i.prvIdleTask)
    i.prvInitialiseNewTask                   0x08004e70   Section        0  tasks.o(i.prvInitialiseNewTask)
    prvInitialiseNewTask                     0x08004e71   Thumb Code   142  tasks.o(i.prvInitialiseNewTask)
    i.prvInsertBlockIntoFreeList             0x08004f00   Section        0  heap_4.o(i.prvInsertBlockIntoFreeList)
    prvInsertBlockIntoFreeList               0x08004f01   Thumb Code    72  heap_4.o(i.prvInsertBlockIntoFreeList)
    i.prvResetNextTaskUnblockTime            0x08004f4c   Section        0  tasks.o(i.prvResetNextTaskUnblockTime)
    prvResetNextTaskUnblockTime              0x08004f4d   Thumb Code    26  tasks.o(i.prvResetNextTaskUnblockTime)
    i.prvTaskExitError                       0x08004f6c   Section        0  port.o(i.prvTaskExitError)
    prvTaskExitError                         0x08004f6d   Thumb Code    36  port.o(i.prvTaskExitError)
    i.pvPortMalloc                           0x08004f94   Section        0  heap_4.o(i.pvPortMalloc)
    i.pxPortInitialiseStack                  0x0800506c   Section        0  port.o(i.pxPortInitialiseStack)
    i.sendata                                0x08005098   Section        0  protocol.o(i.sendata)
    i.super_cap                              0x0800513c   Section        0  power_restriction.o(i.super_cap)
    i.testTask                               0x08005498   Section        0  other_tasks.o(i.testTask)
    i.ulTaskNotifyTake                       0x080056c0   Section        0  tasks.o(i.ulTaskNotifyTake)
    i.uxListRemove                           0x08005728   Section        0  list.o(i.uxListRemove)
    i.vApplicationGetIdleTaskMemory          0x08005750   Section        0  freertos.o(i.vApplicationGetIdleTaskMemory)
    i.vListInitialise                        0x08005764   Section        0  list.o(i.vListInitialise)
    i.vListInitialiseItem                    0x0800577a   Section        0  list.o(i.vListInitialiseItem)
    i.vListInsert                            0x08005780   Section        0  list.o(i.vListInsert)
    i.vListInsertEnd                         0x080057b0   Section        0  list.o(i.vListInsertEnd)
    i.vPortEnterCritical                     0x080057c8   Section        0  port.o(i.vPortEnterCritical)
    i.vPortExitCritical                      0x08005808   Section        0  port.o(i.vPortExitCritical)
    i.vPortFree                              0x08005830   Section        0  heap_4.o(i.vPortFree)
    i.vPortSetupTimerInterrupt               0x0800588c   Section        0  port.o(i.vPortSetupTimerInterrupt)
    i.vPortValidateInterruptPriority         0x080058b0   Section        0  port.o(i.vPortValidateInterruptPriority)
    i.vTaskDelay                             0x08005904   Section        0  tasks.o(i.vTaskDelay)
    i.vTaskDelayUntil                        0x08005950   Section        0  tasks.o(i.vTaskDelayUntil)
    i.vTaskNotifyGiveFromISR                 0x080059dc   Section        0  tasks.o(i.vTaskNotifyGiveFromISR)
    i.vTaskStartScheduler                    0x08005a94   Section        0  tasks.o(i.vTaskStartScheduler)
    i.vTaskSuspendAll                        0x08005b00   Section        0  tasks.o(i.vTaskSuspendAll)
    i.vTaskSwitchContext                     0x08005b10   Section        0  tasks.o(i.vTaskSwitchContext)
    i.vcan_sendware                          0x08005b6c   Section        0  usart.o(i.vcan_sendware)
    i.verify_crc16_check_sum                 0x08005bac   Section        0  protocol.o(i.verify_crc16_check_sum)
    i.verify_crc8_check_sum                  0x08005be8   Section        0  protocol.o(i.verify_crc8_check_sum)
    i.xPortStartScheduler                    0x08005c14   Section        0  port.o(i.xPortStartScheduler)
    i.xPortSysTickHandler                    0x08005d08   Section        0  port.o(i.xPortSysTickHandler)
    i.xTaskCreate                            0x08005d34   Section        0  tasks.o(i.xTaskCreate)
    i.xTaskCreateStatic                      0x08005d8e   Section        0  tasks.o(i.xTaskCreateStatic)
    i.xTaskGetSchedulerState                 0x08005de4   Section        0  tasks.o(i.xTaskGetSchedulerState)
    i.xTaskGetTickCount                      0x08005e00   Section        0  tasks.o(i.xTaskGetTickCount)
    i.xTaskIncrementTick                     0x08005e0c   Section        0  tasks.o(i.xTaskIncrementTick)
    i.xTaskResumeAll                         0x08005ed4   Section        0  tasks.o(i.xTaskResumeAll)
    .constdata                               0x08005f98   Section      112  freertos.o(.constdata)
    .constdata                               0x08006008   Section        8  stm32f4xx_hal_dma.o(.constdata)
    flagBitshiftOffset                       0x08006008   Data           8  stm32f4xx_hal_dma.o(.constdata)
    .constdata                               0x08006010   Section       16  system_stm32f4xx.o(.constdata)
    .constdata                               0x08006020   Section        8  system_stm32f4xx.o(.constdata)
    .constdata                               0x08006028   Section      798  protocol.o(.constdata)
    .constdata                               0x08006348   Section     2052  arm_common_tables.o(.constdata)
    .conststring                             0x08006b4c   Section       52  freertos.o(.conststring)
    .data                                    0x20000000   Section        4  can.o(.data)
    HAL_RCC_CAN1_CLK_ENABLED                 0x20000000   Data           4  can.o(.data)
    .data                                    0x20000004   Section       12  freertos.o(.data)
    .data                                    0x20000010   Section       24  stm32f4xx_it.o(.data)
    pxHigherPriorityTaskWoken                0x20000010   Data           4  stm32f4xx_it.o(.data)
    .data                                    0x20000028   Section       12  stm32f4xx_hal.o(.data)
    .data                                    0x20000034   Section        4  system_stm32f4xx.o(.data)
    .data                                    0x20000038   Section       60  tasks.o(.data)
    pxDelayedTaskList                        0x2000003c   Data           4  tasks.o(.data)
    pxOverflowDelayedTaskList                0x20000040   Data           4  tasks.o(.data)
    uxDeletedTasksWaitingCleanUp             0x20000044   Data           4  tasks.o(.data)
    uxCurrentNumberOfTasks                   0x20000048   Data           4  tasks.o(.data)
    xTickCount                               0x2000004c   Data           4  tasks.o(.data)
    uxTopReadyPriority                       0x20000050   Data           4  tasks.o(.data)
    xSchedulerRunning                        0x20000054   Data           4  tasks.o(.data)
    uxPendedTicks                            0x20000058   Data           4  tasks.o(.data)
    xYieldPending                            0x2000005c   Data           4  tasks.o(.data)
    xNumOfOverflows                          0x20000060   Data           4  tasks.o(.data)
    uxTaskNumber                             0x20000064   Data           4  tasks.o(.data)
    xNextTaskUnblockTime                     0x20000068   Data           4  tasks.o(.data)
    xIdleTaskHandle                          0x2000006c   Data           4  tasks.o(.data)
    uxSchedulerSuspended                     0x20000070   Data           4  tasks.o(.data)
    .data                                    0x20000074   Section       24  heap_4.o(.data)
    pxEnd                                    0x20000074   Data           4  heap_4.o(.data)
    xFreeBytesRemaining                      0x20000078   Data           4  heap_4.o(.data)
    xMinimumEverFreeBytesRemaining           0x2000007c   Data           4  heap_4.o(.data)
    xBlockAllocatedBit                       0x20000080   Data           4  heap_4.o(.data)
    xStart                                   0x20000084   Data           8  heap_4.o(.data)
    .data                                    0x2000008c   Section       12  port.o(.data)
    ucMaxSysCallPriority                     0x2000008c   Data           1  port.o(.data)
    uxCriticalNesting                        0x20000090   Data           4  port.o(.data)
    ulMaxPRIGROUPValue                       0x20000094   Data           4  port.o(.data)
    .data                                    0x20000098   Section       32  power_restriction.o(.data)
    .data                                    0x200000b8   Section        1  power_restriction.o(.data)
    .data                                    0x200000bc   Section        8  protocol.o(.data)
    Frame                                    0x200000c0   Data           4  protocol.o(.data)
    .data                                    0x200000c4   Section        2  communication.o(.data)
    .data                                    0x200000c6   Section        4  communication.o(.data)
    .data                                    0x200000cc   Section       24  chassis_control.o(.data)
    Speed_W                                  0x200000cc   Data           2  chassis_control.o(.data)
    Speed_X                                  0x200000ce   Data           2  chassis_control.o(.data)
    Speed_Y                                  0x200000d0   Data           2  chassis_control.o(.data)
    Angle_Mid_err                            0x200000d4   Data           4  chassis_control.o(.data)
    Angle_45degree_err                       0x200000d8   Data           4  chassis_control.o(.data)
    absolute_angle_degree                    0x200000dc   Data           4  chassis_control.o(.data)
    absolute_angle_degree_45                 0x200000e0   Data           4  chassis_control.o(.data)
    .data                                    0x200000e4   Section       10  data_processing.o(.data)
    .data                                    0x200000f0   Section       20  other_tasks.o(.data)
    .bss                                     0x20000104   Section      312  adc.o(.bss)
    .bss                                     0x2000023c   Section       80  can.o(.bss)
    .bss                                     0x2000028c   Section      596  freertos.o(.bss)
    xIdleTaskTCBBuffer                       0x2000028c   Data          84  freertos.o(.bss)
    xIdleStack                               0x200002e0   Data         512  freertos.o(.bss)
    .bss                                     0x200004e0   Section      192  tim.o(.bss)
    .bss                                     0x200005a0   Section      448  usart.o(.bss)
    .bss                                     0x20000760   Section       56  stm32f4xx_it.o(.bss)
    .bss                                     0x20000798   Section       64  stm32f4xx_hal_timebase_tim.o(.bss)
    .bss                                     0x200007d8   Section       40  bsp.o(.bss)
    .bss                                     0x20000800   Section      240  tasks.o(.bss)
    pxReadyTasksLists                        0x20000800   Data         140  tasks.o(.bss)
    xDelayedTaskList1                        0x2000088c   Data          20  tasks.o(.bss)
    xDelayedTaskList2                        0x200008a0   Data          20  tasks.o(.bss)
    xPendingReadyList                        0x200008b4   Data          20  tasks.o(.bss)
    xTasksWaitingTermination                 0x200008c8   Data          20  tasks.o(.bss)
    xSuspendedTaskList                       0x200008dc   Data          20  tasks.o(.bss)
    .bss                                     0x200008f0   Section    15360  heap_4.o(.bss)
    ucHeap                                   0x200008f0   Data       15360  heap_4.o(.bss)
    .bss                                     0x200044f0   Section      240  motor_use_can.o(.bss)
    .bss                                     0x200045e0   Section      152  motor_use_can.o(.bss)
    Chassis_Motor_Data                       0x20004630   Data          24  motor_use_can.o(.bss)
    CANSend_status_Data                      0x20004648   Data          24  motor_use_can.o(.bss)
    CANSend_Minipc_Data                      0x20004660   Data          24  motor_use_can.o(.bss)
    .bss                                     0x20004678   Section      128  pid.o(.bss)
    .bss                                     0x200046f8   Section       12  power_restriction.o(.bss)
    .bss                                     0x20004704   Section       12  power_restriction.o(.bss)
    .bss                                     0x20004710   Section       84  protocol.o(.bss)
    .bss                                     0x20004764   Section       60  systemstate.o(.bss)
    .bss                                     0x200047a0   Section      100  communication.o(.bss)
    .bss                                     0x20004804   Section     1312  chassis_control.o(.bss)
    wheel                                    0x20004894   Data          16  chassis_control.o(.bss)
    .bss                                     0x20004d24   Section       32  other_tasks.o(.bss)
    STACK                                    0x20004d48   Section     1024  startup_stm32f407xx.o(STACK)

    Global Symbols

    Symbol Name                              Value     Ov Type        Size  Object(Section)

    BuildAttributes$$THM_ISAv4$E$P$D$K$B$S$7EM$VFPi3$EXTD16$VFPS$VFMA$PE$A:L22UL41UL21$X:L11$S22US41US21$IEEE1$IW$USESV6$~STKCKD$USESV7$~SHL$OTIME$ROPI$IEEEX$EBA8$MICROLIB$REQ8$PRES8$EABIv2 0x00000000   Number         0  anon$$obj.o ABSOLUTE
    __ARM_use_no_argv                        0x00000000   Number         0  main.o ABSOLUTE
    __cpp_initialize__aeabi_                  - Undefined Weak Reference
    __cxa_finalize                            - Undefined Weak Reference
    __decompress                              - Undefined Weak Reference
    _clock_init                               - Undefined Weak Reference
    _microlib_exit                            - Undefined Weak Reference
    __Vectors_Size                           0x00000188   Number         0  startup_stm32f407xx.o ABSOLUTE
    __Vectors                                0x08000000   Data           4  startup_stm32f407xx.o(RESET)
    __Vectors_End                            0x08000188   Data           0  startup_stm32f407xx.o(RESET)
    __main                                   0x08000189   Thumb Code     0  entry.o(.ARM.Collect$$$$00000000)
    _main_stk                                0x08000189   Thumb Code     0  entry2.o(.ARM.Collect$$$$00000001)
    _main_scatterload                        0x0800018d   Thumb Code     0  entry5.o(.ARM.Collect$$$$00000004)
    __main_after_scatterload                 0x08000191   Thumb Code     0  entry5.o(.ARM.Collect$$$$00000004)
    _main_clock                              0x08000191   Thumb Code     0  entry7b.o(.ARM.Collect$$$$00000008)
    _main_cpp_init                           0x08000191   Thumb Code     0  entry8b.o(.ARM.Collect$$$$0000000A)
    _main_init                               0x08000191   Thumb Code     0  entry9a.o(.ARM.Collect$$$$0000000B)
    __rt_final_cpp                           0x08000199   Thumb Code     0  entry10a.o(.ARM.Collect$$$$0000000D)
    __rt_final_exit                          0x08000199   Thumb Code     0  entry11a.o(.ARM.Collect$$$$0000000F)
    SVC_Handler                              0x0800019d   Thumb Code    28  port.o(.emb_text)
    __asm___6_port_c_39a90d8d__prvStartFirstTask 0x080001bd   Thumb Code    36  port.o(.emb_text)
    __asm___6_port_c_39a90d8d__prvEnableVFP  0x080001e5   Thumb Code    16  port.o(.emb_text)
    PendSV_Handler                           0x080001f9   Thumb Code    88  port.o(.emb_text)
    vPortGetIPSR                             0x08000255   Thumb Code     6  port.o(.emb_text)
    Reset_Handler                            0x0800025d   Thumb Code     8  startup_stm32f407xx.o(.text)
    ADC_IRQHandler                           0x08000277   Thumb Code     0  startup_stm32f407xx.o(.text)
    CAN1_RX1_IRQHandler                      0x08000277   Thumb Code     0  startup_stm32f407xx.o(.text)
    CAN1_SCE_IRQHandler                      0x08000277   Thumb Code     0  startup_stm32f407xx.o(.text)
    CAN1_TX_IRQHandler                       0x08000277   Thumb Code     0  startup_stm32f407xx.o(.text)
    CAN2_RX1_IRQHandler                      0x08000277   Thumb Code     0  startup_stm32f407xx.o(.text)
    CAN2_SCE_IRQHandler                      0x08000277   Thumb Code     0  startup_stm32f407xx.o(.text)
    CAN2_TX_IRQHandler                       0x08000277   Thumb Code     0  startup_stm32f407xx.o(.text)
    DCMI_IRQHandler                          0x08000277   Thumb Code     0  startup_stm32f407xx.o(.text)
    DMA1_Stream0_IRQHandler                  0x08000277   Thumb Code     0  startup_stm32f407xx.o(.text)
    DMA1_Stream1_IRQHandler                  0x08000277   Thumb Code     0  startup_stm32f407xx.o(.text)
    DMA1_Stream2_IRQHandler                  0x08000277   Thumb Code     0  startup_stm32f407xx.o(.text)
    DMA1_Stream3_IRQHandler                  0x08000277   Thumb Code     0  startup_stm32f407xx.o(.text)
    DMA1_Stream4_IRQHandler                  0x08000277   Thumb Code     0  startup_stm32f407xx.o(.text)
    DMA1_Stream6_IRQHandler                  0x08000277   Thumb Code     0  startup_stm32f407xx.o(.text)
    DMA1_Stream7_IRQHandler                  0x08000277   Thumb Code     0  startup_stm32f407xx.o(.text)
    DMA2_Stream0_IRQHandler                  0x08000277   Thumb Code     0  startup_stm32f407xx.o(.text)
    DMA2_Stream1_IRQHandler                  0x08000277   Thumb Code     0  startup_stm32f407xx.o(.text)
    DMA2_Stream3_IRQHandler                  0x08000277   Thumb Code     0  startup_stm32f407xx.o(.text)
    DMA2_Stream4_IRQHandler                  0x08000277   Thumb Code     0  startup_stm32f407xx.o(.text)
    DMA2_Stream5_IRQHandler                  0x08000277   Thumb Code     0  startup_stm32f407xx.o(.text)
    DMA2_Stream6_IRQHandler                  0x08000277   Thumb Code     0  startup_stm32f407xx.o(.text)
    DMA2_Stream7_IRQHandler                  0x08000277   Thumb Code     0  startup_stm32f407xx.o(.text)
    ETH_IRQHandler                           0x08000277   Thumb Code     0  startup_stm32f407xx.o(.text)
    ETH_WKUP_IRQHandler                      0x08000277   Thumb Code     0  startup_stm32f407xx.o(.text)
    EXTI0_IRQHandler                         0x08000277   Thumb Code     0  startup_stm32f407xx.o(.text)
    EXTI15_10_IRQHandler                     0x08000277   Thumb Code     0  startup_stm32f407xx.o(.text)
    EXTI1_IRQHandler                         0x08000277   Thumb Code     0  startup_stm32f407xx.o(.text)
    EXTI2_IRQHandler                         0x08000277   Thumb Code     0  startup_stm32f407xx.o(.text)
    EXTI3_IRQHandler                         0x08000277   Thumb Code     0  startup_stm32f407xx.o(.text)
    EXTI4_IRQHandler                         0x08000277   Thumb Code     0  startup_stm32f407xx.o(.text)
    EXTI9_5_IRQHandler                       0x08000277   Thumb Code     0  startup_stm32f407xx.o(.text)
    FLASH_IRQHandler                         0x08000277   Thumb Code     0  startup_stm32f407xx.o(.text)
    FMC_IRQHandler                           0x08000277   Thumb Code     0  startup_stm32f407xx.o(.text)
    FPU_IRQHandler                           0x08000277   Thumb Code     0  startup_stm32f407xx.o(.text)
    HASH_RNG_IRQHandler                      0x08000277   Thumb Code     0  startup_stm32f407xx.o(.text)
    I2C1_ER_IRQHandler                       0x08000277   Thumb Code     0  startup_stm32f407xx.o(.text)
    I2C1_EV_IRQHandler                       0x08000277   Thumb Code     0  startup_stm32f407xx.o(.text)
    I2C2_ER_IRQHandler                       0x08000277   Thumb Code     0  startup_stm32f407xx.o(.text)
    I2C2_EV_IRQHandler                       0x08000277   Thumb Code     0  startup_stm32f407xx.o(.text)
    I2C3_ER_IRQHandler                       0x08000277   Thumb Code     0  startup_stm32f407xx.o(.text)
    I2C3_EV_IRQHandler                       0x08000277   Thumb Code     0  startup_stm32f407xx.o(.text)
    OTG_FS_IRQHandler                        0x08000277   Thumb Code     0  startup_stm32f407xx.o(.text)
    OTG_FS_WKUP_IRQHandler                   0x08000277   Thumb Code     0  startup_stm32f407xx.o(.text)
    OTG_HS_EP1_IN_IRQHandler                 0x08000277   Thumb Code     0  startup_stm32f407xx.o(.text)
    OTG_HS_EP1_OUT_IRQHandler                0x08000277   Thumb Code     0  startup_stm32f407xx.o(.text)
    OTG_HS_IRQHandler                        0x08000277   Thumb Code     0  startup_stm32f407xx.o(.text)
    OTG_HS_WKUP_IRQHandler                   0x08000277   Thumb Code     0  startup_stm32f407xx.o(.text)
    PVD_IRQHandler                           0x08000277   Thumb Code     0  startup_stm32f407xx.o(.text)
    RCC_IRQHandler                           0x08000277   Thumb Code     0  startup_stm32f407xx.o(.text)
    RTC_Alarm_IRQHandler                     0x08000277   Thumb Code     0  startup_stm32f407xx.o(.text)
    RTC_WKUP_IRQHandler                      0x08000277   Thumb Code     0  startup_stm32f407xx.o(.text)
    SDIO_IRQHandler                          0x08000277   Thumb Code     0  startup_stm32f407xx.o(.text)
    SPI1_IRQHandler                          0x08000277   Thumb Code     0  startup_stm32f407xx.o(.text)
    SPI2_IRQHandler                          0x08000277   Thumb Code     0  startup_stm32f407xx.o(.text)
    SPI3_IRQHandler                          0x08000277   Thumb Code     0  startup_stm32f407xx.o(.text)
    TAMP_STAMP_IRQHandler                    0x08000277   Thumb Code     0  startup_stm32f407xx.o(.text)
    TIM1_BRK_TIM9_IRQHandler                 0x08000277   Thumb Code     0  startup_stm32f407xx.o(.text)
    TIM1_CC_IRQHandler                       0x08000277   Thumb Code     0  startup_stm32f407xx.o(.text)
    TIM1_TRG_COM_TIM11_IRQHandler            0x08000277   Thumb Code     0  startup_stm32f407xx.o(.text)
    TIM2_IRQHandler                          0x08000277   Thumb Code     0  startup_stm32f407xx.o(.text)
    TIM5_IRQHandler                          0x08000277   Thumb Code     0  startup_stm32f407xx.o(.text)
    TIM6_DAC_IRQHandler                      0x08000277   Thumb Code     0  startup_stm32f407xx.o(.text)
    TIM7_IRQHandler                          0x08000277   Thumb Code     0  startup_stm32f407xx.o(.text)
    TIM8_BRK_TIM12_IRQHandler                0x08000277   Thumb Code     0  startup_stm32f407xx.o(.text)
    TIM8_CC_IRQHandler                       0x08000277   Thumb Code     0  startup_stm32f407xx.o(.text)
    TIM8_TRG_COM_TIM14_IRQHandler            0x08000277   Thumb Code     0  startup_stm32f407xx.o(.text)
    UART4_IRQHandler                         0x08000277   Thumb Code     0  startup_stm32f407xx.o(.text)
    UART5_IRQHandler                         0x08000277   Thumb Code     0  startup_stm32f407xx.o(.text)
    USART3_IRQHandler                        0x08000277   Thumb Code     0  startup_stm32f407xx.o(.text)
    USART6_IRQHandler                        0x08000277   Thumb Code     0  startup_stm32f407xx.o(.text)
    WWDG_IRQHandler                          0x08000277   Thumb Code     0  startup_stm32f407xx.o(.text)
    arm_sin_cos_f32                          0x08000281   Thumb Code   242  arm_sin_cos_f32.o(.text)
    __aeabi_uldivmod                         0x08000385   Thumb Code    98  uldiv.o(.text)
    __aeabi_memcpy                           0x080003e7   Thumb Code    36  memcpya.o(.text)
    __aeabi_memcpy4                          0x080003e7   Thumb Code     0  memcpya.o(.text)
    __aeabi_memcpy8                          0x080003e7   Thumb Code     0  memcpya.o(.text)
    __aeabi_memset                           0x0800040b   Thumb Code    14  memseta.o(.text)
    __aeabi_memset4                          0x0800040b   Thumb Code     0  memseta.o(.text)
    __aeabi_memset8                          0x0800040b   Thumb Code     0  memseta.o(.text)
    __aeabi_memclr                           0x08000419   Thumb Code     4  memseta.o(.text)
    __aeabi_memclr4                          0x08000419   Thumb Code     0  memseta.o(.text)
    __aeabi_memclr8                          0x08000419   Thumb Code     0  memseta.o(.text)
    memset                                   0x0800041d   Thumb Code    18  memseta.o(.text)
    __aeabi_dadd                             0x0800042f   Thumb Code   322  dadd.o(.text)
    __aeabi_dsub                             0x08000571   Thumb Code     6  dadd.o(.text)
    __aeabi_drsub                            0x08000577   Thumb Code     6  dadd.o(.text)
    __aeabi_dmul                             0x0800057d   Thumb Code   228  dmul.o(.text)
    __aeabi_ddiv                             0x08000661   Thumb Code   222  ddiv.o(.text)
    __aeabi_i2d                              0x0800073f   Thumb Code    34  dflti.o(.text)
    __aeabi_ui2d                             0x08000761   Thumb Code    26  dfltui.o(.text)
    __aeabi_f2d                              0x0800077b   Thumb Code    38  f2d.o(.text)
    __aeabi_cdcmpeq                          0x080007a1   Thumb Code     0  cdcmple.o(.text)
    __aeabi_cdcmple                          0x080007a1   Thumb Code    48  cdcmple.o(.text)
    __aeabi_d2f                              0x080007d1   Thumb Code    56  d2f.o(.text)
    __aeabi_llsl                             0x08000809   Thumb Code    30  llshl.o(.text)
    _ll_shift_l                              0x08000809   Thumb Code     0  llshl.o(.text)
    __aeabi_llsr                             0x08000827   Thumb Code    32  llushr.o(.text)
    _ll_ushift_r                             0x08000827   Thumb Code     0  llushr.o(.text)
    __aeabi_lasr                             0x08000847   Thumb Code    36  llsshr.o(.text)
    _ll_sshift_r                             0x08000847   Thumb Code     0  llsshr.o(.text)
    __I$use$fp                               0x0800086b   Thumb Code     0  iusefp.o(.text)
    _float_round                             0x0800086b   Thumb Code    18  fepilogue.o(.text)
    _float_epilogue                          0x0800087d   Thumb Code    92  fepilogue.o(.text)
    _double_round                            0x080008d9   Thumb Code    30  depilogue.o(.text)
    _double_epilogue                         0x080008f7   Thumb Code   156  depilogue.o(.text)
    __scatterload                            0x08000995   Thumb Code    28  init.o(.text)
    __scatterload_rt2                        0x08000995   Thumb Code     0  init.o(.text)
    ABS_limit                                0x080009b9   Thumb Code    42  pid.o(i.ABS_limit)
    Absolute_angle_Conversion                0x08000b99   Thumb Code    50  chassis_control.o(i.Absolute_angle_Conversion)
    BSP_Init                                 0x08000bd9   Thumb Code   136  bsp.o(i.BSP_Init)
    Bsp_UART_Receive_IT                      0x08000c81   Thumb Code    22  usart.o(i.Bsp_UART_Receive_IT)
    BusFault_Handler                         0x08000c97   Thumb Code     2  stm32f4xx_it.o(i.BusFault_Handler)
    CAN1_RX0_IRQHandler                      0x08000c99   Thumb Code     6  stm32f4xx_it.o(i.CAN1_RX0_IRQHandler)
    CAN2_RX0_IRQHandler                      0x08000ca5   Thumb Code     6  stm32f4xx_it.o(i.CAN2_RX0_IRQHandler)
    CAN_Get_Gimbal                           0x08000cb1   Thumb Code    32  motor_use_can.o(i.CAN_Get_Gimbal)
    CAN_Get_Remote                           0x08000cd9   Thumb Code    30  motor_use_can.o(i.CAN_Get_Remote)
    CAP_Mode                                 0x08000cfd   Thumb Code     8  power_restriction.o(i.CAP_Mode)
    CanFilter_Init                           0x08000d09   Thumb Code    56  can.o(i.CanFilter_Init)
    Chassis_Contrl_Task                      0x08000d45   Thumb Code   778  chassis_control.o(i.Chassis_Contrl_Task)
    Chassis_Motor                            0x08001089   Thumb Code    74  motor_use_can.o(i.Chassis_Motor)
    Chassis_pid_init                         0x080010d9   Thumb Code   264  chassis_control.o(i.Chassis_pid_init)
    DMA1_Stream5_IRQHandler                  0x08001211   Thumb Code     6  stm32f4xx_it.o(i.DMA1_Stream5_IRQHandler)
    DMA2_Stream2_IRQHandler                  0x0800121d   Thumb Code     6  stm32f4xx_it.o(i.DMA2_Stream2_IRQHandler)
    DebugMon_Handler                         0x080012cd   Thumb Code     2  stm32f4xx_it.o(i.DebugMon_Handler)
    Error_Handler                            0x080012cf   Thumb Code     2  main.o(i.Error_Handler)
    GetSystemTimer                           0x080012d1   Thumb Code    62  systemstate.o(i.GetSystemTimer)
    HAL_ADC_ConfigChannel                    0x0800131d   Thumb Code   316  stm32f4xx_hal_adc.o(i.HAL_ADC_ConfigChannel)
    HAL_ADC_ConvCpltCallback                 0x08001469   Thumb Code     2  stm32f4xx_hal_adc.o(i.HAL_ADC_ConvCpltCallback)
    HAL_ADC_ConvHalfCpltCallback             0x0800146b   Thumb Code     2  stm32f4xx_hal_adc.o(i.HAL_ADC_ConvHalfCpltCallback)
    HAL_ADC_ErrorCallback                    0x0800146d   Thumb Code     2  stm32f4xx_hal_adc.o(i.HAL_ADC_ErrorCallback)
    HAL_ADC_Init                             0x0800146f   Thumb Code    84  stm32f4xx_hal_adc.o(i.HAL_ADC_Init)
    HAL_ADC_MspInit                          0x080014c5   Thumb Code   228  adc.o(i.HAL_ADC_MspInit)
    HAL_ADC_Start_DMA                        0x080015c5   Thumb Code   268  stm32f4xx_hal_adc.o(i.HAL_ADC_Start_DMA)
    HAL_CAN_ActivateNotification             0x080016f5   Thumb Code    36  stm32f4xx_hal_can.o(i.HAL_CAN_ActivateNotification)
    HAL_CAN_AddTxMessage                     0x08001719   Thumb Code   200  stm32f4xx_hal_can.o(i.HAL_CAN_AddTxMessage)
    HAL_CAN_ConfigFilter                     0x080017e1   Thumb Code   262  stm32f4xx_hal_can.o(i.HAL_CAN_ConfigFilter)
    HAL_CAN_ErrorCallback                    0x080018ed   Thumb Code     2  stm32f4xx_hal_can.o(i.HAL_CAN_ErrorCallback)
    HAL_CAN_GetRxMessage                     0x080018ef   Thumb Code   232  stm32f4xx_hal_can.o(i.HAL_CAN_GetRxMessage)
    HAL_CAN_IRQHandler                       0x080019d7   Thumb Code   508  stm32f4xx_hal_can.o(i.HAL_CAN_IRQHandler)
    HAL_CAN_Init                             0x08001bd3   Thumb Code   282  stm32f4xx_hal_can.o(i.HAL_CAN_Init)
    HAL_CAN_MspInit                          0x08001ced   Thumb Code   228  can.o(i.HAL_CAN_MspInit)
    HAL_CAN_RxFifo0FullCallback              0x08001de9   Thumb Code     2  stm32f4xx_hal_can.o(i.HAL_CAN_RxFifo0FullCallback)
    HAL_CAN_RxFifo0MsgPendingCallback        0x08001ded   Thumb Code   320  stm32f4xx_it.o(i.HAL_CAN_RxFifo0MsgPendingCallback)
    HAL_CAN_RxFifo1FullCallback              0x08001f49   Thumb Code     2  stm32f4xx_hal_can.o(i.HAL_CAN_RxFifo1FullCallback)
    HAL_CAN_RxFifo1MsgPendingCallback        0x08001f4b   Thumb Code     2  stm32f4xx_hal_can.o(i.HAL_CAN_RxFifo1MsgPendingCallback)
    HAL_CAN_SleepCallback                    0x08001f4d   Thumb Code     2  stm32f4xx_hal_can.o(i.HAL_CAN_SleepCallback)
    HAL_CAN_Start                            0x08001f51   Thumb Code    88  stm32f4xx_hal_can.o(i.HAL_CAN_Start)
    HAL_CAN_TxMailbox0AbortCallback          0x08001fa9   Thumb Code     2  stm32f4xx_hal_can.o(i.HAL_CAN_TxMailbox0AbortCallback)
    HAL_CAN_TxMailbox0CompleteCallback       0x08001fab   Thumb Code     2  stm32f4xx_hal_can.o(i.HAL_CAN_TxMailbox0CompleteCallback)
    HAL_CAN_TxMailbox1AbortCallback          0x08001fad   Thumb Code     2  stm32f4xx_hal_can.o(i.HAL_CAN_TxMailbox1AbortCallback)
    HAL_CAN_TxMailbox1CompleteCallback       0x08001faf   Thumb Code     2  stm32f4xx_hal_can.o(i.HAL_CAN_TxMailbox1CompleteCallback)
    HAL_CAN_TxMailbox2AbortCallback          0x08001fb1   Thumb Code     2  stm32f4xx_hal_can.o(i.HAL_CAN_TxMailbox2AbortCallback)
    HAL_CAN_TxMailbox2CompleteCallback       0x08001fb3   Thumb Code     2  stm32f4xx_hal_can.o(i.HAL_CAN_TxMailbox2CompleteCallback)
    HAL_CAN_WakeUpFromRxMsgCallback          0x08001fb5   Thumb Code     2  stm32f4xx_hal_can.o(i.HAL_CAN_WakeUpFromRxMsgCallback)
    HAL_DMA_Abort_IT                         0x08001fb7   Thumb Code    36  stm32f4xx_hal_dma.o(i.HAL_DMA_Abort_IT)
    HAL_DMA_IRQHandler                       0x08001fdd   Thumb Code   412  stm32f4xx_hal_dma.o(i.HAL_DMA_IRQHandler)
    HAL_DMA_Init                             0x0800217d   Thumb Code   206  stm32f4xx_hal_dma.o(i.HAL_DMA_Init)
    HAL_DMA_Start_IT                         0x08002251   Thumb Code   120  stm32f4xx_hal_dma.o(i.HAL_DMA_Start_IT)
    HAL_GPIO_Init                            0x080022c9   Thumb Code   388  stm32f4xx_hal_gpio.o(i.HAL_GPIO_Init)
    HAL_GPIO_TogglePin                       0x08002479   Thumb Code    14  stm32f4xx_hal_gpio.o(i.HAL_GPIO_TogglePin)
    HAL_GPIO_WritePin                        0x08002487   Thumb Code    10  stm32f4xx_hal_gpio.o(i.HAL_GPIO_WritePin)
    HAL_GetTick                              0x08002491   Thumb Code     6  stm32f4xx_hal.o(i.HAL_GetTick)
    HAL_IncTick                              0x0800249d   Thumb Code    12  stm32f4xx_hal.o(i.HAL_IncTick)
    HAL_Init                                 0x080024ad   Thumb Code    48  stm32f4xx_hal.o(i.HAL_Init)
    HAL_InitTick                             0x080024e1   Thumb Code   100  stm32f4xx_hal_timebase_tim.o(i.HAL_InitTick)
    HAL_MspInit                              0x08002555   Thumb Code    52  stm32f4xx_hal_msp.o(i.HAL_MspInit)
    HAL_NVIC_EnableIRQ                       0x0800258d   Thumb Code    26  stm32f4xx_hal_cortex.o(i.HAL_NVIC_EnableIRQ)
    HAL_NVIC_SetPriority                     0x080025a9   Thumb Code    60  stm32f4xx_hal_cortex.o(i.HAL_NVIC_SetPriority)
    HAL_NVIC_SetPriorityGrouping             0x080025e9   Thumb Code    26  stm32f4xx_hal_cortex.o(i.HAL_NVIC_SetPriorityGrouping)
    HAL_RCC_ClockConfig                      0x0800260d   Thumb Code   286  stm32f4xx_hal_rcc.o(i.HAL_RCC_ClockConfig)
    HAL_RCC_GetClockConfig                   0x0800273d   Thumb Code    54  stm32f4xx_hal_rcc.o(i.HAL_RCC_GetClockConfig)
    HAL_RCC_GetHCLKFreq                      0x0800277d   Thumb Code     6  stm32f4xx_hal_rcc.o(i.HAL_RCC_GetHCLKFreq)
    HAL_RCC_GetPCLK1Freq                     0x08002789   Thumb Code    20  stm32f4xx_hal_rcc.o(i.HAL_RCC_GetPCLK1Freq)
    HAL_RCC_GetPCLK2Freq                     0x080027a9   Thumb Code    20  stm32f4xx_hal_rcc.o(i.HAL_RCC_GetPCLK2Freq)
    HAL_RCC_GetSysClockFreq                  0x080027c9   Thumb Code    88  stm32f4xx_hal_rcc.o(i.HAL_RCC_GetSysClockFreq)
    HAL_RCC_OscConfig                        0x0800282d   Thumb Code   770  stm32f4xx_hal_rcc.o(i.HAL_RCC_OscConfig)
    HAL_SYSTICK_CLKSourceConfig              0x08002b49   Thumb Code    24  stm32f4xx_hal_cortex.o(i.HAL_SYSTICK_CLKSourceConfig)
    HAL_SYSTICK_Config                       0x08002b61   Thumb Code    40  stm32f4xx_hal_cortex.o(i.HAL_SYSTICK_Config)
    HAL_TIMEx_BreakCallback                  0x08002b89   Thumb Code     2  stm32f4xx_hal_tim_ex.o(i.HAL_TIMEx_BreakCallback)
    HAL_TIMEx_CommutCallback                 0x08002b8b   Thumb Code     2  stm32f4xx_hal_tim_ex.o(i.HAL_TIMEx_CommutCallback)
    HAL_TIMEx_MasterConfigSynchronization    0x08002b8d   Thumb Code    66  stm32f4xx_hal_tim_ex.o(i.HAL_TIMEx_MasterConfigSynchronization)
    HAL_TIM_Base_Init                        0x08002bcf   Thumb Code    54  stm32f4xx_hal_tim.o(i.HAL_TIM_Base_Init)
    HAL_TIM_Base_MspInit                     0x08002c05   Thumb Code   122  tim.o(i.HAL_TIM_Base_MspInit)
    HAL_TIM_Base_Start_IT                    0x08002c91   Thumb Code    34  stm32f4xx_hal_tim.o(i.HAL_TIM_Base_Start_IT)
    HAL_TIM_ConfigClockSource                0x08002cb3   Thumb Code   214  stm32f4xx_hal_tim.o(i.HAL_TIM_ConfigClockSource)
    HAL_TIM_IC_CaptureCallback               0x08002d89   Thumb Code     2  stm32f4xx_hal_tim.o(i.HAL_TIM_IC_CaptureCallback)
    HAL_TIM_IRQHandler                       0x08002d8b   Thumb Code   358  stm32f4xx_hal_tim.o(i.HAL_TIM_IRQHandler)
    HAL_TIM_OC_DelayElapsedCallback          0x08002ef1   Thumb Code     2  stm32f4xx_hal_tim.o(i.HAL_TIM_OC_DelayElapsedCallback)
    HAL_TIM_PWM_PulseFinishedCallback        0x08002ef3   Thumb Code     2  stm32f4xx_hal_tim.o(i.HAL_TIM_PWM_PulseFinishedCallback)
    HAL_TIM_PeriodElapsedCallback            0x08002ef5   Thumb Code    24  stm32f4xx_it.o(i.HAL_TIM_PeriodElapsedCallback)
    HAL_TIM_TriggerCallback                  0x08002f15   Thumb Code     2  stm32f4xx_hal_tim.o(i.HAL_TIM_TriggerCallback)
    HAL_UART_ErrorCallback                   0x08002f17   Thumb Code     2  stm32f4xx_hal_uart.o(i.HAL_UART_ErrorCallback)
    HAL_UART_IRQHandler                      0x08002f19   Thumb Code   266  stm32f4xx_hal_uart.o(i.HAL_UART_IRQHandler)
    HAL_UART_Init                            0x08003029   Thumb Code    98  stm32f4xx_hal_uart.o(i.HAL_UART_Init)
    HAL_UART_MspInit                         0x0800308d   Thumb Code   412  usart.o(i.HAL_UART_MspInit)
    HAL_UART_Receive_DMA                     0x08003255   Thumb Code   138  stm32f4xx_hal_uart.o(i.HAL_UART_Receive_DMA)
    HAL_UART_RxCpltCallback                  0x080032ed   Thumb Code     2  stm32f4xx_hal_uart.o(i.HAL_UART_RxCpltCallback)
    HAL_UART_RxHalfCpltCallback              0x080032ef   Thumb Code     2  stm32f4xx_hal_uart.o(i.HAL_UART_RxHalfCpltCallback)
    HAL_UART_Transmit                        0x080032f1   Thumb Code   186  stm32f4xx_hal_uart.o(i.HAL_UART_Transmit)
    HAL_UART_TxCpltCallback                  0x080033ab   Thumb Code     2  stm32f4xx_hal_uart.o(i.HAL_UART_TxCpltCallback)
    HardFault_Handler                        0x080033ad   Thumb Code     2  stm32f4xx_it.o(i.HardFault_Handler)
    MX_ADC1_Init                             0x080033b1   Thumb Code    86  adc.o(i.MX_ADC1_Init)
    MX_ADC2_Init                             0x08003415   Thumb Code    88  adc.o(i.MX_ADC2_Init)
    MX_ADC3_Init                             0x08003479   Thumb Code    88  adc.o(i.MX_ADC3_Init)
    MX_CAN1_Init                             0x080034dd   Thumb Code    60  can.o(i.MX_CAN1_Init)
    MX_CAN2_Init                             0x08003521   Thumb Code    60  can.o(i.MX_CAN2_Init)
    MX_DMA_Init                              0x08003565   Thumb Code    72  dma.o(i.MX_DMA_Init)
    MX_FREERTOS_Init                         0x080035b1   Thumb Code    96  freertos.o(i.MX_FREERTOS_Init)
    MX_GPIO_Init                             0x08003619   Thumb Code   258  gpio.o(i.MX_GPIO_Init)
    MX_TIM13_Init                            0x08003735   Thumb Code    48  tim.o(i.MX_TIM13_Init)
    MX_TIM3_Init                             0x0800376d   Thumb Code   100  tim.o(i.MX_TIM3_Init)
    MX_TIM4_Init                             0x080037d9   Thumb Code   100  tim.o(i.MX_TIM4_Init)
    MX_USART1_UART_Init                      0x08003845   Thumb Code    48  usart.o(i.MX_USART1_UART_Init)
    MX_USART2_UART_Init                      0x0800387d   Thumb Code    48  usart.o(i.MX_USART2_UART_Init)
    MX_USART3_UART_Init                      0x080038b5   Thumb Code    48  usart.o(i.MX_USART3_UART_Init)
    MX_USART6_UART_Init                      0x080038ed   Thumb Code    48  usart.o(i.MX_USART6_UART_Init)
    MemManage_Handler                        0x08003925   Thumb Code     2  stm32f4xx_it.o(i.MemManage_Handler)
    MiniPC_Data_task                         0x08003927   Thumb Code    26  data_processing.o(i.MiniPC_Data_task)
    MouseKeyControlProcess                   0x08003941   Thumb Code   540  data_processing.o(i.MouseKeyControlProcess)
    NMI_Handler                              0x08003b91   Thumb Code     2  stm32f4xx_it.o(i.NMI_Handler)
    PID_struct_init                          0x08003b95   Thumb Code    16  pid.o(i.PID_struct_init)
    Referee_Data_Handler                     0x08003bad   Thumb Code   378  protocol.o(i.Referee_Data_Handler)
    RefreshDeviceOutLineTime                 0x08003d41   Thumb Code    20  systemstate.o(i.RefreshDeviceOutLineTime)
    RefreshSysTime                           0x08003d59   Thumb Code    10  systemstate.o(i.RefreshSysTime)
    RefreshTaskOutLineTime                   0x08003d69   Thumb Code    20  systemstate.o(i.RefreshTaskOutLineTime)
    RemoteControlProcess                     0x08003d81   Thumb Code    50  data_processing.o(i.RemoteControlProcess)
    Remote_Data_Task                         0x08003dbd   Thumb Code    62  data_processing.o(i.Remote_Data_Task)
    Send_FrameData                           0x08003e01   Thumb Code   102  protocol.o(i.Send_FrameData)
    SysTick_Handler                          0x08003e71   Thumb Code     4  stm32f4xx_it.o(i.SysTick_Handler)
    SystemClock_Config                       0x08003e75   Thumb Code   158  main.o(i.SystemClock_Config)
    SystemInit                               0x08003f1d   Thumb Code    66  system_stm32f4xx.o(i.SystemInit)
    SystemState_Inite                        0x08003f71   Thumb Code    18  systemstate.o(i.SystemState_Inite)
    TIM1_UP_TIM10_IRQHandler                 0x08003f8d   Thumb Code     6  stm32f4xx_it.o(i.TIM1_UP_TIM10_IRQHandler)
    TIM3_IRQHandler                          0x08003f99   Thumb Code     6  stm32f4xx_it.o(i.TIM3_IRQHandler)
    TIM4_IRQHandler                          0x08003fa5   Thumb Code     6  stm32f4xx_it.o(i.TIM4_IRQHandler)
    TIM8_UP_TIM13_IRQHandler                 0x08003fb1   Thumb Code     6  stm32f4xx_it.o(i.TIM8_UP_TIM13_IRQHandler)
    TIM_Base_SetConfig                       0x08003fbd   Thumb Code   156  stm32f4xx_hal_tim.o(i.TIM_Base_SetConfig)
    TIM_ETR_SetConfig                        0x08004085   Thumb Code    20  stm32f4xx_hal_tim.o(i.TIM_ETR_SetConfig)
    USART1_IRQHandler                        0x080045c9   Thumb Code   306  stm32f4xx_it.o(i.USART1_IRQHandler)
    USART2_IRQHandler                        0x08004719   Thumb Code   234  stm32f4xx_it.o(i.USART2_IRQHandler)
    UsageFault_Handler                       0x0800481d   Thumb Code     2  stm32f4xx_it.o(i.UsageFault_Handler)
    Usart_SendArray                          0x0800481f   Thumb Code    34  usart.o(i.Usart_SendArray)
    Usart_SendByte                           0x08004841   Thumb Code    14  usart.o(i.Usart_SendByte)
    __scatterload_copy                       0x0800486f   Thumb Code    14  handlers.o(i.__scatterload_copy)
    __scatterload_null                       0x0800487d   Thumb Code     2  handlers.o(i.__scatterload_null)
    __scatterload_zeroinit                   0x0800487f   Thumb Code    14  handlers.o(i.__scatterload_zeroinit)
    append_crc16_check_sum                   0x0800488d   Thumb Code    40  protocol.o(i.append_crc16_check_sum)
    append_crc8_check_sum                    0x080048b9   Thumb Code    36  protocol.o(i.append_crc8_check_sum)
    exchange_data                            0x080048dd   Thumb Code     6  power_restriction.o(i.exchange_data)
    get_crc16_check_sum                      0x080048e5   Thumb Code    38  protocol.o(i.get_crc16_check_sum)
    get_crc8_check_sum                       0x08004911   Thumb Code    26  protocol.o(i.get_crc8_check_sum)
    get_moto_measure_3508                    0x08004931   Thumb Code    64  motor_use_can.o(i.get_moto_measure_3508)
    get_moto_offset                          0x08004971   Thumb Code    10  motor_use_can.o(i.get_moto_offset)
    main                                     0x0800497b   Thumb Code    30  main.o(i.main)
    motor_move_setvmmps                      0x080049a5   Thumb Code    42  mecanum_calc.o(i.motor_move_setvmmps)
    osDelay                                  0x080049cf   Thumb Code    14  cmsis_os.o(i.osDelay)
    osDelayUntil                             0x080049dd   Thumb Code    14  cmsis_os.o(i.osDelayUntil)
    osKernelStart                            0x080049eb   Thumb Code    10  cmsis_os.o(i.osKernelStart)
    osSystickHandler                         0x080049f5   Thumb Code    20  cmsis_os.o(i.osSystickHandler)
    osThreadCreate                           0x08004a09   Thumb Code    84  cmsis_os.o(i.osThreadCreate)
    package_frame                            0x08004a5d   Thumb Code    20  power_restriction.o(i.package_frame)
    pid_calc                                 0x08004a75   Thumb Code   452  pid.o(i.pid_calc)
    pvPortMalloc                             0x08004f95   Thumb Code   210  heap_4.o(i.pvPortMalloc)
    pxPortInitialiseStack                    0x0800506d   Thumb Code    40  port.o(i.pxPortInitialiseStack)
    sendata                                  0x08005099   Thumb Code   158  protocol.o(i.sendata)
    super_cap                                0x0800513d   Thumb Code   742  power_restriction.o(i.super_cap)
    testTask                                 0x08005499   Thumb Code   462  other_tasks.o(i.testTask)
    ulTaskNotifyTake                         0x080056c1   Thumb Code    96  tasks.o(i.ulTaskNotifyTake)
    uxListRemove                             0x08005729   Thumb Code    38  list.o(i.uxListRemove)
    vApplicationGetIdleTaskMemory            0x08005751   Thumb Code    16  freertos.o(i.vApplicationGetIdleTaskMemory)
    vListInitialise                          0x08005765   Thumb Code    22  list.o(i.vListInitialise)
    vListInitialiseItem                      0x0800577b   Thumb Code     6  list.o(i.vListInitialiseItem)
    vListInsert                              0x08005781   Thumb Code    48  list.o(i.vListInsert)
    vListInsertEnd                           0x080057b1   Thumb Code    24  list.o(i.vListInsertEnd)
    vPortEnterCritical                       0x080057c9   Thumb Code    54  port.o(i.vPortEnterCritical)
    vPortExitCritical                        0x08005809   Thumb Code    34  port.o(i.vPortExitCritical)
    vPortFree                                0x08005831   Thumb Code    88  heap_4.o(i.vPortFree)
    vPortSetupTimerInterrupt                 0x0800588d   Thumb Code    32  port.o(i.vPortSetupTimerInterrupt)
    vPortValidateInterruptPriority           0x080058b1   Thumb Code    74  port.o(i.vPortValidateInterruptPriority)
    vTaskDelay                               0x08005905   Thumb Code    66  tasks.o(i.vTaskDelay)
    vTaskDelayUntil                          0x08005951   Thumb Code   132  tasks.o(i.vTaskDelayUntil)
    vTaskNotifyGiveFromISR                   0x080059dd   Thumb Code   174  tasks.o(i.vTaskNotifyGiveFromISR)
    vTaskStartScheduler                      0x08005a95   Thumb Code    90  tasks.o(i.vTaskStartScheduler)
    vTaskSuspendAll                          0x08005b01   Thumb Code    10  tasks.o(i.vTaskSuspendAll)
    vTaskSwitchContext                       0x08005b11   Thumb Code    82  tasks.o(i.vTaskSwitchContext)
    vcan_sendware                            0x08005b6d   Thumb Code    50  usart.o(i.vcan_sendware)
    verify_crc16_check_sum                   0x08005bad   Thumb Code    54  protocol.o(i.verify_crc16_check_sum)
    verify_crc8_check_sum                    0x08005be9   Thumb Code    42  protocol.o(i.verify_crc8_check_sum)
    xPortStartScheduler                      0x08005c15   Thumb Code   222  port.o(i.xPortStartScheduler)
    xPortSysTickHandler                      0x08005d09   Thumb Code    38  port.o(i.xPortSysTickHandler)
    xTaskCreate                              0x08005d35   Thumb Code    90  tasks.o(i.xTaskCreate)
    xTaskCreateStatic                        0x08005d8f   Thumb Code    86  tasks.o(i.xTaskCreateStatic)
    xTaskGetSchedulerState                   0x08005de5   Thumb Code    22  tasks.o(i.xTaskGetSchedulerState)
    xTaskGetTickCount                        0x08005e01   Thumb Code     6  tasks.o(i.xTaskGetTickCount)
    xTaskIncrementTick                       0x08005e0d   Thumb Code   192  tasks.o(i.xTaskIncrementTick)
    xTaskResumeAll                           0x08005ed5   Thumb Code   182  tasks.o(i.xTaskResumeAll)
    AHBPrescTable                            0x08006010   Data          16  system_stm32f4xx.o(.constdata)
    APBPrescTable                            0x08006020   Data           8  system_stm32f4xx.o(.constdata)
    CRC8_TAB                                 0x08006028   Data         256  protocol.o(.constdata)
    wCRC_Table                               0x08006128   Data         512  protocol.o(.constdata)
    sinTable_f32                             0x08006348   Data        2052  arm_common_tables.o(.constdata)
    Region$$Table$$Base                      0x08006b80   Number         0  anon$$obj.o(Region$$Table)
    Region$$Table$$Limit                     0x08006ba0   Number         0  anon$$obj.o(Region$$Table)
    testTaskHandle                           0x20000004   Data           4  freertos.o(.data)
    RemoteDataTaskHandle                     0x20000008   Data           4  freertos.o(.data)
    MiniPCDataTaskHandle                     0x2000000c   Data           4  freertos.o(.data)
    DMA_FLAGS                                0x20000014   Data           4  stm32f4xx_it.o(.data)
    CAN1_RX_date                             0x20000018   Data           8  stm32f4xx_it.o(.data)
    CAN2_RX_date                             0x20000020   Data           8  stm32f4xx_it.o(.data)
    uwTickFreq                               0x20000028   Data           1  stm32f4xx_hal.o(.data)
    uwTickPrio                               0x2000002c   Data           4  stm32f4xx_hal.o(.data)
    uwTick                                   0x20000030   Data           4  stm32f4xx_hal.o(.data)
    SystemCoreClock                          0x20000034   Data           4  system_stm32f4xx.o(.data)
    pxCurrentTCB                             0x20000038   Data           4  tasks.o(.data)
    over                                     0x20000098   Data           1  power_restriction.o(.data)
    test_id                                  0x2000009a   Data           2  power_restriction.o(.data)
    Sent_103                                 0x2000009c   Data           3  power_restriction.o(.data)
    last_current                             0x200000a0   Data           4  power_restriction.o(.data)
    all_sent                                 0x200000a4   Data           4  power_restriction.o(.data)
    Max                                      0x200000a8   Data           4  power_restriction.o(.data)
    Max_Current                              0x200000ac   Data           4  power_restriction.o(.data)
    Send_103                                 0x200000b0   Data           8  power_restriction.o(.data)
    judge_state                              0x200000b8   Data           1  power_restriction.o(.data)
    CRC_INIT                                 0x200000bc   Data           2  protocol.o(.data)
    USART6_RX_NUM                            0x200000c4   Data           2  communication.o(.data)
    gimbal_status                            0x200000c6   Data           4  communication.o(.data)
    chassis_status                           0x200000d2   Data           2  chassis_control.o(.data)
    level                                    0x200000e4   Data           1  data_processing.o(.data)
    Y_speed_max                              0x200000e6   Data           2  data_processing.o(.data)
    Y_speed_min                              0x200000e8   Data           2  data_processing.o(.data)
    X_speed_max                              0x200000ea   Data           2  data_processing.o(.data)
    X_speed_min                              0x200000ec   Data           2  data_processing.o(.data)
    test_i                                   0x200000f0   Data           4  other_tasks.o(.data)
    I_measure                                0x200000f4   Data           4  other_tasks.o(.data)
    I_SUM                                    0x200000f8   Data           4  other_tasks.o(.data)
    V_value                                  0x200000fc   Data           4  other_tasks.o(.data)
    Total_power                              0x20000100   Data           4  other_tasks.o(.data)
    hadc1                                    0x20000104   Data          72  adc.o(.bss)
    hadc2                                    0x2000014c   Data          72  adc.o(.bss)
    hadc3                                    0x20000194   Data          72  adc.o(.bss)
    hdma_adc1                                0x200001dc   Data          96  adc.o(.bss)
    hcan1                                    0x2000023c   Data          40  can.o(.bss)
    hcan2                                    0x20000264   Data          40  can.o(.bss)
    htim3                                    0x200004e0   Data          64  tim.o(.bss)
    htim4                                    0x20000520   Data          64  tim.o(.bss)
    htim13                                   0x20000560   Data          64  tim.o(.bss)
    huart1                                   0x200005a0   Data          64  usart.o(.bss)
    huart2                                   0x200005e0   Data          64  usart.o(.bss)
    huart3                                   0x20000620   Data          64  usart.o(.bss)
    huart6                                   0x20000660   Data          64  usart.o(.bss)
    hdma_usart1_rx                           0x200006a0   Data          96  usart.o(.bss)
    hdma_usart2_rx                           0x20000700   Data          96  usart.o(.bss)
    CAN1_Rx_Header                           0x20000760   Data          28  stm32f4xx_it.o(.bss)
    CAN2_Rx_Header                           0x2000077c   Data          28  stm32f4xx_it.o(.bss)
    htim1                                    0x20000798   Data          64  stm32f4xx_hal_timebase_tim.o(.bss)
    uhADCxConvertedValue                     0x200007d8   Data          40  bsp.o(.bss)
    moto_chassis_get                         0x200044f0   Data         240  motor_use_can.o(.bss)
    moto_gimbal_get                          0x200045e0   Data          60  motor_use_can.o(.bss)
    RC_Ctl                                   0x2000461c   Data          20  motor_use_can.o(.bss)
    pid_3508_Current                         0x20004678   Data         128  pid.o(.bss)
    Get_103                                  0x200046f8   Data          12  power_restriction.o(.bss)
    Recive_103                               0x20004704   Data          12  power_restriction.o(.bss)
    custom_data_t                            0x20004710   Data          21  protocol.o(.bss)
    Robot                                    0x20004728   Data          60  protocol.o(.bss)
    SystemState                              0x20004764   Data          20  systemstate.o(.bss)
    g_Time_DeviceOutLine                     0x20004778   Data          16  systemstate.o(.bss)
    g_Time_TASKOutLine                       0x20004788   Data          24  systemstate.o(.bss)
    USART6_RX_DATA                           0x200047a0   Data         100  communication.o(.bss)
    pid_chassis_follow                       0x20004804   Data         128  chassis_control.o(.bss)
    moto_3508_set                            0x20004884   Data          16  chassis_control.o(.bss)
    pid_3508_pos                             0x200048a4   Data         128  chassis_control.o(.bss)
    pid_3508_spd                             0x20004924   Data         512  chassis_control.o(.bss)
    pid_3508_current                         0x20004b24   Data         512  chassis_control.o(.bss)
    I_value                                  0x20004d24   Data          32  other_tasks.o(.bss)
    __initial_sp                             0x20005148   Data           0  startup_stm32f407xx.o(STACK)



==============================================================================

Memory Map of the image

  Image Entry point : 0x08000189

  Load Region LR_IROM1 (Base: 0x08000000, Size: 0x00006ca4, Max: 0x00100000, ABSOLUTE)

    Execution Region ER_IROM1 (Base: 0x08000000, Size: 0x00006ba0, Max: 0x00100000, ABSOLUTE)

    Base Addr    Size         Type   Attr      Idx    E Section Name        Object

    0x08000000   0x00000188   Data   RO            3    RESET               startup_stm32f407xx.o
    0x08000188   0x00000000   Code   RO         6262  * .ARM.Collect$$$$00000000  mc_w.l(entry.o)
    0x08000188   0x00000004   Code   RO         6309    .ARM.Collect$$$$00000001  mc_w.l(entry2.o)
    0x0800018c   0x00000004   Code   RO         6312    .ARM.Collect$$$$00000004  mc_w.l(entry5.o)
    0x08000190   0x00000000   Code   RO         6314    .ARM.Collect$$$$00000008  mc_w.l(entry7b.o)
    0x08000190   0x00000000   Code   RO         6316    .ARM.Collect$$$$0000000A  mc_w.l(entry8b.o)
    0x08000190   0x00000008   Code   RO         6317    .ARM.Collect$$$$0000000B  mc_w.l(entry9a.o)
    0x08000198   0x00000000   Code   RO         6319    .ARM.Collect$$$$0000000D  mc_w.l(entry10a.o)
    0x08000198   0x00000000   Code   RO         6321    .ARM.Collect$$$$0000000F  mc_w.l(entry11a.o)
    0x08000198   0x00000004   Code   RO         6310    .ARM.Collect$$$$00002712  mc_w.l(entry2.o)
    0x0800019c   0x000000be   Code   RO         5064    .emb_text           port.o
    0x0800025a   0x00000002   PAD
    0x0800025c   0x00000024   Code   RO            4    .text               startup_stm32f407xx.o
    0x08000280   0x00000104   Code   RO         6116    .text               arm_cortexM4lf_math.lib(arm_sin_cos_f32.o)
    0x08000384   0x00000062   Code   RO         6265    .text               mc_w.l(uldiv.o)
    0x080003e6   0x00000024   Code   RO         6267    .text               mc_w.l(memcpya.o)
    0x0800040a   0x00000024   Code   RO         6271    .text               mc_w.l(memseta.o)
    0x0800042e   0x0000014e   Code   RO         6277    .text               mf_w.l(dadd.o)
    0x0800057c   0x000000e4   Code   RO         6279    .text               mf_w.l(dmul.o)
    0x08000660   0x000000de   Code   RO         6281    .text               mf_w.l(ddiv.o)
    0x0800073e   0x00000022   Code   RO         6283    .text               mf_w.l(dflti.o)
    0x08000760   0x0000001a   Code   RO         6285    .text               mf_w.l(dfltui.o)
    0x0800077a   0x00000026   Code   RO         6287    .text               mf_w.l(f2d.o)
    0x080007a0   0x00000030   Code   RO         6289    .text               mf_w.l(cdcmple.o)
    0x080007d0   0x00000038   Code   RO         6291    .text               mf_w.l(d2f.o)
    0x08000808   0x0000001e   Code   RO         6323    .text               mc_w.l(llshl.o)
    0x08000826   0x00000020   Code   RO         6325    .text               mc_w.l(llushr.o)
    0x08000846   0x00000024   Code   RO         6327    .text               mc_w.l(llsshr.o)
    0x0800086a   0x00000000   Code   RO         6336    .text               mc_w.l(iusefp.o)
    0x0800086a   0x0000006e   Code   RO         6337    .text               mf_w.l(fepilogue.o)
    0x080008d8   0x000000ba   Code   RO         6339    .text               mf_w.l(depilogue.o)
    0x08000992   0x00000002   PAD
    0x08000994   0x00000024   Code   RO         6343    .text               mc_w.l(init.o)
    0x080009b8   0x0000002a   Code   RO         5345    i.ABS_limit         pid.o
    0x080009e2   0x0000006e   Code   RO          950    i.ADC_DMAConvCplt   stm32f4xx_hal_adc.o
    0x08000a50   0x00000016   Code   RO          951    i.ADC_DMAError      stm32f4xx_hal_adc.o
    0x08000a66   0x0000000a   Code   RO          952    i.ADC_DMAHalfConvCplt  stm32f4xx_hal_adc.o
    0x08000a70   0x00000128   Code   RO          953    i.ADC_Init          stm32f4xx_hal_adc.o
    0x08000b98   0x00000040   Code   RO         5898    i.Absolute_angle_Conversion  chassis_control.o
    0x08000bd8   0x000000a8   Code   RO          898    i.BSP_Init          bsp.o
    0x08000c80   0x00000016   Code   RO          597    i.Bsp_UART_Receive_IT  usart.o
    0x08000c96   0x00000002   Code   RO          691    i.BusFault_Handler  stm32f4xx_it.o
    0x08000c98   0x0000000c   Code   RO          692    i.CAN1_RX0_IRQHandler  stm32f4xx_it.o
    0x08000ca4   0x0000000c   Code   RO          693    i.CAN2_RX0_IRQHandler  stm32f4xx_it.o
    0x08000cb0   0x00000028   Code   RO         5183    i.CAN_Get_Gimbal    motor_use_can.o
    0x08000cd8   0x00000024   Code   RO         5184    i.CAN_Get_Remote    motor_use_can.o
    0x08000cfc   0x0000000c   Code   RO         5404    i.CAP_Mode          power_restriction.o
    0x08000d08   0x0000003c   Code   RO          379    i.CanFilter_Init    can.o
    0x08000d44   0x00000344   Code   RO         5899    i.Chassis_Contrl_Task  chassis_control.o
    0x08001088   0x00000050   Code   RO         5187    i.Chassis_Motor     motor_use_can.o
    0x080010d8   0x00000138   Code   RO         5900    i.Chassis_pid_init  chassis_control.o
    0x08001210   0x0000000c   Code   RO          694    i.DMA1_Stream5_IRQHandler  stm32f4xx_it.o
    0x0800121c   0x0000000c   Code   RO          695    i.DMA2_Stream2_IRQHandler  stm32f4xx_it.o
    0x08001228   0x00000028   Code   RO         3172    i.DMA_CalcBaseAndBitshift  stm32f4xx_hal_dma.o
    0x08001250   0x00000054   Code   RO         3173    i.DMA_CheckFifoParam  stm32f4xx_hal_dma.o
    0x080012a4   0x00000028   Code   RO         3174    i.DMA_SetConfig     stm32f4xx_hal_dma.o
    0x080012cc   0x00000002   Code   RO          696    i.DebugMon_Handler  stm32f4xx_it.o
    0x080012ce   0x00000002   Code   RO           13    i.Error_Handler     main.o
    0x080012d0   0x0000004c   Code   RO         5611    i.GetSystemTimer    systemstate.o
    0x0800131c   0x0000014c   Code   RO          955    i.HAL_ADC_ConfigChannel  stm32f4xx_hal_adc.o
    0x08001468   0x00000002   Code   RO          956    i.HAL_ADC_ConvCpltCallback  stm32f4xx_hal_adc.o
    0x0800146a   0x00000002   Code   RO          957    i.HAL_ADC_ConvHalfCpltCallback  stm32f4xx_hal_adc.o
    0x0800146c   0x00000002   Code   RO          959    i.HAL_ADC_ErrorCallback  stm32f4xx_hal_adc.o
    0x0800146e   0x00000054   Code   RO          964    i.HAL_ADC_Init      stm32f4xx_hal_adc.o
    0x080014c2   0x00000002   PAD
    0x080014c4   0x00000100   Code   RO          324    i.HAL_ADC_MspInit   adc.o
    0x080015c4   0x00000130   Code   RO          971    i.HAL_ADC_Start_DMA  stm32f4xx_hal_adc.o
    0x080016f4   0x00000024   Code   RO         1226    i.HAL_CAN_ActivateNotification  stm32f4xx_hal_can.o
    0x08001718   0x000000c8   Code   RO         1227    i.HAL_CAN_AddTxMessage  stm32f4xx_hal_can.o
    0x080017e0   0x0000010c   Code   RO         1228    i.HAL_CAN_ConfigFilter  stm32f4xx_hal_can.o
    0x080018ec   0x00000002   Code   RO         1231    i.HAL_CAN_ErrorCallback  stm32f4xx_hal_can.o
    0x080018ee   0x000000e8   Code   RO         1234    i.HAL_CAN_GetRxMessage  stm32f4xx_hal_can.o
    0x080019d6   0x000001fc   Code   RO         1238    i.HAL_CAN_IRQHandler  stm32f4xx_hal_can.o
    0x08001bd2   0x0000011a   Code   RO         1239    i.HAL_CAN_Init      stm32f4xx_hal_can.o
    0x08001cec   0x000000fc   Code   RO          381    i.HAL_CAN_MspInit   can.o
    0x08001de8   0x00000002   Code   RO         1246    i.HAL_CAN_RxFifo0FullCallback  stm32f4xx_hal_can.o
    0x08001dea   0x00000002   PAD
    0x08001dec   0x0000015c   Code   RO          697    i.HAL_CAN_RxFifo0MsgPendingCallback  stm32f4xx_it.o
    0x08001f48   0x00000002   Code   RO         1248    i.HAL_CAN_RxFifo1FullCallback  stm32f4xx_hal_can.o
    0x08001f4a   0x00000002   Code   RO         1249    i.HAL_CAN_RxFifo1MsgPendingCallback  stm32f4xx_hal_can.o
    0x08001f4c   0x00000002   Code   RO         1250    i.HAL_CAN_SleepCallback  stm32f4xx_hal_can.o
    0x08001f4e   0x00000002   PAD
    0x08001f50   0x00000058   Code   RO         1251    i.HAL_CAN_Start     stm32f4xx_hal_can.o
    0x08001fa8   0x00000002   Code   RO         1253    i.HAL_CAN_TxMailbox0AbortCallback  stm32f4xx_hal_can.o
    0x08001faa   0x00000002   Code   RO         1254    i.HAL_CAN_TxMailbox0CompleteCallback  stm32f4xx_hal_can.o
    0x08001fac   0x00000002   Code   RO         1255    i.HAL_CAN_TxMailbox1AbortCallback  stm32f4xx_hal_can.o
    0x08001fae   0x00000002   Code   RO         1256    i.HAL_CAN_TxMailbox1CompleteCallback  stm32f4xx_hal_can.o
    0x08001fb0   0x00000002   Code   RO         1257    i.HAL_CAN_TxMailbox2AbortCallback  stm32f4xx_hal_can.o
    0x08001fb2   0x00000002   Code   RO         1258    i.HAL_CAN_TxMailbox2CompleteCallback  stm32f4xx_hal_can.o
    0x08001fb4   0x00000002   Code   RO         1260    i.HAL_CAN_WakeUpFromRxMsgCallback  stm32f4xx_hal_can.o
    0x08001fb6   0x00000024   Code   RO         3176    i.HAL_DMA_Abort_IT  stm32f4xx_hal_dma.o
    0x08001fda   0x00000002   PAD
    0x08001fdc   0x000001a0   Code   RO         3180    i.HAL_DMA_IRQHandler  stm32f4xx_hal_dma.o
    0x0800217c   0x000000d4   Code   RO         3181    i.HAL_DMA_Init      stm32f4xx_hal_dma.o
    0x08002250   0x00000078   Code   RO         3185    i.HAL_DMA_Start_IT  stm32f4xx_hal_dma.o
    0x080022c8   0x000001b0   Code   RO         3068    i.HAL_GPIO_Init     stm32f4xx_hal_gpio.o
    0x08002478   0x0000000e   Code   RO         3071    i.HAL_GPIO_TogglePin  stm32f4xx_hal_gpio.o
    0x08002486   0x0000000a   Code   RO         3072    i.HAL_GPIO_WritePin  stm32f4xx_hal_gpio.o
    0x08002490   0x0000000c   Code   RO         3600    i.HAL_GetTick       stm32f4xx_hal.o
    0x0800249c   0x00000010   Code   RO         3606    i.HAL_IncTick       stm32f4xx_hal.o
    0x080024ac   0x00000034   Code   RO         3607    i.HAL_Init          stm32f4xx_hal.o
    0x080024e0   0x00000074   Code   RO          859    i.HAL_InitTick      stm32f4xx_hal_timebase_tim.o
    0x08002554   0x00000038   Code   RO          835    i.HAL_MspInit       stm32f4xx_hal_msp.o
    0x0800258c   0x0000001a   Code   RO         3457    i.HAL_NVIC_EnableIRQ  stm32f4xx_hal_cortex.o
    0x080025a6   0x00000002   PAD
    0x080025a8   0x00000040   Code   RO         3463    i.HAL_NVIC_SetPriority  stm32f4xx_hal_cortex.o
    0x080025e8   0x00000024   Code   RO         3464    i.HAL_NVIC_SetPriorityGrouping  stm32f4xx_hal_cortex.o
    0x0800260c   0x00000130   Code   RO         2714    i.HAL_RCC_ClockConfig  stm32f4xx_hal_rcc.o
    0x0800273c   0x00000040   Code   RO         2718    i.HAL_RCC_GetClockConfig  stm32f4xx_hal_rcc.o
    0x0800277c   0x0000000c   Code   RO         2719    i.HAL_RCC_GetHCLKFreq  stm32f4xx_hal_rcc.o
    0x08002788   0x00000020   Code   RO         2721    i.HAL_RCC_GetPCLK1Freq  stm32f4xx_hal_rcc.o
    0x080027a8   0x00000020   Code   RO         2722    i.HAL_RCC_GetPCLK2Freq  stm32f4xx_hal_rcc.o
    0x080027c8   0x00000064   Code   RO         2723    i.HAL_RCC_GetSysClockFreq  stm32f4xx_hal_rcc.o
    0x0800282c   0x0000031c   Code   RO         2726    i.HAL_RCC_OscConfig  stm32f4xx_hal_rcc.o
    0x08002b48   0x00000018   Code   RO         3466    i.HAL_SYSTICK_CLKSourceConfig  stm32f4xx_hal_cortex.o
    0x08002b60   0x00000028   Code   RO         3468    i.HAL_SYSTICK_Config  stm32f4xx_hal_cortex.o
    0x08002b88   0x00000002   Code   RO         2136    i.HAL_TIMEx_BreakCallback  stm32f4xx_hal_tim_ex.o
    0x08002b8a   0x00000002   Code   RO         2137    i.HAL_TIMEx_CommutCallback  stm32f4xx_hal_tim_ex.o
    0x08002b8c   0x00000042   Code   RO         2154    i.HAL_TIMEx_MasterConfigSynchronization  stm32f4xx_hal_tim_ex.o
    0x08002bce   0x00000036   Code   RO         1461    i.HAL_TIM_Base_Init  stm32f4xx_hal_tim.o
    0x08002c04   0x0000008c   Code   RO          543    i.HAL_TIM_Base_MspInit  tim.o
    0x08002c90   0x00000022   Code   RO         1466    i.HAL_TIM_Base_Start_IT  stm32f4xx_hal_tim.o
    0x08002cb2   0x000000d6   Code   RO         1470    i.HAL_TIM_ConfigClockSource  stm32f4xx_hal_tim.o
    0x08002d88   0x00000002   Code   RO         1490    i.HAL_TIM_IC_CaptureCallback  stm32f4xx_hal_tim.o
    0x08002d8a   0x00000166   Code   RO         1504    i.HAL_TIM_IRQHandler  stm32f4xx_hal_tim.o
    0x08002ef0   0x00000002   Code   RO         1507    i.HAL_TIM_OC_DelayElapsedCallback  stm32f4xx_hal_tim.o
    0x08002ef2   0x00000002   Code   RO         1534    i.HAL_TIM_PWM_PulseFinishedCallback  stm32f4xx_hal_tim.o
    0x08002ef4   0x00000020   Code   RO          698    i.HAL_TIM_PeriodElapsedCallback  stm32f4xx_it.o
    0x08002f14   0x00000002   Code   RO         1547    i.HAL_TIM_TriggerCallback  stm32f4xx_hal_tim.o
    0x08002f16   0x00000002   Code   RO         2408    i.HAL_UART_ErrorCallback  stm32f4xx_hal_uart.o
    0x08002f18   0x00000110   Code   RO         2411    i.HAL_UART_IRQHandler  stm32f4xx_hal_uart.o
    0x08003028   0x00000062   Code   RO         2412    i.HAL_UART_Init     stm32f4xx_hal_uart.o
    0x0800308a   0x00000002   PAD
    0x0800308c   0x000001c8   Code   RO          599    i.HAL_UART_MspInit  usart.o
    0x08003254   0x00000098   Code   RO         2416    i.HAL_UART_Receive_DMA  stm32f4xx_hal_uart.o
    0x080032ec   0x00000002   Code   RO         2418    i.HAL_UART_RxCpltCallback  stm32f4xx_hal_uart.o
    0x080032ee   0x00000002   Code   RO         2419    i.HAL_UART_RxHalfCpltCallback  stm32f4xx_hal_uart.o
    0x080032f0   0x000000ba   Code   RO         2420    i.HAL_UART_Transmit  stm32f4xx_hal_uart.o
    0x080033aa   0x00000002   Code   RO         2423    i.HAL_UART_TxCpltCallback  stm32f4xx_hal_uart.o
    0x080033ac   0x00000002   Code   RO          699    i.HardFault_Handler  stm32f4xx_it.o
    0x080033ae   0x00000002   PAD
    0x080033b0   0x00000064   Code   RO          325    i.MX_ADC1_Init      adc.o
    0x08003414   0x00000064   Code   RO          326    i.MX_ADC2_Init      adc.o
    0x08003478   0x00000064   Code   RO          327    i.MX_ADC3_Init      adc.o
    0x080034dc   0x00000044   Code   RO          382    i.MX_CAN1_Init      can.o
    0x08003520   0x00000044   Code   RO          383    i.MX_CAN2_Init      can.o
    0x08003564   0x0000004c   Code   RO          434    i.MX_DMA_Init       dma.o
    0x080035b0   0x00000068   Code   RO          458    i.MX_FREERTOS_Init  freertos.o
    0x08003618   0x0000011c   Code   RO          299    i.MX_GPIO_Init      gpio.o
    0x08003734   0x00000038   Code   RO          544    i.MX_TIM13_Init     tim.o
    0x0800376c   0x0000006c   Code   RO          545    i.MX_TIM3_Init      tim.o
    0x080037d8   0x0000006c   Code   RO          546    i.MX_TIM4_Init      tim.o
    0x08003844   0x00000038   Code   RO          600    i.MX_USART1_UART_Init  usart.o
    0x0800387c   0x00000038   Code   RO          601    i.MX_USART2_UART_Init  usart.o
    0x080038b4   0x00000038   Code   RO          602    i.MX_USART3_UART_Init  usart.o
    0x080038ec   0x00000038   Code   RO          603    i.MX_USART6_UART_Init  usart.o
    0x08003924   0x00000002   Code   RO          700    i.MemManage_Handler  stm32f4xx_it.o
    0x08003926   0x0000001a   Code   RO         5962    i.MiniPC_Data_task  data_processing.o
    0x08003940   0x00000250   Code   RO         5963    i.MouseKeyControlProcess  data_processing.o
    0x08003b90   0x00000002   Code   RO          701    i.NMI_Handler       stm32f4xx_it.o
    0x08003b92   0x00000002   PAD
    0x08003b94   0x00000018   Code   RO         5346    i.PID_struct_init   pid.o
    0x08003bac   0x00000194   Code   RO         5474    i.Referee_Data_Handler  protocol.o
    0x08003d40   0x00000018   Code   RO         5560    i.RefreshDeviceOutLineTime  systemstate.o
    0x08003d58   0x00000010   Code   RO         5561    i.RefreshSysTime    systemstate.o
    0x08003d68   0x00000018   Code   RO         5562    i.RefreshTaskOutLineTime  systemstate.o
    0x08003d80   0x0000003c   Code   RO         5964    i.RemoteControlProcess  data_processing.o
    0x08003dbc   0x00000044   Code   RO         5965    i.Remote_Data_Task  data_processing.o
    0x08003e00   0x00000070   Code   RO         5475    i.Send_FrameData    protocol.o
    0x08003e70   0x00000004   Code   RO          702    i.SysTick_Handler   stm32f4xx_it.o
    0x08003e74   0x000000a8   Code   RO           14    i.SystemClock_Config  main.o
    0x08003f1c   0x00000054   Code   RO         3843    i.SystemInit        system_stm32f4xx.o
    0x08003f70   0x0000001c   Code   RO         5563    i.SystemState_Inite  systemstate.o
    0x08003f8c   0x0000000c   Code   RO          703    i.TIM1_UP_TIM10_IRQHandler  stm32f4xx_it.o
    0x08003f98   0x0000000c   Code   RO          704    i.TIM3_IRQHandler   stm32f4xx_it.o
    0x08003fa4   0x0000000c   Code   RO          705    i.TIM4_IRQHandler   stm32f4xx_it.o
    0x08003fb0   0x0000000c   Code   RO          706    i.TIM8_UP_TIM13_IRQHandler  stm32f4xx_it.o
    0x08003fbc   0x000000c8   Code   RO         1549    i.TIM_Base_SetConfig  stm32f4xx_hal_tim.o
    0x08004084   0x00000014   Code   RO         1560    i.TIM_ETR_SetConfig  stm32f4xx_hal_tim.o
    0x08004098   0x00000010   Code   RO         1561    i.TIM_ITRx_SetConfig  stm32f4xx_hal_tim.o
    0x080040a8   0x00000022   Code   RO         1567    i.TIM_TI1_ConfigInputStage  stm32f4xx_hal_tim.o
    0x080040ca   0x00000024   Code   RO         1569    i.TIM_TI2_ConfigInputStage  stm32f4xx_hal_tim.o
    0x080040ee   0x00000010   Code   RO         2425    i.UART_DMAAbortOnError  stm32f4xx_hal_uart.o
    0x080040fe   0x0000004a   Code   RO         2426    i.UART_DMAError     stm32f4xx_hal_uart.o
    0x08004148   0x0000003c   Code   RO         2427    i.UART_DMAReceiveCplt  stm32f4xx_hal_uart.o
    0x08004184   0x0000000a   Code   RO         2429    i.UART_DMARxHalfCplt  stm32f4xx_hal_uart.o
    0x0800418e   0x0000001c   Code   RO         2435    i.UART_EndRxTransfer  stm32f4xx_hal_uart.o
    0x080041aa   0x00000012   Code   RO         2436    i.UART_EndTxTransfer  stm32f4xx_hal_uart.o
    0x080041bc   0x00000096   Code   RO         2437    i.UART_Receive_IT   stm32f4xx_hal_uart.o
    0x08004252   0x00000002   PAD
    0x08004254   0x000002ac   Code   RO         2438    i.UART_SetConfig    stm32f4xx_hal_uart.o
    0x08004500   0x00000062   Code   RO         2439    i.UART_Transmit_IT  stm32f4xx_hal_uart.o
    0x08004562   0x00000064   Code   RO         2440    i.UART_WaitOnFlagUntilTimeout  stm32f4xx_hal_uart.o
    0x080045c6   0x00000002   PAD
    0x080045c8   0x00000150   Code   RO          707    i.USART1_IRQHandler  stm32f4xx_it.o
    0x08004718   0x00000104   Code   RO          708    i.USART2_IRQHandler  stm32f4xx_it.o
    0x0800481c   0x00000002   Code   RO          709    i.UsageFault_Handler  stm32f4xx_it.o
    0x0800481e   0x00000022   Code   RO          604    i.Usart_SendArray   usart.o
    0x08004840   0x0000000e   Code   RO          605    i.Usart_SendByte    usart.o
    0x0800484e   0x00000020   Code   RO         3470    i.__NVIC_SetPriority  stm32f4xx_hal_cortex.o
    0x0800486e   0x0000000e   Code   RO         6347    i.__scatterload_copy  mc_w.l(handlers.o)
    0x0800487c   0x00000002   Code   RO         6348    i.__scatterload_null  mc_w.l(handlers.o)
    0x0800487e   0x0000000e   Code   RO         6349    i.__scatterload_zeroinit  mc_w.l(handlers.o)
    0x0800488c   0x0000002c   Code   RO         5476    i.append_crc16_check_sum  protocol.o
    0x080048b8   0x00000024   Code   RO         5477    i.append_crc8_check_sum  protocol.o
    0x080048dc   0x00000006   Code   RO         5405    i.exchange_data     power_restriction.o
    0x080048e2   0x00000002   PAD
    0x080048e4   0x0000002c   Code   RO         5478    i.get_crc16_check_sum  protocol.o
    0x08004910   0x00000020   Code   RO         5479    i.get_crc8_check_sum  protocol.o
    0x08004930   0x00000040   Code   RO         5189    i.get_moto_measure_3508  motor_use_can.o
    0x08004970   0x0000000a   Code   RO         5191    i.get_moto_offset   motor_use_can.o
    0x0800497a   0x0000001e   Code   RO           15    i.main              main.o
    0x08004998   0x0000000c   Code   RO         4636    i.makeFreeRtosPriority  cmsis_os.o
    0x080049a4   0x0000002a   Code   RO         5313    i.motor_move_setvmmps  mecanum_calc.o
    0x080049ce   0x0000000e   Code   RO         4638    i.osDelay           cmsis_os.o
    0x080049dc   0x0000000e   Code   RO         4639    i.osDelayUntil      cmsis_os.o
    0x080049ea   0x0000000a   Code   RO         4641    i.osKernelStart     cmsis_os.o
    0x080049f4   0x00000014   Code   RO         4674    i.osSystickHandler  cmsis_os.o
    0x08004a08   0x00000054   Code   RO         4675    i.osThreadCreate    cmsis_os.o
    0x08004a5c   0x00000018   Code   RO         5406    i.package_frame     power_restriction.o
    0x08004a74   0x000001c8   Code   RO         5347    i.pid_calc          pid.o
    0x08004c3c   0x0000000e   Code   RO         5348    i.pid_param_init    pid.o
    0x08004c4a   0x00000006   Code   RO         5349    i.pid_reset         pid.o
    0x08004c50   0x00000070   Code   RO         4327    i.prvAddCurrentTaskToDelayedList  tasks.o
    0x08004cc0   0x000000d0   Code   RO         4328    i.prvAddNewTaskToReadyList  tasks.o
    0x08004d90   0x00000034   Code   RO         4329    i.prvDeleteTCB      tasks.o
    0x08004dc4   0x0000004c   Code   RO         5003    i.prvHeapInit       heap_4.o
    0x08004e10   0x00000060   Code   RO         4330    i.prvIdleTask       tasks.o
    0x08004e70   0x0000008e   Code   RO         4331    i.prvInitialiseNewTask  tasks.o
    0x08004efe   0x00000002   PAD
    0x08004f00   0x0000004c   Code   RO         5004    i.prvInsertBlockIntoFreeList  heap_4.o
    0x08004f4c   0x00000020   Code   RO         4332    i.prvResetNextTaskUnblockTime  tasks.o
    0x08004f6c   0x00000028   Code   RO         5065    i.prvTaskExitError  port.o
    0x08004f94   0x000000d8   Code   RO         5005    i.pvPortMalloc      heap_4.o
    0x0800506c   0x0000002c   Code   RO         5066    i.pxPortInitialiseStack  port.o
    0x08005098   0x000000a4   Code   RO         5480    i.sendata           protocol.o
    0x0800513c   0x0000035c   Code   RO         5407    i.super_cap         power_restriction.o
    0x08005498   0x00000228   Code   RO         6082    i.testTask          other_tasks.o
    0x080056c0   0x00000068   Code   RO         4335    i.ulTaskNotifyTake  tasks.o
    0x08005728   0x00000026   Code   RO         3981    i.uxListRemove      list.o
    0x0800574e   0x00000002   PAD
    0x08005750   0x00000014   Code   RO          460    i.vApplicationGetIdleTaskMemory  freertos.o
    0x08005764   0x00000016   Code   RO         3982    i.vListInitialise   list.o
    0x0800577a   0x00000006   Code   RO         3983    i.vListInitialiseItem  list.o
    0x08005780   0x00000030   Code   RO         3984    i.vListInsert       list.o
    0x080057b0   0x00000018   Code   RO         3985    i.vListInsertEnd    list.o
    0x080057c8   0x00000040   Code   RO         5068    i.vPortEnterCritical  port.o
    0x08005808   0x00000028   Code   RO         5069    i.vPortExitCritical  port.o
    0x08005830   0x0000005c   Code   RO         5006    i.vPortFree         heap_4.o
    0x0800588c   0x00000024   Code   RO         5070    i.vPortSetupTimerInterrupt  port.o
    0x080058b0   0x00000054   Code   RO         5071    i.vPortValidateInterruptPriority  port.o
    0x08005904   0x0000004c   Code   RO         4340    i.vTaskDelay        tasks.o
    0x08005950   0x0000008c   Code   RO         4341    i.vTaskDelayUntil   tasks.o
    0x080059dc   0x000000b8   Code   RO         4346    i.vTaskNotifyGiveFromISR  tasks.o
    0x08005a94   0x0000006c   Code   RO         4354    i.vTaskStartScheduler  tasks.o
    0x08005b00   0x00000010   Code   RO         4356    i.vTaskSuspendAll   tasks.o
    0x08005b10   0x0000005c   Code   RO         4357    i.vTaskSwitchContext  tasks.o
    0x08005b6c   0x00000040   Code   RO          607    i.vcan_sendware     usart.o
    0x08005bac   0x0000003c   Code   RO         5481    i.verify_crc16_check_sum  protocol.o
    0x08005be8   0x0000002a   Code   RO         5482    i.verify_crc8_check_sum  protocol.o
    0x08005c12   0x00000002   PAD
    0x08005c14   0x000000f4   Code   RO         5072    i.xPortStartScheduler  port.o
    0x08005d08   0x0000002c   Code   RO         5073    i.xPortSysTickHandler  port.o
    0x08005d34   0x0000005a   Code   RO         4359    i.xTaskCreate       tasks.o
    0x08005d8e   0x00000056   Code   RO         4360    i.xTaskCreateStatic  tasks.o
    0x08005de4   0x0000001c   Code   RO         4364    i.xTaskGetSchedulerState  tasks.o
    0x08005e00   0x0000000c   Code   RO         4365    i.xTaskGetTickCount  tasks.o
    0x08005e0c   0x000000c8   Code   RO         4367    i.xTaskIncrementTick  tasks.o
    0x08005ed4   0x000000c4   Code   RO         4373    i.xTaskResumeAll    tasks.o
    0x08005f98   0x00000070   Data   RO          462    .constdata          freertos.o
    0x08006008   0x00000008   Data   RO         3187    .constdata          stm32f4xx_hal_dma.o
    0x08006010   0x00000010   Data   RO         3844    .constdata          system_stm32f4xx.o
    0x08006020   0x00000008   Data   RO         3845    .constdata          system_stm32f4xx.o
    0x08006028   0x0000031e   Data   RO         5485    .constdata          protocol.o
    0x08006346   0x00000002   PAD
    0x08006348   0x00000804   Data   RO         6225    .constdata          arm_cortexM4lf_math.lib(arm_common_tables.o)
    0x08006b4c   0x00000034   Data   RO          463    .conststring        freertos.o
    0x08006b80   0x00000020   Data   RO         6345    Region$$Table       anon$$obj.o


    Execution Region RW_IRAM1 (Base: 0x20000000, Size: 0x00005148, Max: 0x00020000, ABSOLUTE)

    Base Addr    Size         Type   Attr      Idx    E Section Name        Object

    0x20000000   0x00000004   Data   RW          385    .data               can.o
    0x20000004   0x0000000c   Data   RW          466    .data               freertos.o
    0x20000010   0x00000018   Data   RW          711    .data               stm32f4xx_it.o
    0x20000028   0x0000000c   Data   RW         3614    .data               stm32f4xx_hal.o
    0x20000034   0x00000004   Data   RW         3846    .data               system_stm32f4xx.o
    0x20000038   0x0000003c   Data   RW         4376    .data               tasks.o
    0x20000074   0x00000018   Data   RW         5011    .data               heap_4.o
    0x2000008c   0x0000000c   Data   RW         5074    .data               port.o
    0x20000098   0x00000020   Data   RW         5411    .data               power_restriction.o
    0x200000b8   0x00000001   Data   RW         5415    .data               power_restriction.o
    0x200000b9   0x00000003   PAD
    0x200000bc   0x00000008   Data   RW         5486    .data               protocol.o
    0x200000c4   0x00000002   Data   RW         5795    .data               communication.o
    0x200000c6   0x00000004   Data   RW         5804    .data               communication.o
    0x200000ca   0x00000002   PAD
    0x200000cc   0x00000018   Data   RW         5903    .data               chassis_control.o
    0x200000e4   0x0000000a   Data   RW         5970    .data               data_processing.o
    0x200000ee   0x00000002   PAD
    0x200000f0   0x00000014   Data   RW         6084    .data               other_tasks.o
    0x20000104   0x00000138   Zero   RW          329    .bss                adc.o
    0x2000023c   0x00000050   Zero   RW          384    .bss                can.o
    0x2000028c   0x00000254   Zero   RW          461    .bss                freertos.o
    0x200004e0   0x000000c0   Zero   RW          547    .bss                tim.o
    0x200005a0   0x000001c0   Zero   RW          608    .bss                usart.o
    0x20000760   0x00000038   Zero   RW          710    .bss                stm32f4xx_it.o
    0x20000798   0x00000040   Zero   RW          862    .bss                stm32f4xx_hal_timebase_tim.o
    0x200007d8   0x00000028   Zero   RW          902    .bss                bsp.o
    0x20000800   0x000000f0   Zero   RW         4375    .bss                tasks.o
    0x200008f0   0x00003c00   Zero   RW         5010    .bss                heap_4.o
    0x200044f0   0x000000f0   Zero   RW         5192    .bss                motor_use_can.o
    0x200045e0   0x00000098   Zero   RW         5193    .bss                motor_use_can.o
    0x20004678   0x00000080   Zero   RW         5351    .bss                pid.o
    0x200046f8   0x0000000c   Zero   RW         5408    .bss                power_restriction.o
    0x20004704   0x0000000c   Zero   RW         5409    .bss                power_restriction.o
    0x20004710   0x00000054   Zero   RW         5483    .bss                protocol.o
    0x20004764   0x0000003c   Zero   RW         5565    .bss                systemstate.o
    0x200047a0   0x00000064   Zero   RW         5789    .bss                communication.o
    0x20004804   0x00000520   Zero   RW         5901    .bss                chassis_control.o
    0x20004d24   0x00000020   Zero   RW         6083    .bss                other_tasks.o
    0x20004d44   0x00000004   PAD
    0x20004d48   0x00000400   Zero   RW            1    STACK               startup_stm32f407xx.o


==============================================================================

Image component sizes


      Code (inc. data)   RO Data    RW Data    ZI Data      Debug   Object Name

       556         66          0          0        312       3302   adc.o
       168         32          0          0         40       1303   bsp.o
       448         44          0          4         80       3099   can.o
      1212        128          0         24       1312       6598   chassis_control.o
       154          0          0          0          0      23883   cmsis_os.o
         0          0          0          6        100       4767   communication.o
       746         68          0         10          0       6510   data_processing.o
        76          4          0          0          0        822   dma.o
         0          0          0          0          0      18172   event_groups.o
       124         12        164         12        596      16483   freertos.o
       284         26          0          0          0       1103   gpio.o
       460         24          0         24      15360       7399   heap_4.o
       138          0          0          0          0       3614   list.o
       200         10          0          0          0     746792   main.o
        42          0          0          0          0        682   mecanum_calc.o
       230         20          0          0        392       8570   motor_use_can.o
       552         90          0         20         32       1994   other_tasks.o
       542         12          0          0        128       5965   pid.o
       786         82          0         12          0      12089   port.o
       902        126          0         33         24       5174   power_restriction.o
       938         64        798          8         84      13406   protocol.o
        36          8        392          0       1024        844   startup_stm32f407xx.o
        80         14          0         12          0       3306   stm32f4xx_hal.o
      1164         64          0          0          0       7529   stm32f4xx_hal_adc.o
      1638          6          0          0          0      14499   stm32f4xx_hal_can.o
       222         14          0          0          0      34661   stm32f4xx_hal_cortex.o
       948         16          8          0          0       6558   stm32f4xx_hal_dma.o
       456         44          0          0          0       3089   stm32f4xx_hal_gpio.o
        56          4          0          0          0        862   stm32f4xx_hal_msp.o
      1340         96          0          0          0       6381   stm32f4xx_hal_rcc.o
       974         44          0          0          0      10165   stm32f4xx_hal_tim.o
        70          0          0          0          0       2481   stm32f4xx_hal_tim_ex.o
       116         16          0          0         64       1431   stm32f4xx_hal_timebase_tim.o
      1954         28          0          0          0      13588   stm32f4xx_hal_uart.o
      1088        140          0         24         56      11440   stm32f4xx_it.o
        84         18         24          4          0       1195   system_stm32f4xx.o
       168         38          0          0         60       4717   systemstate.o
      1974        148          0         60        240      21241   tasks.o
       412         42          0          0        192       3038   tim.o
       814         90          0          0        448       6662   usart.o

    ----------------------------------------------------------------------
     22182       1638       1420        260      20548    1045414   Object Totals
         0          0         32          0          0          0   (incl. Generated)
        30          0          2          7          4          0   (incl. Padding)

    ----------------------------------------------------------------------

      Code (inc. data)   RO Data    RW Data    ZI Data      Debug   Library Member Name

         0          0       2052          0          0       4636   arm_common_tables.o
       260         18          0          0          0      17142   arm_sin_cos_f32.o
         0          0          0          0          0          0   entry.o
         0          0          0          0          0          0   entry10a.o
         0          0          0          0          0          0   entry11a.o
         8          4          0          0          0          0   entry2.o
         4          0          0          0          0          0   entry5.o
         0          0          0          0          0          0   entry7b.o
         0          0          0          0          0          0   entry8b.o
         8          4          0          0          0          0   entry9a.o
        30          0          0          0          0          0   handlers.o
        36          8          0          0          0         68   init.o
         0          0          0          0          0          0   iusefp.o
        30          0          0          0          0         68   llshl.o
        36          0          0          0          0         68   llsshr.o
        32          0          0          0          0         68   llushr.o
        36          0          0          0          0         68   memcpya.o
        36          0          0          0          0        108   memseta.o
        98          0          0          0          0         92   uldiv.o
        48          0          0          0          0         68   cdcmple.o
        56          0          0          0          0         88   d2f.o
       334          0          0          0          0        148   dadd.o
       222          0          0          0          0        100   ddiv.o
       186          0          0          0          0        176   depilogue.o
        34          0          0          0          0         76   dflti.o
        26          0          0          0          0         76   dfltui.o
       228          0          0          0          0         96   dmul.o
        38          0          0          0          0         68   f2d.o
       110          0          0          0          0        168   fepilogue.o

    ----------------------------------------------------------------------
      1898         34       2052          0          0      23382   Library Totals
         2          0          0          0          0          0   (incl. Padding)

    ----------------------------------------------------------------------

      Code (inc. data)   RO Data    RW Data    ZI Data      Debug   Library Name

       260         18       2052          0          0      21778   arm_cortexM4lf_math.lib
       354         16          0          0          0        540   mc_w.l
      1282          0          0          0          0       1064   mf_w.l

    ----------------------------------------------------------------------
      1898         34       2052          0          0      23382   Library Totals

    ----------------------------------------------------------------------

==============================================================================


      Code (inc. data)   RO Data    RW Data    ZI Data      Debug   

     24080       1672       3472        260      20548    1047672   Grand Totals
     24080       1672       3472        260      20548    1047672   ELF Image Totals
     24080       1672       3472        260          0          0   ROM Totals

==============================================================================

    Total RO  Size (Code + RO Data)                27552 (  26.91kB)
    Total RW  Size (RW Data + ZI Data)             20808 (  20.32kB)
    Total ROM Size (Code + RO Data + RW Data)      27812 (  27.16kB)

==============================================================================

